<html>
<body>
<pre>
<h1>礦ision Build Log</h1>
<h2>Tool Versions:</h2>
IDE-Version: μVision V5.23.0.0
Copyright (C) 2017 ARM Ltd and ARM Germany GmbH. All rights reserved.
License Information: 1 1256830708@qq.com, 1, LIC=03C6R-KJJJ8-TGR7T-RYVW6-88HHX-73FUE
 
Tool Versions:
Toolchain:       MDK-ARM Plus  Version: 5.23
Toolchain Path:  D:\Keil_v5\ARM\ARMCC\Bin
C Compiler:      Armcc.exe V5.06 update 4 (build 422)
Assembler:       Armasm.exe V5.06 update 4 (build 422)
Linker/Locator:  ArmLink.exe V5.06 update 4 (build 422)
Library Manager: ArmAr.exe V5.06 update 4 (build 422)
Hex Converter:   FromElf.exe V5.06 update 4 (build 422)
CPU DLL:         SARMCM3.DLL V5.23
Dialog DLL:      DCM.DLL V1.15.0.0
Target DLL:      Segger\JL2CM3.dll V2.99.23.0
Dialog DLL:      TCM.DLL V1.27.0.0
 
<h2>Project:</h2>
D:\AAA.CUBOT 河某汇总\B.CUBOT河某Code汇总\1. 河某超级电容代码\钳位\MDK-ARM\F334_series.uvprojx
Project File Date:  07/21/2023

<h2>Output:</h2>
*** Using Compiler 'V5.06 update 4 (build 422)', folder: 'D:\Keil_v5\ARM\ARMCC\Bin'
Build target 'F334_series'
compiling hrtim.c...
compiling gpio.c...
compiling usart.c...
compiling stm32f3xx_hal.c...
compiling adc.c...
compiling stm32f3xx_hal_msp.c...
compiling stm32f3xx_hal_adc.c...
compiling main.c...
compiling stm32f3xx_hal_rcc_ex.c...
compiling tim.c...
compiling stm32f3xx_it.c...
compiling dma.c...
compiling stm32f3xx_hal_rcc.c...
compiling can.c...
compiling stm32f3xx_hal_gpio.c...
compiling stm32f3xx_hal_adc_ex.c...
compiling stm32f3xx_hal_uart_ex.c...
compiling stm32f3xx_hal_dma.c...
compiling stm32f3xx_hal_tim_ex.c...
compiling stm32f3xx_hal_i2c.c...
compiling stm32f3xx_hal_cortex.c...
compiling stm32f3xx_hal_pwr_ex.c...
compiling system_stm32f3xx.c...
compiling stm32f3xx_hal_i2c_ex.c...
compiling stm32f3xx_hal_exti.c...
compiling stm32f3xx_hal_can.c...
compiling stm32f3xx_hal_flash_ex.c...
compiling stm32f3xx_hal_pwr.c...
compiling stm32f3xx_hal_flash.c...
compiling stm32f3xx_hal_tim.c...
compiling stm32f3xx_hal_uart.c...
compiling stm32f3xx_hal_hrtim.c...
compiling drv_pid.c...
compiling power_calc.c...
compiling filter.c...
compiling program.c...
compiling function.c...
linking...
Program Size: Code=21980 RO-data=480 RW-data=72 ZI-data=2552  
FromELF: creating hex file...
"F334_series\F334_series.axf" - 0 Error(s), 0 Warning(s).

<h2>Software Packages used:</h2>

Package Vendor: ARM
                http://www.keil.com/pack/ARM.CMSIS.5.0.1.pack
                ARM::CMSIS:CORE:5.0.1
                CMSIS (Cortex Microcontroller Software Interface Standard)
   * Component: CORE Version: 5.0.1

<h2>Collection of Component include folders:</h2>
  .\RTE\_F334_series
  D:\Keil_v5\ARM\PACK\ARM\CMSIS\5.0.1\CMSIS\Include
  D:\Keil_v5\ARM\PACK\Keil\STM32F3xx_DFP\2.2.2\Drivers\CMSIS\Device\ST\STM32F3xx\Include

<h2>Collection of Component Files used:</h2>

   * Component: ARM::CMSIS:CORE:5.0.1
Build Time Elapsed:  00:00:27
</pre>
</body>
</html>
