Component: ARM Compiler 5.06 update 4 (build 422) Tool: armlink [4d35d2]

==============================================================================

Section Cross References

    startup_stm32f334x8.o(RESET) refers to startup_stm32f334x8.o(STACK) for __initial_sp
    startup_stm32f334x8.o(RESET) refers to startup_stm32f334x8.o(.text) for Reset_Handler
    startup_stm32f334x8.o(RESET) refers to stm32f3xx_it.o(i.NMI_Handler) for NMI_Handler
    startup_stm32f334x8.o(RESET) refers to stm32f3xx_it.o(i.HardFault_Handler) for HardFault_Handler
    startup_stm32f334x8.o(RESET) refers to stm32f3xx_it.o(i.MemManage_Handler) for MemManage_Handler
    startup_stm32f334x8.o(RESET) refers to stm32f3xx_it.o(i.BusFault_Handler) for BusFault_Handler
    startup_stm32f334x8.o(RESET) refers to stm32f3xx_it.o(i.UsageFault_Handler) for UsageFault_Handler
    startup_stm32f334x8.o(RESET) refers to stm32f3xx_it.o(i.SVC_Handler) for SVC_Handler
    startup_stm32f334x8.o(RESET) refers to stm32f3xx_it.o(i.DebugMon_Handler) for DebugMon_Handler
    startup_stm32f334x8.o(RESET) refers to stm32f3xx_it.o(i.PendSV_Handler) for PendSV_Handler
    startup_stm32f334x8.o(RESET) refers to stm32f3xx_it.o(i.SysTick_Handler) for SysTick_Handler
    startup_stm32f334x8.o(RESET) refers to stm32f3xx_it.o(i.DMA1_Channel1_IRQHandler) for DMA1_Channel1_IRQHandler
    startup_stm32f334x8.o(RESET) refers to stm32f3xx_it.o(i.DMA1_Channel7_IRQHandler) for DMA1_Channel7_IRQHandler
    startup_stm32f334x8.o(RESET) refers to stm32f3xx_it.o(i.ADC1_2_IRQHandler) for ADC1_2_IRQHandler
    startup_stm32f334x8.o(RESET) refers to stm32f3xx_it.o(i.CAN_RX0_IRQHandler) for CAN_RX0_IRQHandler
    startup_stm32f334x8.o(RESET) refers to stm32f3xx_it.o(i.TIM2_IRQHandler) for TIM2_IRQHandler
    startup_stm32f334x8.o(.text) refers to system_stm32f3xx.o(i.SystemInit) for SystemInit
    startup_stm32f334x8.o(.text) refers to entry.o(.ARM.Collect$$$$00000000) for __main
    main.o(i.SystemClock_Config) refers to memseta.o(.text) for __aeabi_memclr4
    main.o(i.SystemClock_Config) refers to stm32f3xx_hal_rcc.o(i.HAL_RCC_OscConfig) for HAL_RCC_OscConfig
    main.o(i.SystemClock_Config) refers to main.o(i.Error_Handler) for Error_Handler
    main.o(i.SystemClock_Config) refers to stm32f3xx_hal_rcc.o(i.HAL_RCC_ClockConfig) for HAL_RCC_ClockConfig
    main.o(i.SystemClock_Config) refers to stm32f3xx_hal_rcc_ex.o(i.HAL_RCCEx_PeriphCLKConfig) for HAL_RCCEx_PeriphCLKConfig
    main.o(i.main) refers to stm32f3xx_hal.o(i.HAL_Init) for HAL_Init
    main.o(i.main) refers to main.o(i.SystemClock_Config) for SystemClock_Config
    main.o(i.main) refers to gpio.o(i.MX_GPIO_Init) for MX_GPIO_Init
    main.o(i.main) refers to dma.o(i.MX_DMA_Init) for MX_DMA_Init
    main.o(i.main) refers to adc.o(i.MX_ADC1_Init) for MX_ADC1_Init
    main.o(i.main) refers to hrtim.o(i.MX_HRTIM1_Init) for MX_HRTIM1_Init
    main.o(i.main) refers to tim.o(i.MX_TIM2_Init) for MX_TIM2_Init
    main.o(i.main) refers to usart.o(i.MX_USART2_UART_Init) for MX_USART2_UART_Init
    main.o(i.main) refers to can.o(i.MX_CAN_Init) for MX_CAN_Init
    main.o(i.main) refers to program.o(i.WorkInit) for WorkInit
    gpio.o(i.MX_GPIO_Init) refers to memseta.o(.text) for __aeabi_memclr4
    gpio.o(i.MX_GPIO_Init) refers to stm32f3xx_hal_gpio.o(i.HAL_GPIO_WritePin) for HAL_GPIO_WritePin
    gpio.o(i.MX_GPIO_Init) refers to stm32f3xx_hal_gpio.o(i.HAL_GPIO_Init) for HAL_GPIO_Init
    adc.o(i.HAL_ADC_MspDeInit) refers to stm32f3xx_hal_gpio.o(i.HAL_GPIO_DeInit) for HAL_GPIO_DeInit
    adc.o(i.HAL_ADC_MspDeInit) refers to stm32f3xx_hal_dma.o(i.HAL_DMA_DeInit) for HAL_DMA_DeInit
    adc.o(i.HAL_ADC_MspDeInit) refers to stm32f3xx_hal_cortex.o(i.HAL_NVIC_DisableIRQ) for HAL_NVIC_DisableIRQ
    adc.o(i.HAL_ADC_MspInit) refers to memseta.o(.text) for __aeabi_memclr4
    adc.o(i.HAL_ADC_MspInit) refers to stm32f3xx_hal_gpio.o(i.HAL_GPIO_Init) for HAL_GPIO_Init
    adc.o(i.HAL_ADC_MspInit) refers to stm32f3xx_hal_dma.o(i.HAL_DMA_Init) for HAL_DMA_Init
    adc.o(i.HAL_ADC_MspInit) refers to main.o(i.Error_Handler) for Error_Handler
    adc.o(i.HAL_ADC_MspInit) refers to stm32f3xx_hal_cortex.o(i.HAL_NVIC_SetPriority) for HAL_NVIC_SetPriority
    adc.o(i.HAL_ADC_MspInit) refers to stm32f3xx_hal_cortex.o(i.HAL_NVIC_EnableIRQ) for HAL_NVIC_EnableIRQ
    adc.o(i.HAL_ADC_MspInit) refers to adc.o(.bss) for hdma_adc1
    adc.o(i.MX_ADC1_Init) refers to memseta.o(.text) for __aeabi_memclr4
    adc.o(i.MX_ADC1_Init) refers to stm32f3xx_hal_adc_ex.o(i.HAL_ADC_Init) for HAL_ADC_Init
    adc.o(i.MX_ADC1_Init) refers to main.o(i.Error_Handler) for Error_Handler
    adc.o(i.MX_ADC1_Init) refers to stm32f3xx_hal_adc_ex.o(i.HAL_ADCEx_MultiModeConfigChannel) for HAL_ADCEx_MultiModeConfigChannel
    adc.o(i.MX_ADC1_Init) refers to stm32f3xx_hal_adc_ex.o(i.HAL_ADC_ConfigChannel) for HAL_ADC_ConfigChannel
    adc.o(i.MX_ADC1_Init) refers to adc.o(.bss) for hadc1
[...]
    i.CAN_SendData                           0x08000fbc   Section        0  drv_can.o(i.CAN_SendData)
    i.DMA1_Channel1_IRQHandler               0x08001064   Section        0  stm32f3xx_it.o(i.DMA1_Channel1_IRQHandler)
    i.DMA1_Channel7_IRQHandler               0x08001074   Section        0  stm32f3xx_it.o(i.DMA1_Channel7_IRQHandler)
    i.DMA_CalcBaseAndBitshift                0x08001084   Section        0  stm32f3xx_hal_dma.o(i.DMA_CalcBaseAndBitshift)
    DMA_CalcBaseAndBitshift                  0x08001085   Thumb Code    24  stm32f3xx_hal_dma.o(i.DMA_CalcBaseAndBitshift)
    i.DMA_SetConfig                          0x080010a0   Section        0  stm32f3xx_hal_dma.o(i.DMA_SetConfig)
    DMA_SetConfig                            0x080010a1   Thumb Code    44  stm32f3xx_hal_dma.o(i.DMA_SetConfig)
    i.DRMode                                 0x080010cc   Section        0  function.o(i.DRMode)
    i.DebugMon_Handler                       0x08001164   Section        0  stm32f3xx_it.o(i.DebugMon_Handler)
    i.DetectMErr                             0x08001166   Section        0  function.o(i.DetectMErr)
    i.Error_Handler                          0x0800116e   Section        0  main.o(i.Error_Handler)
    i.HAL_ADCEx_Calibration_Start            0x08001174   Section        0  stm32f3xx_hal_adc_ex.o(i.HAL_ADCEx_Calibration_Start)
    i.HAL_ADCEx_InjectedConvCpltCallback     0x08001230   Section        0  stm32f3xx_hal_adc_ex.o(i.HAL_ADCEx_InjectedConvCpltCallback)
    i.HAL_ADCEx_InjectedQueueOverflowCallback 0x08001232   Section        0  stm32f3xx_hal_adc_ex.o(i.HAL_ADCEx_InjectedQueueOverflowCallback)
    i.HAL_ADCEx_LevelOutOfWindow2Callback    0x08001234   Section        0  stm32f3xx_hal_adc_ex.o(i.HAL_ADCEx_LevelOutOfWindow2Callback)
    i.HAL_ADCEx_LevelOutOfWindow3Callback    0x08001236   Section        0  stm32f3xx_hal_adc_ex.o(i.HAL_ADCEx_LevelOutOfWindow3Callback)
    i.HAL_ADCEx_MultiModeConfigChannel       0x08001238   Section        0  stm32f3xx_hal_adc_ex.o(i.HAL_ADCEx_MultiModeConfigChannel)
    i.HAL_ADC_ConfigChannel                  0x08001374   Section        0  stm32f3xx_hal_adc_ex.o(i.HAL_ADC_ConfigChannel)
    i.HAL_ADC_ConvCpltCallback               0x08001790   Section        0  power_calc.o(i.HAL_ADC_ConvCpltCallback)
    i.HAL_ADC_ConvHalfCpltCallback           0x080018f4   Section        0  stm32f3xx_hal_adc.o(i.HAL_ADC_ConvHalfCpltCallback)
    i.HAL_ADC_ErrorCallback                  0x080018f6   Section        0  stm32f3xx_hal_adc.o(i.HAL_ADC_ErrorCallback)
    i.HAL_ADC_IRQHandler                     0x080018f8   Section        0  stm32f3xx_hal_adc_ex.o(i.HAL_ADC_IRQHandler)
    i.HAL_ADC_Init                           0x08001c10   Section        0  stm32f3xx_hal_adc_ex.o(i.HAL_ADC_Init)
    i.HAL_ADC_LevelOutOfWindowCallback       0x08001e64   Section        0  stm32f3xx_hal_adc.o(i.HAL_ADC_LevelOutOfWindowCallback)
    i.HAL_ADC_MspInit                        0x08001e68   Section        0  adc.o(i.HAL_ADC_MspInit)
    i.HAL_ADC_Start_DMA                      0x08001f58   Section        0  stm32f3xx_hal_adc_ex.o(i.HAL_ADC_Start_DMA)
    i.HAL_CAN_ActivateNotification           0x080020c0   Section        0  stm32f3xx_hal_can.o(i.HAL_CAN_ActivateNotification)
    i.HAL_CAN_AddTxMessage                   0x080020ea   Section        0  stm32f3xx_hal_can.o(i.HAL_CAN_AddTxMessage)
    i.HAL_CAN_ConfigFilter                   0x08002234   Section        0  stm32f3xx_hal_can.o(i.HAL_CAN_ConfigFilter)
    i.HAL_CAN_ErrorCallback                  0x0800233e   Section        0  stm32f3xx_hal_can.o(i.HAL_CAN_ErrorCallback)
    i.HAL_CAN_GetRxMessage                   0x08002340   Section        0  stm32f3xx_hal_can.o(i.HAL_CAN_GetRxMessage)
    i.HAL_CAN_IRQHandler                     0x080024d4   Section        0  stm32f3xx_hal_can.o(i.HAL_CAN_IRQHandler)
    i.HAL_CAN_Init                           0x08002722   Section        0  stm32f3xx_hal_can.o(i.HAL_CAN_Init)
    i.HAL_CAN_MspInit                        0x08002898   Section        0  can.o(i.HAL_CAN_MspInit)
    i.HAL_CAN_RxFifo0FullCallback            0x08002920   Section        0  stm32f3xx_hal_can.o(i.HAL_CAN_RxFifo0FullCallback)
    i.HAL_CAN_RxFifo0MsgPendingCallback      0x08002924   Section        0  drv_can.o(i.HAL_CAN_RxFifo0MsgPendingCallback)
    i.HAL_CAN_RxFifo1FullCallback            0x08002938   Section        0  stm32f3xx_hal_can.o(i.HAL_CAN_RxFifo1FullCallback)
    i.HAL_CAN_RxFifo1MsgPendingCallback      0x0800293a   Section        0  stm32f3xx_hal_can.o(i.HAL_CAN_RxFifo1MsgPendingCallback)
    i.HAL_CAN_SleepCallback                  0x0800293c   Section        0  stm32f3xx_hal_can.o(i.HAL_CAN_SleepCallback)
    i.HAL_CAN_Start                          0x0800293e   Section        0  stm32f3xx_hal_can.o(i.HAL_CAN_Start)
    i.HAL_CAN_TxMailbox0AbortCallback        0x0800299c   Section        0  stm32f3xx_hal_can.o(i.HAL_CAN_TxMailbox0AbortCallback)
    i.HAL_CAN_TxMailbox0CompleteCallback     0x0800299e   Section        0  stm32f3xx_hal_can.o(i.HAL_CAN_TxMailbox0CompleteCallback)
    i.HAL_CAN_TxMailbox1AbortCallback        0x080029a0   Section        0  stm32f3xx_hal_can.o(i.HAL_CAN_TxMailbox1AbortCallback)
    i.HAL_CAN_TxMailbox1CompleteCallback     0x080029a2   Section        0  stm32f3xx_hal_can.o(i.HAL_CAN_TxMailbox1CompleteCallback)
    i.HAL_CAN_TxMailbox2AbortCallback        0x080029a4   Section        0  stm32f3xx_hal_can.o(i.HAL_CAN_TxMailbox2AbortCallback)
    i.HAL_CAN_TxMailbox2CompleteCallback     0x080029a6   Section        0  stm32f3xx_hal_can.o(i.HAL_CAN_TxMailbox2CompleteCallback)
    i.HAL_CAN_WakeUpFromRxMsgCallback        0x080029a8   Section        0  stm32f3xx_hal_can.o(i.HAL_CAN_WakeUpFromRxMsgCallback)
    i.HAL_DMA_IRQHandler                     0x080029aa   Section        0  stm32f3xx_hal_dma.o(i.HAL_DMA_IRQHandler)
    i.HAL_DMA_Init                           0x08002a90   Section        0  stm32f3xx_hal_dma.o(i.HAL_DMA_Init)
    i.HAL_DMA_Start_IT                       0x08002ae6   Section        0  stm32f3xx_hal_dma.o(i.HAL_DMA_Start_IT)
    i.HAL_Delay                              0x08002b84   Section        0  stm32f3xx_hal.o(i.HAL_Delay)
    i.HAL_GPIO_Init                          0x08002bac   Section        0  stm32f3xx_hal_gpio.o(i.HAL_GPIO_Init)
    i.HAL_GPIO_TogglePin                     0x08002d5c   Section        0  stm32f3xx_hal_gpio.o(i.HAL_GPIO_TogglePin)
    i.HAL_GPIO_WritePin                      0x08002d70   Section        0  stm32f3xx_hal_gpio.o(i.HAL_GPIO_WritePin)
    i.HAL_GetTick                            0x08002d7c   Section        0  stm32f3xx_hal.o(i.HAL_GetTick)
    i.HAL_HRTIM_DLLCalibrationStart          0x08002d88   Section        0  stm32f3xx_hal_hrtim.o(i.HAL_HRTIM_DLLCalibrationStart)
    i.HAL_HRTIM_DeadTimeConfig               0x08002e08   Section        0  stm32f3xx_hal_hrtim.o(i.HAL_HRTIM_DeadTimeConfig)
    i.HAL_HRTIM_Init                         0x08002eb4   Section        0  stm32f3xx_hal_hrtim.o(i.HAL_HRTIM_Init)
    i.HAL_HRTIM_MspInit                      0x08002fbc   Section        0  hrtim.o(i.HAL_HRTIM_MspInit)
    i.HAL_HRTIM_MspPostInit                  0x08002fec   Section        0  hrtim.o(i.HAL_HRTIM_MspPostInit)
    i.HAL_HRTIM_PollForDLLCalibration        0x08003088   Section        0  stm32f3xx_hal_hrtim.o(i.HAL_HRTIM_PollForDLLCalibration)
    i.HAL_HRTIM_TimeBaseConfig               0x080030d2   Section        0  stm32f3xx_hal_hrtim.o(i.HAL_HRTIM_TimeBaseConfig)
    i.HAL_HRTIM_WaveformCompareConfig        0x0800310c   Section        0  stm32f3xx_hal_hrtim.o(i.HAL_HRTIM_WaveformCompareConfig)
    i.HAL_HRTIM_WaveformCountStart           0x08003304   Section        0  stm32f3xx_hal_hrtim.o(i.HAL_HRTIM_WaveformCountStart)
    i.HAL_HRTIM_WaveformOutputConfig         0x08003340   Section        0  stm32f3xx_hal_hrtim.o(i.HAL_HRTIM_WaveformOutputConfig)
    i.HAL_HRTIM_WaveformOutputStart          0x08003394   Section        0  stm32f3xx_hal_hrtim.o(i.HAL_HRTIM_WaveformOutputStart)
    i.HAL_HRTIM_WaveformOutputStop           0x080033d4   Section        0  stm32f3xx_hal_hrtim.o(i.HAL_HRTIM_WaveformOutputStop)
    i.HAL_HRTIM_WaveformTimerConfig          0x08003414   Section        0  stm32f3xx_hal_hrtim.o(i.HAL_HRTIM_WaveformTimerConfig)
    i.HAL_IncTick                            0x080034c8   Section        0  stm32f3xx_hal.o(i.HAL_IncTick)
    i.HAL_Init                               0x080034e0   Section        0  stm32f3xx_hal.o(i.HAL_Init)
    i.HAL_InitTick                           0x08003508   Section        0  stm32f3xx_hal.o(i.HAL_InitTick)
    i.HAL_MspInit                            0x08003554   Section        0  stm32f3xx_hal_msp.o(i.HAL_MspInit)
    i.HAL_NVIC_EnableIRQ                     0x08003594   Section        0  stm32f3xx_hal_cortex.o(i.HAL_NVIC_EnableIRQ)
    i.HAL_NVIC_SetPriority                   0x080035b4   Section        0  stm32f3xx_hal_cortex.o(i.HAL_NVIC_SetPriority)
    i.HAL_NVIC_SetPriorityGrouping           0x08003630   Section        0  stm32f3xx_hal_cortex.o(i.HAL_NVIC_SetPriorityGrouping)
    i.HAL_RCCEx_PeriphCLKConfig              0x08003658   Section        0  stm32f3xx_hal_rcc_ex.o(i.HAL_RCCEx_PeriphCLKConfig)
    i.HAL_RCC_ClockConfig                    0x08003864   Section        0  stm32f3xx_hal_rcc.o(i.HAL_RCC_ClockConfig)
    i.HAL_RCC_GetHCLKFreq                    0x08003b10   Section        0  stm32f3xx_hal_rcc.o(i.HAL_RCC_GetHCLKFreq)
    i.HAL_RCC_GetPCLK1Freq                   0x08003b1c   Section        0  stm32f3xx_hal_rcc.o(i.HAL_RCC_GetPCLK1Freq)
    i.HAL_RCC_GetPCLK2Freq                   0x08003b48   Section        0  stm32f3xx_hal_rcc.o(i.HAL_RCC_GetPCLK2Freq)
    i.HAL_RCC_GetSysClockFreq                0x08003b74   Section        0  stm32f3xx_hal_rcc.o(i.HAL_RCC_GetSysClockFreq)
    i.HAL_RCC_OscConfig                      0x08003c14   Section        0  stm32f3xx_hal_rcc.o(i.HAL_RCC_OscConfig)
    i.HAL_SYSTICK_Config                     0x08004638   Section        0  stm32f3xx_hal_cortex.o(i.HAL_SYSTICK_Config)
    i.HAL_TIMEx_Break2Callback               0x0800466c   Section        0  stm32f3xx_hal_tim_ex.o(i.HAL_TIMEx_Break2Callback)
    i.HAL_TIMEx_BreakCallback                0x0800466e   Section        0  stm32f3xx_hal_tim_ex.o(i.HAL_TIMEx_BreakCallback)
    i.HAL_TIMEx_CommutCallback               0x08004670   Section        0  stm32f3xx_hal_tim_ex.o(i.HAL_TIMEx_CommutCallback)
    i.HAL_TIMEx_MasterConfigSynchronization  0x08004674   Section        0  stm32f3xx_hal_tim_ex.o(i.HAL_TIMEx_MasterConfigSynchronization)
    i.HAL_TIM_Base_Init                      0x08004708   Section        0  stm32f3xx_hal_tim.o(i.HAL_TIM_Base_Init)
    i.HAL_TIM_Base_MspInit                   0x08004778   Section        0  tim.o(i.HAL_TIM_Base_MspInit)
    i.HAL_TIM_Base_Start_IT                  0x080047b8   Section        0  stm32f3xx_hal_tim.o(i.HAL_TIM_Base_Start_IT)
    i.HAL_TIM_ConfigClockSource              0x0800483c   Section        0  stm32f3xx_hal_tim.o(i.HAL_TIM_ConfigClockSource)
    i.HAL_TIM_IC_CaptureCallback             0x0800494c   Section        0  stm32f3xx_hal_tim.o(i.HAL_TIM_IC_CaptureCallback)
    i.HAL_TIM_IRQHandler                     0x0800494e   Section        0  stm32f3xx_hal_tim.o(i.HAL_TIM_IRQHandler)
    i.HAL_TIM_OC_DelayElapsedCallback        0x08004b06   Section        0  stm32f3xx_hal_tim.o(i.HAL_TIM_OC_DelayElapsedCallback)
    i.HAL_TIM_PWM_PulseFinishedCallback      0x08004b08   Section        0  stm32f3xx_hal_tim.o(i.HAL_TIM_PWM_PulseFinishedCallback)
    i.HAL_TIM_PeriodElapsedCallback          0x08004b0c   Section        0  program.o(i.HAL_TIM_PeriodElapsedCallback)
    i.HAL_TIM_TriggerCallback                0x08004c20   Section        0  stm32f3xx_hal_tim.o(i.HAL_TIM_TriggerCallback)
    i.HAL_UARTEx_RxEventCallback             0x08004c22   Section        0  stm32f3xx_hal_uart.o(i.HAL_UARTEx_RxEventCallback)
    i.HAL_UART_ErrorCallback                 0x08004c24   Section        0  stm32f3xx_hal_uart.o(i.HAL_UART_ErrorCallback)
    i.HAL_UART_Init                          0x08004c26   Section        0  stm32f3xx_hal_uart.o(i.HAL_UART_Init)
    i.HAL_UART_MspInit                       0x08004c9c   Section        0  usart.o(i.HAL_UART_MspInit)
    i.HAL_UART_Receive_DMA                   0x08004d50   Section        0  stm32f3xx_hal_uart.o(i.HAL_UART_Receive_DMA)
    i.HAL_UART_RxCpltCallback                0x08004da0   Section        0  drv_usart.o(i.HAL_UART_RxCpltCallback)
    i.HAL_UART_RxHalfCpltCallback            0x08004da2   Section        0  stm32f3xx_hal_uart.o(i.HAL_UART_RxHalfCpltCallback)
    i.HAL_UART_Transmit                      0x08004da4   Section        0  stm32f3xx_hal_uart.o(i.HAL_UART_Transmit)
    i.HRTIM_ForceRegistersUpdate             0x08004e5e   Section        0  stm32f3xx_hal_hrtim.o(i.HRTIM_ForceRegistersUpdate)
    HRTIM_ForceRegistersUpdate               0x08004e5f   Thumb Code   128  stm32f3xx_hal_hrtim.o(i.HRTIM_ForceRegistersUpdate)
    i.HRTIM_MasterBase_Config                0x08004ede   Section        0  stm32f3xx_hal_hrtim.o(i.HRTIM_MasterBase_Config)
    HRTIM_MasterBase_Config                  0x08004edf   Thumb Code    40  stm32f3xx_hal_hrtim.o(i.HRTIM_MasterBase_Config)
    i.HRTIM_MasterWaveform_Config            0x08004f06   Section        0  stm32f3xx_hal_hrtim.o(i.HRTIM_MasterWaveform_Config)
    HRTIM_MasterWaveform_Config              0x08004f07   Thumb Code    92  stm32f3xx_hal_hrtim.o(i.HRTIM_MasterWaveform_Config)
    i.HRTIM_OutputConfig                     0x08004f62   Section        0  stm32f3xx_hal_hrtim.o(i.HRTIM_OutputConfig)
    HRTIM_OutputConfig                       0x08004f63   Thumb Code   242  stm32f3xx_hal_hrtim.o(i.HRTIM_OutputConfig)
    i.HRTIM_TimingUnitBase_Config            0x08005054   Section        0  stm32f3xx_hal_hrtim.o(i.HRTIM_TimingUnitBase_Config)
    HRTIM_TimingUnitBase_Config              0x08005055   Thumb Code    64  stm32f3xx_hal_hrtim.o(i.HRTIM_TimingUnitBase_Config)
    i.HRTIM_TimingUnitWaveform_Config        0x08005094   Section        0  stm32f3xx_hal_hrtim.o(i.HRTIM_TimingUnitWaveform_Config)
    HRTIM_TimingUnitWaveform_Config          0x08005095   Thumb Code   482  stm32f3xx_hal_hrtim.o(i.HRTIM_TimingUnitWaveform_Config)
    i.HardFault_Handler                      0x08005276   Section        0  stm32f3xx_it.o(i.HardFault_Handler)
    i.IncrementalPID_Clear                   0x0800527c   Section        0  drv_pid.o(i.IncrementalPID_Clear)
    i.IncrementalPID_ClearWithoutOutput      0x080052bc   Section        0  drv_pid.o(i.IncrementalPID_ClearWithoutOutput)
    i.IncrementalPID_Compute                 0x080052ec   Section        0  drv_pid.o(i.IncrementalPID_Compute)
    i.IncrementalPID_Init                    0x080053f4   Section        0  drv_pid.o(i.IncrementalPID_Init)
    i.LED_OFF                                0x08005430   Section        0  function.o(i.LED_OFF)
    i.LED_ON                                 0x08005468   Section        0  function.o(i.LED_ON)
    i.LED_Toggle                             0x080054a4   Section        0  function.o(i.LED_Toggle)
    i.MX_ADC1_Init                           0x080054d8   Section        0  adc.o(i.MX_ADC1_Init)
    i.MX_CAN_Init                            0x080055cc   Section        0  can.o(i.MX_CAN_Init)
    i.MX_DMA_Init                            0x08005614   Section        0  dma.o(i.MX_DMA_Init)
    i.MX_GPIO_Init                           0x08005658   Section        0  gpio.o(i.MX_GPIO_Init)
    i.MX_HRTIM1_Init                         0x08005708   Section        0  hrtim.o(i.MX_HRTIM1_Init)
    i.MX_TIM2_Init                           0x08005960   Section        0  tim.o(i.MX_TIM2_Init)
    i.MX_USART2_UART_Init                    0x080059cc   Section        0  usart.o(i.MX_USART2_UART_Init)
    i.MemManage_Handler                      0x08005a0c   Section        0  stm32f3xx_it.o(i.MemManage_Handler)
    i.NMI_Handler                            0x08005a10   Section        0  stm32f3xx_it.o(i.NMI_Handler)
    i.PendSV_Handler                         0x08005a14   Section        0  stm32f3xx_it.o(i.PendSV_Handler)
    i.SVC_Handler                            0x08005a16   Section        0  stm32f3xx_it.o(i.SVC_Handler)
    i.ShortOff                               0x08005a18   Section        0  function.o(i.ShortOff)
    i.StateM                                 0x08005ae0   Section        0  function.o(i.StateM)
    i.StateMErr                              0x08005b1c   Section        0  function.o(i.StateMErr)
    i.StateMInit                             0x08005b4c   Section        0  function.o(i.StateMInit)
    i.StateMRise                             0x08005b60   Section        0  function.o(i.StateMRise)
    i.StateMRun                              0x08005df8   Section        0  function.o(i.StateMRun)
    i.StateMWait                             0x08005e0c   Section        0  function.o(i.StateMWait)
    i.SysTick_Handler                        0x08005e50   Section        0  stm32f3xx_it.o(i.SysTick_Handler)
    i.SystemClock_Config                     0x08005e58   Section        0  main.o(i.SystemClock_Config)
    i.SystemInit                             0x08005edc   Section        0  system_stm32f3xx.o(i.SystemInit)
    i.TIM2_IRQHandler                        0x08005ef0   Section        0  stm32f3xx_it.o(i.TIM2_IRQHandler)
    i.TIM_Base_SetConfig                     0x08005f00   Section        0  stm32f3xx_hal_tim.o(i.TIM_Base_SetConfig)
    i.TIM_ETR_SetConfig                      0x08005f94   Section        0  stm32f3xx_hal_tim.o(i.TIM_ETR_SetConfig)
    i.TIM_ITRx_SetConfig                     0x08005faa   Section        0  stm32f3xx_hal_tim.o(i.TIM_ITRx_SetConfig)
    TIM_ITRx_SetConfig                       0x08005fab   Thumb Code    18  stm32f3xx_hal_tim.o(i.TIM_ITRx_SetConfig)
    i.TIM_TI1_ConfigInputStage               0x08005fbc   Section        0  stm32f3xx_hal_tim.o(i.TIM_TI1_ConfigInputStage)
    TIM_TI1_ConfigInputStage                 0x08005fbd   Thumb Code    38  stm32f3xx_hal_tim.o(i.TIM_TI1_ConfigInputStage)
    i.TIM_TI2_ConfigInputStage               0x08005fe2   Section        0  stm32f3xx_hal_tim.o(i.TIM_TI2_ConfigInputStage)
    TIM_TI2_ConfigInputStage                 0x08005fe3   Thumb Code    40  stm32f3xx_hal_tim.o(i.TIM_TI2_ConfigInputStage)
    i.UART2_Open                             0x0800600c   Section        0  drv_usart.o(i.UART2_Open)
    i.UART_AdvFeatureConfig                  0x08006034   Section        0  stm32f3xx_hal_uart.o(i.UART_AdvFeatureConfig)
    i.UART_CheckIdleState                    0x0800612c   Section        0  stm32f3xx_hal_uart.o(i.UART_CheckIdleState)
    i.UART_DMAError                          0x08006212   Section        0  stm32f3xx_hal_uart.o(i.UART_DMAError)
    UART_DMAError                            0x08006213   Thumb Code    92  stm32f3xx_hal_uart.o(i.UART_DMAError)
    i.UART_DMAReceiveCplt                    0x0800626e   Section        0  stm32f3xx_hal_uart.o(i.UART_DMAReceiveCplt)
    UART_DMAReceiveCplt                      0x0800626f   Thumb Code   172  stm32f3xx_hal_uart.o(i.UART_DMAReceiveCplt)
    i.UART_DMARxHalfCplt                     0x0800631a   Section        0  stm32f3xx_hal_uart.o(i.UART_DMARxHalfCplt)
    UART_DMARxHalfCplt                       0x0800631b   Thumb Code    38  stm32f3xx_hal_uart.o(i.UART_DMARxHalfCplt)
    i.UART_EndRxTransfer                     0x08006340   Section        0  stm32f3xx_hal_uart.o(i.UART_EndRxTransfer)
    UART_EndRxTransfer                       0x08006341   Thumb Code   102  stm32f3xx_hal_uart.o(i.UART_EndRxTransfer)
    i.UART_EndTxTransfer                     0x080063a6   Section        0  stm32f3xx_hal_uart.o(i.UART_EndTxTransfer)
    UART_EndTxTransfer                       0x080063a7   Thumb Code    32  stm32f3xx_hal_uart.o(i.UART_EndTxTransfer)
    i.UART_SetConfig                         0x080063c8   Section        0  stm32f3xx_hal_uart.o(i.UART_SetConfig)
    i.UART_Start_Receive_DMA                 0x08006574   Section        0  stm32f3xx_hal_uart.o(i.UART_Start_Receive_DMA)
    i.UART_WaitOnFlagUntilTimeout            0x08006634   Section        0  stm32f3xx_hal_uart.o(i.UART_WaitOnFlagUntilTimeout)
    i.UsageFault_Handler                     0x080066d6   Section        0  stm32f3xx_it.o(i.UsageFault_Handler)
    i.UserADC1_Init                          0x080066dc   Section        0  power_calc.o(i.UserADC1_Init)
    i.User_HRTIM_init                        0x08006700   Section        0  function.o(i.User_HRTIM_init)
    i.ValueInit                              0x08006724   Section        0  function.o(i.ValueInit)
    i.WorkInit                               0x0800679c   Section        0  program.o(i.WorkInit)
    i.__0printf                              0x080067c4   Section        0  printfa.o(i.__0printf)
    i.__NVIC_GetPriorityGrouping             0x080067e4   Section        0  stm32f3xx_hal_cortex.o(i.__NVIC_GetPriorityGrouping)
    __NVIC_GetPriorityGrouping               0x080067e5   Thumb Code    10  stm32f3xx_hal_cortex.o(i.__NVIC_GetPriorityGrouping)
    i.__NVIC_SetPriority                     0x080067f4   Section        0  stm32f3xx_hal_cortex.o(i.__NVIC_SetPriority)
    __NVIC_SetPriority                       0x080067f5   Thumb Code    32  stm32f3xx_hal_cortex.o(i.__NVIC_SetPriority)
    i.__scatterload_copy                     0x0800681c   Section       14  handlers.o(i.__scatterload_copy)
    i.__scatterload_null                     0x0800682a   Section        2  handlers.o(i.__scatterload_null)
    i.__scatterload_zeroinit                 0x0800682c   Section       14  handlers.o(i.__scatterload_zeroinit)
    i._fp_digits                             0x0800683c   Section        0  printfa.o(i._fp_digits)
    _fp_digits                               0x0800683d   Thumb Code   366  printfa.o(i._fp_digits)
    i._printf_core                           0x080069c0   Section        0  printfa.o(i._printf_core)
    _printf_core                             0x080069c1   Thumb Code  1744  printfa.o(i._printf_core)
    i._printf_post_padding                   0x0800709c   Section        0  printfa.o(i._printf_post_padding)
    _printf_post_padding                     0x0800709d   Thumb Code    36  printfa.o(i._printf_post_padding)
    i._printf_pre_padding                    0x080070c0   Section        0  printfa.o(i._printf_pre_padding)
    _printf_pre_padding                      0x080070c1   Thumb Code    46  printfa.o(i._printf_pre_padding)
    i.control_calc                           0x080070f0   Section        0  power_calc.o(i.control_calc)
    i.fputc                                  0x080071c8   Section        0  drv_usart.o(i.fputc)
    i.main                                   0x080071f8   Section        0  main.o(i.main)
    .constdata                               0x08007224   Section       32  stm32f3xx_hal_rcc.o(.constdata)
    aPLLMULFactorTable                       0x08007224   Data          16  stm32f3xx_hal_rcc.o(.constdata)
    aPredivFactorTable                       0x08007234   Data          16  stm32f3xx_hal_rcc.o(.constdata)
    .constdata                               0x08007244   Section       24  system_stm32f3xx.o(.constdata)
    .data                                    0x20000000   Section        9  stm32f3xx_hal.o(.data)
    .data                                    0x2000000c   Section        4  system_stm32f3xx.o(.data)
    .data                                    0x20000010   Section       68  function.o(.data)
    CntS                                     0x20000036   Data           2  function.o(.data)
    Cnt                                      0x20000038   Data           2  function.o(.data)
    BuckMaxDutyCnt                           0x2000003a   Data           2  function.o(.data)
    BoostMaxDutyCnt                          0x2000003c   Data           2  function.o(.data)
    RSCnt                                    0x20000040   Data           4  function.o(.data)
    RSNum                                    0x20000044   Data           1  function.o(.data)
    OCPCnt                                   0x20000046   Data           2  function.o(.data)
    RSCnt                                    0x20000048   Data           2  function.o(.data)
    RSNum                                    0x2000004a   Data           2  function.o(.data)
    OVPCnt                                   0x2000004c   Data           2  function.o(.data)
    UVPCnt                                   0x2000004e   Data           2  function.o(.data)
    RSCnt                                    0x20000050   Data           2  function.o(.data)
    OVPCnt                                   0x20000052   Data           2  function.o(.data)
    .data                                    0x20000054   Section       24  power_calc.o(.data)
    .data                                    0x2000006c   Section        4  program.o(.data)
    .data                                    0x20000070   Section       18  drv_can.o(.data)
    .data                                    0x20000084   Section        4  stdout.o(.data)
    .bss                                     0x20000088   Section      148  adc.o(.bss)
    .bss                                     0x2000011c   Section       40  can.o(.bss)
    .bss                                     0x20000144   Section      220  hrtim.o(.bss)
    .bss                                     0x20000220   Section       76  tim.o(.bss)
    .bss                                     0x2000026c   Section      204  usart.o(.bss)
    .bss                                     0x20000338   Section       14  function.o(.bss)
    .bss                                     0x20000348   Section      228  power_calc.o(.bss)
    .bss                                     0x2000042c   Section      516  drv_pid.o(.bss)
    .bss                                     0x20000630   Section       44  drv_usart.o(.bss)
    STACK                                    0x20000660   Section     1024  startup_stm32f334x8.o(STACK)

    Global Symbols

    Symbol Name                              Value     Ov Type        Size  Object(Section)

    BuildAttributes$$THM_ISAv4$E$P$D$K$B$S$7EM$VFPi3$EXTD16$VFPS$VFMA$PE$A:L22UL41UL21$X:L11$S22US41US21$IEEE1$IW$USESV6$~STKCKD$USESV7$~SHL$OSPACE$ROPI$EBA8$MICROLIB$REQ8$PRES8$EABIv2 0x00000000   Number         0  anon$$obj.o ABSOLUTE
    __ARM_use_no_argv                        0x00000000   Number         0  main.o ABSOLUTE
    _printf_a                                0x00000000   Number         0  stubs.o ABSOLUTE
    _printf_c                                0x00000000   Number         0  stubs.o ABSOLUTE
    _printf_charcount                        0x00000000   Number         0  stubs.o ABSOLUTE
    _printf_d                                0x00000000   Number         0  stubs.o ABSOLUTE
    _printf_e                                0x00000000   Number         0  stubs.o ABSOLUTE
    _printf_f                                0x00000000   Number         0  stubs.o ABSOLUTE
    _printf_flags                            0x00000000   Number         0  stubs.o ABSOLUTE
    _printf_fp_dec                           0x00000000   Number         0  stubs.o ABSOLUTE
    _printf_fp_hex                           0x00000000   Number         0  stubs.o ABSOLUTE
    _printf_g                                0x00000000   Number         0  stubs.o ABSOLUTE
    _printf_i                                0x00000000   Number         0  stubs.o ABSOLUTE
    _printf_int_dec                          0x00000000   Number         0  stubs.o ABSOLUTE
    _printf_l                                0x00000000   Number         0  stubs.o ABSOLUTE
    _printf_lc                               0x00000000   Number         0  stubs.o ABSOLUTE
    _printf_ll                               0x00000000   Number         0  stubs.o ABSOLUTE
    _printf_lld                              0x00000000   Number         0  stubs.o ABSOLUTE
    _printf_lli                              0x00000000   Number         0  stubs.o ABSOLUTE
    _printf_llo                              0x00000000   Number         0  stubs.o ABSOLUTE
    _printf_llu                              0x00000000   Number         0  stubs.o ABSOLUTE
    _printf_llx                              0x00000000   Number         0  stubs.o ABSOLUTE
    _printf_longlong_dec                     0x00000000   Number         0  stubs.o ABSOLUTE
    _printf_longlong_hex                     0x00000000   Number         0  stubs.o ABSOLUTE
    _printf_longlong_oct                     0x00000000   Number         0  stubs.o ABSOLUTE
    _printf_ls                               0x00000000   Number         0  stubs.o ABSOLUTE
    _printf_mbtowc                           0x00000000   Number         0  stubs.o ABSOLUTE
    _printf_n                                0x00000000   Number         0  stubs.o ABSOLUTE
    _printf_o                                0x00000000   Number         0  stubs.o ABSOLUTE
    _printf_p                                0x00000000   Number         0  stubs.o ABSOLUTE
    _printf_percent                          0x00000000   Number         0  stubs.o ABSOLUTE
    _printf_pre_padding                      0x00000000   Number         0  stubs.o ABSOLUTE
    _printf_return_value                     0x00000000   Number         0  stubs.o ABSOLUTE
    _printf_s                                0x00000000   Number         0  stubs.o ABSOLUTE
    _printf_sizespec                         0x00000000   Number         0  stubs.o ABSOLUTE
    _printf_str                              0x00000000   Number         0  stubs.o ABSOLUTE
    _printf_truncate_signed                  0x00000000   Number         0  stubs.o ABSOLUTE
    _printf_truncate_unsigned                0x00000000   Number         0  stubs.o ABSOLUTE
    _printf_u                                0x00000000   Number         0  stubs.o ABSOLUTE
    _printf_wc                               0x00000000   Number         0  stubs.o ABSOLUTE
    _printf_wctomb                           0x00000000   Number         0  stubs.o ABSOLUTE
    _printf_widthprec                        0x00000000   Number         0  stubs.o ABSOLUTE
    _printf_x                                0x00000000   Number         0  stubs.o ABSOLUTE
    __cpp_initialize__aeabi_                  - Undefined Weak Reference
    __cxa_finalize                            - Undefined Weak Reference
    __decompress                              - Undefined Weak Reference
    _clock_init                               - Undefined Weak Reference
    _microlib_exit                            - Undefined Weak Reference
    __Vectors_Size                           0x00000188   Number         0  startup_stm32f334x8.o ABSOLUTE
    __Vectors                                0x08000000   Data           4  startup_stm32f334x8.o(RESET)
    __Vectors_End                            0x08000188   Data           0  startup_stm32f334x8.o(RESET)
    __main                                   0x08000189   Thumb Code     0  entry.o(.ARM.Collect$$$$00000000)
    _main_stk                                0x08000189   Thumb Code     0  entry2.o(.ARM.Collect$$$$00000001)
    _main_scatterload                        0x0800018d   Thumb Code     0  entry5.o(.ARM.Collect$$$$00000004)
    __main_after_scatterload                 0x08000191   Thumb Code     0  entry5.o(.ARM.Collect$$$$00000004)
    _main_clock                              0x08000191   Thumb Code     0  entry7b.o(.ARM.Collect$$$$00000008)
    _main_cpp_init                           0x08000191   Thumb Code     0  entry8b.o(.ARM.Collect$$$$0000000A)
    _main_init                               0x08000191   Thumb Code     0  entry9a.o(.ARM.Collect$$$$0000000B)
    __rt_final_cpp                           0x08000199   Thumb Code     0  entry10a.o(.ARM.Collect$$$$0000000D)
    __rt_final_exit                          0x08000199   Thumb Code     0  entry11a.o(.ARM.Collect$$$$0000000F)
    Reset_Handler                            0x0800019d   Thumb Code     8  startup_stm32f334x8.o(.text)
    CAN_RX1_IRQHandler                       0x080001b7   Thumb Code     0  startup_stm32f334x8.o(.text)
    CAN_SCE_IRQHandler                       0x080001b7   Thumb Code     0  startup_stm32f334x8.o(.text)
    CAN_TX_IRQHandler                        0x080001b7   Thumb Code     0  startup_stm32f334x8.o(.text)
    COMP2_IRQHandler                         0x080001b7   Thumb Code     0  startup_stm32f334x8.o(.text)
    COMP4_6_IRQHandler                       0x080001b7   Thumb Code     0  startup_stm32f334x8.o(.text)
    DMA1_Channel2_IRQHandler                 0x080001b7   Thumb Code     0  startup_stm32f334x8.o(.text)
    DMA1_Channel3_IRQHandler                 0x080001b7   Thumb Code     0  startup_stm32f334x8.o(.text)
    DMA1_Channel4_IRQHandler                 0x080001b7   Thumb Code     0  startup_stm32f334x8.o(.text)
    DMA1_Channel5_IRQHandler                 0x080001b7   Thumb Code     0  startup_stm32f334x8.o(.text)
    DMA1_Channel6_IRQHandler                 0x080001b7   Thumb Code     0  startup_stm32f334x8.o(.text)
    EXTI0_IRQHandler                         0x080001b7   Thumb Code     0  startup_stm32f334x8.o(.text)
    EXTI15_10_IRQHandler                     0x080001b7   Thumb Code     0  startup_stm32f334x8.o(.text)
    EXTI1_IRQHandler                         0x080001b7   Thumb Code     0  startup_stm32f334x8.o(.text)
    EXTI2_TSC_IRQHandler                     0x080001b7   Thumb Code     0  startup_stm32f334x8.o(.text)
    EXTI3_IRQHandler                         0x080001b7   Thumb Code     0  startup_stm32f334x8.o(.text)
    EXTI4_IRQHandler                         0x080001b7   Thumb Code     0  startup_stm32f334x8.o(.text)
    EXTI9_5_IRQHandler                       0x080001b7   Thumb Code     0  startup_stm32f334x8.o(.text)
    FLASH_IRQHandler                         0x080001b7   Thumb Code     0  startup_stm32f334x8.o(.text)
    FPU_IRQHandler                           0x080001b7   Thumb Code     0  startup_stm32f334x8.o(.text)
    HRTIM1_FLT_IRQHandler                    0x080001b7   Thumb Code     0  startup_stm32f334x8.o(.text)
    HRTIM1_Master_IRQHandler                 0x080001b7   Thumb Code     0  startup_stm32f334x8.o(.text)
    HRTIM1_TIMA_IRQHandler                   0x080001b7   Thumb Code     0  startup_stm32f334x8.o(.text)
    HRTIM1_TIMB_IRQHandler                   0x080001b7   Thumb Code     0  startup_stm32f334x8.o(.text)
    HRTIM1_TIMC_IRQHandler                   0x080001b7   Thumb Code     0  startup_stm32f334x8.o(.text)
    HRTIM1_TIMD_IRQHandler                   0x080001b7   Thumb Code     0  startup_stm32f334x8.o(.text)
    HRTIM1_TIME_IRQHandler                   0x080001b7   Thumb Code     0  startup_stm32f334x8.o(.text)
    I2C1_ER_IRQHandler                       0x080001b7   Thumb Code     0  startup_stm32f334x8.o(.text)
    I2C1_EV_IRQHandler                       0x080001b7   Thumb Code     0  startup_stm32f334x8.o(.text)
    PVD_IRQHandler                           0x080001b7   Thumb Code     0  startup_stm32f334x8.o(.text)
    RCC_IRQHandler                           0x080001b7   Thumb Code     0  startup_stm32f334x8.o(.text)
    RTC_Alarm_IRQHandler                     0x080001b7   Thumb Code     0  startup_stm32f334x8.o(.text)
    RTC_WKUP_IRQHandler                      0x080001b7   Thumb Code     0  startup_stm32f334x8.o(.text)
    SPI1_IRQHandler                          0x080001b7   Thumb Code     0  startup_stm32f334x8.o(.text)
    TAMP_STAMP_IRQHandler                    0x080001b7   Thumb Code     0  startup_stm32f334x8.o(.text)
    TIM1_BRK_TIM15_IRQHandler                0x080001b7   Thumb Code     0  startup_stm32f334x8.o(.text)
    TIM1_CC_IRQHandler                       0x080001b7   Thumb Code     0  startup_stm32f334x8.o(.text)
    TIM1_TRG_COM_TIM17_IRQHandler            0x080001b7   Thumb Code     0  startup_stm32f334x8.o(.text)
    TIM1_UP_TIM16_IRQHandler                 0x080001b7   Thumb Code     0  startup_stm32f334x8.o(.text)
    TIM3_IRQHandler                          0x080001b7   Thumb Code     0  startup_stm32f334x8.o(.text)
    TIM6_DAC1_IRQHandler                     0x080001b7   Thumb Code     0  startup_stm32f334x8.o(.text)
    TIM7_DAC2_IRQHandler                     0x080001b7   Thumb Code     0  startup_stm32f334x8.o(.text)
    USART1_IRQHandler                        0x080001b7   Thumb Code     0  startup_stm32f334x8.o(.text)
    USART2_IRQHandler                        0x080001b7   Thumb Code     0  startup_stm32f334x8.o(.text)
    USART3_IRQHandler                        0x080001b7   Thumb Code     0  startup_stm32f334x8.o(.text)
    WWDG_IRQHandler                          0x080001b7   Thumb Code     0  startup_stm32f334x8.o(.text)
    __aeabi_uldivmod                         0x080001c1   Thumb Code    98  uldiv.o(.text)
    __aeabi_llsr                             0x08000223   Thumb Code    32  llushr.o(.text)
    _ll_ushift_r                             0x08000223   Thumb Code     0  llushr.o(.text)
    __aeabi_memset                           0x08000243   Thumb Code    14  memseta.o(.text)
    __aeabi_memset4                          0x08000243   Thumb Code     0  memseta.o(.text)
    __aeabi_memset8                          0x08000243   Thumb Code     0  memseta.o(.text)
    __aeabi_memclr                           0x08000251   Thumb Code     4  memseta.o(.text)
    __aeabi_memclr4                          0x08000251   Thumb Code     0  memseta.o(.text)
    __aeabi_memclr8                          0x08000251   Thumb Code     0  memseta.o(.text)
    _memset$wrapper                          0x08000255   Thumb Code    18  memseta.o(.text)
    __aeabi_f2d                              0x08000267   Thumb Code    38  f2d.o(.text)
    __aeabi_uidiv                            0x0800028d   Thumb Code     0  uidiv.o(.text)
    __aeabi_uidivmod                         0x0800028d   Thumb Code    44  uidiv.o(.text)
    __aeabi_llsl                             0x080002b9   Thumb Code    30  llshl.o(.text)
    _ll_shift_l                              0x080002b9   Thumb Code     0  llshl.o(.text)
    __I$use$fp                               0x080002d7   Thumb Code     0  iusefp.o(.text)
    __aeabi_dadd                             0x080002d7   Thumb Code   322  dadd.o(.text)
    __aeabi_dsub                             0x08000419   Thumb Code     6  dadd.o(.text)
    __aeabi_drsub                            0x0800041f   Thumb Code     6  dadd.o(.text)
    __aeabi_dmul                             0x08000425   Thumb Code   228  dmul.o(.text)
    __aeabi_ddiv                             0x08000509   Thumb Code   222  ddiv.o(.text)
    __aeabi_d2ulz                            0x080005e7   Thumb Code    48  dfixul.o(.text)
    __aeabi_cdrcmple                         0x08000619   Thumb Code    48  cdrcmple.o(.text)
    __scatterload                            0x08000649   Thumb Code    28  init.o(.text)
    __scatterload_rt2                        0x08000649   Thumb Code     0  init.o(.text)
    __aeabi_lasr                             0x0800066d   Thumb Code    36  llsshr.o(.text)
    _ll_sshift_r                             0x0800066d   Thumb Code     0  llsshr.o(.text)
    _double_round                            0x08000691   Thumb Code    30  depilogue.o(.text)
    _double_epilogue                         0x080006af   Thumb Code   156  depilogue.o(.text)
    ADC1_2_IRQHandler                        0x0800074d   Thumb Code    10  stm32f3xx_it.o(i.ADC1_2_IRQHandler)
    BBMode                                   0x08000915   Thumb Code   166  function.o(i.BBMode)
    BuckBoostVLoopCtlPID                     0x080009e1   Thumb Code  1260  power_calc.o(i.BuckBoostVLoopCtlPID)
    BusFault_Handler                         0x08000ed9   Thumb Code     4  stm32f3xx_it.o(i.BusFault_Handler)
    CAN_Filter_Init                          0x08000edd   Thumb Code    68  drv_can.o(i.CAN_Filter_Init)
    CAN_RX0_IRQHandler                       0x08000f21   Thumb Code    10  stm32f3xx_it.o(i.CAN_RX0_IRQHandler)
    CAN_ReceiveData                          0x08000f31   Thumb Code   120  drv_can.o(i.CAN_ReceiveData)
    CAN_SendData                             0x08000fbd   Thumb Code   148  drv_can.o(i.CAN_SendData)
    DMA1_Channel1_IRQHandler                 0x08001065   Thumb Code    10  stm32f3xx_it.o(i.DMA1_Channel1_IRQHandler)
    DMA1_Channel7_IRQHandler                 0x08001075   Thumb Code    10  stm32f3xx_it.o(i.DMA1_Channel7_IRQHandler)
    DRMode                                   0x080010cd   Thumb Code   144  function.o(i.DRMode)
    DebugMon_Handler                         0x08001165   Thumb Code     2  stm32f3xx_it.o(i.DebugMon_Handler)
    DetectMErr                               0x08001167   Thumb Code     8  function.o(i.DetectMErr)
    Error_Handler                            0x0800116f   Thumb Code     6  main.o(i.Error_Handler)
    HAL_ADCEx_Calibration_Start              0x08001175   Thumb Code   188  stm32f3xx_hal_adc_ex.o(i.HAL_ADCEx_Calibration_Start)
    HAL_ADCEx_InjectedConvCpltCallback       0x08001231   Thumb Code     2  stm32f3xx_hal_adc_ex.o(i.HAL_ADCEx_InjectedConvCpltCallback)
    HAL_ADCEx_InjectedQueueOverflowCallback  0x08001233   Thumb Code     2  stm32f3xx_hal_adc_ex.o(i.HAL_ADCEx_InjectedQueueOverflowCallback)
    HAL_ADCEx_LevelOutOfWindow2Callback      0x08001235   Thumb Code     2  stm32f3xx_hal_adc_ex.o(i.HAL_ADCEx_LevelOutOfWindow2Callback)
    HAL_ADCEx_LevelOutOfWindow3Callback      0x08001237   Thumb Code     2  stm32f3xx_hal_adc_ex.o(i.HAL_ADCEx_LevelOutOfWindow3Callback)
    HAL_ADCEx_MultiModeConfigChannel         0x08001239   Thumb Code   306  stm32f3xx_hal_adc_ex.o(i.HAL_ADCEx_MultiModeConfigChannel)
    HAL_ADC_ConfigChannel                    0x08001375   Thumb Code  1032  stm32f3xx_hal_adc_ex.o(i.HAL_ADC_ConfigChannel)
    HAL_ADC_ConvCpltCallback                 0x08001791   Thumb Code   300  power_calc.o(i.HAL_ADC_ConvCpltCallback)
    HAL_ADC_ConvHalfCpltCallback             0x080018f5   Thumb Code     2  stm32f3xx_hal_adc.o(i.HAL_ADC_ConvHalfCpltCallback)
    HAL_ADC_ErrorCallback                    0x080018f7   Thumb Code     2  stm32f3xx_hal_adc.o(i.HAL_ADC_ErrorCallback)
    HAL_ADC_IRQHandler                       0x080018f9   Thumb Code   786  stm32f3xx_hal_adc_ex.o(i.HAL_ADC_IRQHandler)
    HAL_ADC_Init                             0x08001c11   Thumb Code   576  stm32f3xx_hal_adc_ex.o(i.HAL_ADC_Init)
    HAL_ADC_LevelOutOfWindowCallback         0x08001e65   Thumb Code     2  stm32f3xx_hal_adc.o(i.HAL_ADC_LevelOutOfWindowCallback)
    HAL_ADC_MspInit                          0x08001e69   Thumb Code   222  adc.o(i.HAL_ADC_MspInit)
    HAL_ADC_Start_DMA                        0x08001f59   Thumb Code   338  stm32f3xx_hal_adc_ex.o(i.HAL_ADC_Start_DMA)
    HAL_CAN_ActivateNotification             0x080020c1   Thumb Code    42  stm32f3xx_hal_can.o(i.HAL_CAN_ActivateNotification)
    HAL_CAN_AddTxMessage                     0x080020eb   Thumb Code   330  stm32f3xx_hal_can.o(i.HAL_CAN_AddTxMessage)
    HAL_CAN_ConfigFilter                     0x08002235   Thumb Code   266  stm32f3xx_hal_can.o(i.HAL_CAN_ConfigFilter)
    HAL_CAN_ErrorCallback                    0x0800233f   Thumb Code     2  stm32f3xx_hal_can.o(i.HAL_CAN_ErrorCallback)
    HAL_CAN_GetRxMessage                     0x08002341   Thumb Code   404  stm32f3xx_hal_can.o(i.HAL_CAN_GetRxMessage)
    HAL_CAN_IRQHandler                       0x080024d5   Thumb Code   590  stm32f3xx_hal_can.o(i.HAL_CAN_IRQHandler)
    HAL_CAN_Init                             0x08002723   Thumb Code   372  stm32f3xx_hal_can.o(i.HAL_CAN_Init)
    HAL_CAN_MspInit                          0x08002899   Thumb Code   126  can.o(i.HAL_CAN_MspInit)
    HAL_CAN_RxFifo0FullCallback              0x08002921   Thumb Code     2  stm32f3xx_hal_can.o(i.HAL_CAN_RxFifo0FullCallback)
    HAL_CAN_RxFifo0MsgPendingCallback        0x08002925   Thumb Code    16  drv_can.o(i.HAL_CAN_RxFifo0MsgPendingCallback)
    HAL_CAN_RxFifo1FullCallback              0x08002939   Thumb Code     2  stm32f3xx_hal_can.o(i.HAL_CAN_RxFifo1FullCallback)
    HAL_CAN_RxFifo1MsgPendingCallback        0x0800293b   Thumb Code     2  stm32f3xx_hal_can.o(i.HAL_CAN_RxFifo1MsgPendingCallback)
    HAL_CAN_SleepCallback                    0x0800293d   Thumb Code     2  stm32f3xx_hal_can.o(i.HAL_CAN_SleepCallback)
    HAL_CAN_Start                            0x0800293f   Thumb Code    94  stm32f3xx_hal_can.o(i.HAL_CAN_Start)
    HAL_CAN_TxMailbox0AbortCallback          0x0800299d   Thumb Code     2  stm32f3xx_hal_can.o(i.HAL_CAN_TxMailbox0AbortCallback)
    HAL_CAN_TxMailbox0CompleteCallback       0x0800299f   Thumb Code     2  stm32f3xx_hal_can.o(i.HAL_CAN_TxMailbox0CompleteCallback)
    HAL_CAN_TxMailbox1AbortCallback          0x080029a1   Thumb Code     2  stm32f3xx_hal_can.o(i.HAL_CAN_TxMailbox1AbortCallback)
    HAL_CAN_TxMailbox1CompleteCallback       0x080029a3   Thumb Code     2  stm32f3xx_hal_can.o(i.HAL_CAN_TxMailbox1CompleteCallback)
    HAL_CAN_TxMailbox2AbortCallback          0x080029a5   Thumb Code     2  stm32f3xx_hal_can.o(i.HAL_CAN_TxMailbox2AbortCallback)
    HAL_CAN_TxMailbox2CompleteCallback       0x080029a7   Thumb Code     2  stm32f3xx_hal_can.o(i.HAL_CAN_TxMailbox2CompleteCallback)
    HAL_CAN_WakeUpFromRxMsgCallback          0x080029a9   Thumb Code     2  stm32f3xx_hal_can.o(i.HAL_CAN_WakeUpFromRxMsgCallback)
    HAL_DMA_IRQHandler                       0x080029ab   Thumb Code   230  stm32f3xx_hal_dma.o(i.HAL_DMA_IRQHandler)
    HAL_DMA_Init                             0x08002a91   Thumb Code    86  stm32f3xx_hal_dma.o(i.HAL_DMA_Init)
    HAL_DMA_Start_IT                         0x08002ae7   Thumb Code   156  stm32f3xx_hal_dma.o(i.HAL_DMA_Start_IT)
    HAL_Delay                                0x08002b85   Thumb Code    36  stm32f3xx_hal.o(i.HAL_Delay)
    HAL_GPIO_Init                            0x08002bad   Thumb Code   408  stm32f3xx_hal_gpio.o(i.HAL_GPIO_Init)
    HAL_GPIO_TogglePin                       0x08002d5d   Thumb Code    20  stm32f3xx_hal_gpio.o(i.HAL_GPIO_TogglePin)
    HAL_GPIO_WritePin                        0x08002d71   Thumb Code    10  stm32f3xx_hal_gpio.o(i.HAL_GPIO_WritePin)
    HAL_GetTick                              0x08002d7d   Thumb Code     6  stm32f3xx_hal.o(i.HAL_GetTick)
    HAL_HRTIM_DLLCalibrationStart            0x08002d89   Thumb Code   128  stm32f3xx_hal_hrtim.o(i.HAL_HRTIM_DLLCalibrationStart)
    HAL_HRTIM_DeadTimeConfig                 0x08002e09   Thumb Code   162  stm32f3xx_hal_hrtim.o(i.HAL_HRTIM_DeadTimeConfig)
    HAL_HRTIM_Init                           0x08002eb5   Thumb Code   256  stm32f3xx_hal_hrtim.o(i.HAL_HRTIM_Init)
    HAL_HRTIM_MspInit                        0x08002fbd   Thumb Code    40  hrtim.o(i.HAL_HRTIM_MspInit)
    HAL_HRTIM_MspPostInit                    0x08002fed   Thumb Code   142  hrtim.o(i.HAL_HRTIM_MspPostInit)
    HAL_HRTIM_PollForDLLCalibration          0x08003089   Thumb Code    74  stm32f3xx_hal_hrtim.o(i.HAL_HRTIM_PollForDLLCalibration)
    HAL_HRTIM_TimeBaseConfig                 0x080030d3   Thumb Code    58  stm32f3xx_hal_hrtim.o(i.HAL_HRTIM_TimeBaseConfig)
    HAL_HRTIM_WaveformCompareConfig          0x0800310d   Thumb Code   504  stm32f3xx_hal_hrtim.o(i.HAL_HRTIM_WaveformCompareConfig)
    HAL_HRTIM_WaveformCountStart             0x08003305   Thumb Code    60  stm32f3xx_hal_hrtim.o(i.HAL_HRTIM_WaveformCountStart)
    HAL_HRTIM_WaveformOutputConfig           0x08003341   Thumb Code    84  stm32f3xx_hal_hrtim.o(i.HAL_HRTIM_WaveformOutputConfig)
    HAL_HRTIM_WaveformOutputStart            0x08003395   Thumb Code    64  stm32f3xx_hal_hrtim.o(i.HAL_HRTIM_WaveformOutputStart)
    HAL_HRTIM_WaveformOutputStop             0x080033d5   Thumb Code    64  stm32f3xx_hal_hrtim.o(i.HAL_HRTIM_WaveformOutputStop)
    HAL_HRTIM_WaveformTimerConfig            0x08003415   Thumb Code   178  stm32f3xx_hal_hrtim.o(i.HAL_HRTIM_WaveformTimerConfig)
    HAL_IncTick                              0x080034c9   Thumb Code    16  stm32f3xx_hal.o(i.HAL_IncTick)
    HAL_Init                                 0x080034e1   Thumb Code    34  stm32f3xx_hal.o(i.HAL_Init)
    HAL_InitTick                             0x08003509   Thumb Code    64  stm32f3xx_hal.o(i.HAL_InitTick)
    HAL_MspInit                              0x08003555   Thumb Code    58  stm32f3xx_hal_msp.o(i.HAL_MspInit)
    HAL_NVIC_EnableIRQ                       0x08003595   Thumb Code    32  stm32f3xx_hal_cortex.o(i.HAL_NVIC_EnableIRQ)
    HAL_NVIC_SetPriority                     0x080035b5   Thumb Code   124  stm32f3xx_hal_cortex.o(i.HAL_NVIC_SetPriority)
    HAL_NVIC_SetPriorityGrouping             0x08003631   Thumb Code    32  stm32f3xx_hal_cortex.o(i.HAL_NVIC_SetPriorityGrouping)
    HAL_RCCEx_PeriphCLKConfig                0x08003659   Thumb Code   512  stm32f3xx_hal_rcc_ex.o(i.HAL_RCCEx_PeriphCLKConfig)
    HAL_RCC_ClockConfig                      0x08003865   Thumb Code   664  stm32f3xx_hal_rcc.o(i.HAL_RCC_ClockConfig)
    HAL_RCC_GetHCLKFreq                      0x08003b11   Thumb Code     6  stm32f3xx_hal_rcc.o(i.HAL_RCC_GetHCLKFreq)
    HAL_RCC_GetPCLK1Freq                     0x08003b1d   Thumb Code    36  stm32f3xx_hal_rcc.o(i.HAL_RCC_GetPCLK1Freq)
    HAL_RCC_GetPCLK2Freq                     0x08003b49   Thumb Code    36  stm32f3xx_hal_rcc.o(i.HAL_RCC_GetPCLK2Freq)
    HAL_RCC_GetSysClockFreq                  0x08003b75   Thumb Code   138  stm32f3xx_hal_rcc.o(i.HAL_RCC_GetSysClockFreq)
    HAL_RCC_OscConfig                        0x08003c15   Thumb Code  2586  stm32f3xx_hal_rcc.o(i.HAL_RCC_OscConfig)
    HAL_SYSTICK_Config                       0x08004639   Thumb Code    52  stm32f3xx_hal_cortex.o(i.HAL_SYSTICK_Config)
    HAL_TIMEx_Break2Callback                 0x0800466d   Thumb Code     2  stm32f3xx_hal_tim_ex.o(i.HAL_TIMEx_Break2Callback)
    HAL_TIMEx_BreakCallback                  0x0800466f   Thumb Code     2  stm32f3xx_hal_tim_ex.o(i.HAL_TIMEx_BreakCallback)
    HAL_TIMEx_CommutCallback                 0x08004671   Thumb Code     2  stm32f3xx_hal_tim_ex.o(i.HAL_TIMEx_CommutCallback)
    HAL_TIMEx_MasterConfigSynchronization    0x08004675   Thumb Code   134  stm32f3xx_hal_tim_ex.o(i.HAL_TIMEx_MasterConfigSynchronization)
    HAL_TIM_Base_Init                        0x08004709   Thumb Code   110  stm32f3xx_hal_tim.o(i.HAL_TIM_Base_Init)
    HAL_TIM_Base_MspInit                     0x08004779   Thumb Code    58  tim.o(i.HAL_TIM_Base_MspInit)
    HAL_TIM_Base_Start_IT                    0x080047b9   Thumb Code   114  stm32f3xx_hal_tim.o(i.HAL_TIM_Base_Start_IT)
    HAL_TIM_ConfigClockSource                0x0800483d   Thumb Code   268  stm32f3xx_hal_tim.o(i.HAL_TIM_ConfigClockSource)
    HAL_TIM_IC_CaptureCallback               0x0800494d   Thumb Code     2  stm32f3xx_hal_tim.o(i.HAL_TIM_IC_CaptureCallback)
    HAL_TIM_IRQHandler                       0x0800494f   Thumb Code   440  stm32f3xx_hal_tim.o(i.HAL_TIM_IRQHandler)
    HAL_TIM_OC_DelayElapsedCallback          0x08004b07   Thumb Code     2  stm32f3xx_hal_tim.o(i.HAL_TIM_OC_DelayElapsedCallback)
    HAL_TIM_PWM_PulseFinishedCallback        0x08004b09   Thumb Code     2  stm32f3xx_hal_tim.o(i.HAL_TIM_PWM_PulseFinishedCallback)
    HAL_TIM_PeriodElapsedCallback            0x08004b0d   Thumb Code   230  program.o(i.HAL_TIM_PeriodElapsedCallback)
    HAL_TIM_TriggerCallback                  0x08004c21   Thumb Code     2  stm32f3xx_hal_tim.o(i.HAL_TIM_TriggerCallback)
    HAL_UARTEx_RxEventCallback               0x08004c23   Thumb Code     2  stm32f3xx_hal_uart.o(i.HAL_UARTEx_RxEventCallback)
    HAL_UART_ErrorCallback                   0x08004c25   Thumb Code     2  stm32f3xx_hal_uart.o(i.HAL_UART_ErrorCallback)
    HAL_UART_Init                            0x08004c27   Thumb Code   116  stm32f3xx_hal_uart.o(i.HAL_UART_Init)
    HAL_UART_MspInit                         0x08004c9d   Thumb Code   158  usart.o(i.HAL_UART_MspInit)
    HAL_UART_Receive_DMA                     0x08004d51   Thumb Code    80  stm32f3xx_hal_uart.o(i.HAL_UART_Receive_DMA)
    HAL_UART_RxCpltCallback                  0x08004da1   Thumb Code     2  drv_usart.o(i.HAL_UART_RxCpltCallback)
    HAL_UART_RxHalfCpltCallback              0x08004da3   Thumb Code     2  stm32f3xx_hal_uart.o(i.HAL_UART_RxHalfCpltCallback)
    HAL_UART_Transmit                        0x08004da5   Thumb Code   186  stm32f3xx_hal_uart.o(i.HAL_UART_Transmit)
    HardFault_Handler                        0x08005277   Thumb Code     4  stm32f3xx_it.o(i.HardFault_Handler)
    IncrementalPID_Clear                     0x0800527d   Thumb Code    58  drv_pid.o(i.IncrementalPID_Clear)
    IncrementalPID_ClearWithoutOutput        0x080052bd   Thumb Code    42  drv_pid.o(i.IncrementalPID_ClearWithoutOutput)
    IncrementalPID_Compute                   0x080052ed   Thumb Code   264  drv_pid.o(i.IncrementalPID_Compute)
    IncrementalPID_Init                      0x080053f5   Thumb Code    54  drv_pid.o(i.IncrementalPID_Init)
    LED_OFF                                  0x08005431   Thumb Code    52  function.o(i.LED_OFF)
    LED_ON                                   0x08005469   Thumb Code    54  function.o(i.LED_ON)
    LED_Toggle                               0x080054a5   Thumb Code    48  function.o(i.LED_Toggle)
    MX_ADC1_Init                             0x080054d9   Thumb Code   238  adc.o(i.MX_ADC1_Init)
    MX_CAN_Init                              0x080055cd   Thumb Code    62  can.o(i.MX_CAN_Init)
    MX_DMA_Init                              0x08005615   Thumb Code    64  dma.o(i.MX_DMA_Init)
    MX_GPIO_Init                             0x08005659   Thumb Code   168  gpio.o(i.MX_GPIO_Init)
    MX_HRTIM1_Init                           0x08005709   Thumb Code   590  hrtim.o(i.MX_HRTIM1_Init)
    MX_TIM2_Init                             0x08005961   Thumb Code   104  tim.o(i.MX_TIM2_Init)
    MX_USART2_UART_Init                      0x080059cd   Thumb Code    56  usart.o(i.MX_USART2_UART_Init)
    MemManage_Handler                        0x08005a0d   Thumb Code     4  stm32f3xx_it.o(i.MemManage_Handler)
    NMI_Handler                              0x08005a11   Thumb Code     4  stm32f3xx_it.o(i.NMI_Handler)
    PendSV_Handler                           0x08005a15   Thumb Code     2  stm32f3xx_it.o(i.PendSV_Handler)
    SVC_Handler                              0x08005a17   Thumb Code     2  stm32f3xx_it.o(i.SVC_Handler)
    ShortOff                                 0x08005a19   Thumb Code   174  function.o(i.ShortOff)
    StateM                                   0x08005ae1   Thumb Code    54  function.o(i.StateM)
    StateMErr                                0x08005b1d   Thumb Code    38  function.o(i.StateMErr)
    StateMInit                               0x08005b4d   Thumb Code    14  function.o(i.StateMInit)
    StateMRise                               0x08005b61   Thumb Code   564  function.o(i.StateMRise)
    StateMRun                                0x08005df9   Thumb Code    20  function.o(i.StateMRun)
    StateMWait                               0x08005e0d   Thumb Code    56  function.o(i.StateMWait)
    SysTick_Handler                          0x08005e51   Thumb Code     8  stm32f3xx_it.o(i.SysTick_Handler)
    SystemClock_Config                       0x08005e59   Thumb Code   132  main.o(i.SystemClock_Config)
    SystemInit                               0x08005edd   Thumb Code    14  system_stm32f3xx.o(i.SystemInit)
    TIM2_IRQHandler                          0x08005ef1   Thumb Code    10  stm32f3xx_it.o(i.TIM2_IRQHandler)
    TIM_Base_SetConfig                       0x08005f01   Thumb Code   128  stm32f3xx_hal_tim.o(i.TIM_Base_SetConfig)
    TIM_ETR_SetConfig                        0x08005f95   Thumb Code    22  stm32f3xx_hal_tim.o(i.TIM_ETR_SetConfig)
    UART2_Open                               0x0800600d   Thumb Code    34  drv_usart.o(i.UART2_Open)
    UART_AdvFeatureConfig                    0x08006035   Thumb Code   248  stm32f3xx_hal_uart.o(i.UART_AdvFeatureConfig)
    UART_CheckIdleState                      0x0800612d   Thumb Code   230  stm32f3xx_hal_uart.o(i.UART_CheckIdleState)
    UART_SetConfig                           0x080063c9   Thumb Code   404  stm32f3xx_hal_uart.o(i.UART_SetConfig)
    UART_Start_Receive_DMA                   0x08006575   Thumb Code   180  stm32f3xx_hal_uart.o(i.UART_Start_Receive_DMA)
    UART_WaitOnFlagUntilTimeout              0x08006635   Thumb Code   162  stm32f3xx_hal_uart.o(i.UART_WaitOnFlagUntilTimeout)
    UsageFault_Handler                       0x080066d7   Thumb Code     4  stm32f3xx_it.o(i.UsageFault_Handler)
    UserADC1_Init                            0x080066dd   Thumb Code    28  power_calc.o(i.UserADC1_Init)
    User_HRTIM_init                          0x08006701   Thumb Code    30  function.o(i.User_HRTIM_init)
    ValueInit                                0x08006725   Thumb Code    90  function.o(i.ValueInit)
    WorkInit                                 0x0800679d   Thumb Code    32  program.o(i.WorkInit)
    __0printf                                0x080067c5   Thumb Code    22  printfa.o(i.__0printf)
    __1printf                                0x080067c5   Thumb Code     0  printfa.o(i.__0printf)
    __2printf                                0x080067c5   Thumb Code     0  printfa.o(i.__0printf)
    __c89printf                              0x080067c5   Thumb Code     0  printfa.o(i.__0printf)
    printf                                   0x080067c5   Thumb Code     0  printfa.o(i.__0printf)
    __scatterload_copy                       0x0800681d   Thumb Code    14  handlers.o(i.__scatterload_copy)
    __scatterload_null                       0x0800682b   Thumb Code     2  handlers.o(i.__scatterload_null)
    __scatterload_zeroinit                   0x0800682d   Thumb Code    14  handlers.o(i.__scatterload_zeroinit)
    control_calc                             0x080070f1   Thumb Code   192  power_calc.o(i.control_calc)
    fputc                                    0x080071c9   Thumb Code    40  drv_usart.o(i.fputc)
    main                                     0x080071f9   Thumb Code    44  main.o(i.main)
    AHBPrescTable                            0x08007244   Data          16  system_stm32f3xx.o(.constdata)
    APBPrescTable                            0x08007254   Data           8  system_stm32f3xx.o(.constdata)
    Region$$Table$$Base                      0x0800725c   Number         0  anon$$obj.o(Region$$Table)
    Region$$Table$$Limit                     0x0800727c   Number         0  anon$$obj.o(Region$$Table)
    uwTick                                   0x20000000   Data           4  stm32f3xx_hal.o(.data)
    uwTickPrio                               0x20000004   Data           4  stm32f3xx_hal.o(.data)
    uwTickFreq                               0x20000008   Data           1  stm32f3xx_hal.o(.data)
    SystemCoreClock                          0x2000000c   Data           4  system_stm32f3xx.o(.data)
    CtrValue                                 0x20000010   Data          36  function.o(.data)
    STState                                  0x20000034   Data           1  function.o(.data)
    testpower                                0x20000054   Data           4  power_calc.o(.data)
    testvoltage                              0x20000058   Data           4  power_calc.o(.data)
    volt_ratio                               0x2000005c   Data           4  power_calc.o(.data)
    volt_ratio_filter                        0x20000060   Data           4  power_calc.o(.data)
    pid_final_buck                           0x20000064   Data           4  power_calc.o(.data)
    pid_final_boost                          0x20000068   Data           4  power_calc.o(.data)
    adcProtcnt                               0x2000006c   Data           2  program.o(.data)
    timer2cnt                                0x2000006e   Data           2  program.o(.data)
    rxdata                                   0x20000070   Data           8  drv_can.o(.data)
    Communication_Onlinecnt                  0x20000078   Data           2  drv_can.o(.data)
    Rxrealbuffer                             0x2000007a   Data           8  drv_can.o(.data)
    __stdout                                 0x20000084   Data           4  stdout.o(.data)
    hadc1                                    0x20000088   Data          80  adc.o(.bss)
    hdma_adc1                                0x200000d8   Data          68  adc.o(.bss)
    hcan                                     0x2000011c   Data          40  can.o(.bss)
    hhrtim1                                  0x20000144   Data         220  hrtim.o(.bss)
    htim2                                    0x20000220   Data          76  tim.o(.bss)
    huart2                                   0x2000026c   Data         136  usart.o(.bss)
    hdma_usart2_tx                           0x200002f4   Data          68  usart.o(.bss)
    FLAGS                                    0x20000338   Data          14  function.o(.bss)
    dcdcinfo                                 0x20000348   Data          20  power_calc.o(.bss)
    dcdctest                                 0x2000035c   Data          20  power_calc.o(.bss)
    UserADC1_ConvertedValue                  0x20000370   Data         100  power_calc.o(.bss)
    adc_raw_data                             0x200003d4   Data          20  power_calc.o(.bss)
    usefor_adc                               0x200003e8   Data          20  power_calc.o(.bss)
    in                                       0x200003fc   Data          12  power_calc.o(.bss)
    chassis                                  0x20000408   Data          12  power_calc.o(.bss)
    full_bridge_in                           0x20000414   Data          12  power_calc.o(.bss)
    cap                                      0x20000420   Data          12  power_calc.o(.bss)
    voltageout_loop                          0x2000042c   Data          68  drv_pid.o(.bss)
    currentout_loop                          0x20000470   Data          68  drv_pid.o(.bss)
    powerin_loop                             0x200004b4   Data          68  drv_pid.o(.bss)
    powerbuf_loop                            0x200004f8   Data          68  drv_pid.o(.bss)
    power_referee_loop                       0x2000053c   Data          68  drv_pid.o(.bss)
    currentout_Iloop                         0x20000580   Data          44  drv_pid.o(.bss)
    voltageout_Vloop                         0x200005ac   Data          44  drv_pid.o(.bss)
    powerin_Ploop                            0x200005d8   Data          44  drv_pid.o(.bss)
    Nchargelimit                             0x20000604   Data          44  drv_pid.o(.bss)
    data_to_send_V6                          0x20000630   Data          20  drv_usart.o(.bss)
    RxBuffer                                 0x20000644   Data          10  drv_usart.o(.bss)
    temp                                     0x20000650   Data          12  drv_usart.o(.bss)
    __initial_sp                             0x20000a60   Data           0  startup_stm32f334x8.o(STACK)



==============================================================================

Memory Map of the image

  Image Entry point : 0x08000189

  Load Region LR_IROM1 (Base: 0x08000000, Size: 0x00007304, Max: 0x00010000, ABSOLUTE)

    Execution Region ER_IROM1 (Base: 0x08000000, Size: 0x0000727c, Max: 0x00010000, ABSOLUTE)

    Base Addr    Size         Type   Attr      Idx    E Section Name        Object

    0x08000000   0x00000188   Data   RO            3    RESET               startup_stm32f334x8.o
    0x08000188   0x00000000   Code   RO         5627  * .ARM.Collect$$$$00000000  mc_w.l(entry.o)
    0x08000188   0x00000004   Code   RO         5901    .ARM.Collect$$$$00000001  mc_w.l(entry2.o)
    0x0800018c   0x00000004   Code   RO         5904    .ARM.Collect$$$$00000004  mc_w.l(entry5.o)
    0x08000190   0x00000000   Code   RO         5906    .ARM.Collect$$$$00000008  mc_w.l(entry7b.o)
    0x08000190   0x00000000   Code   RO         5908    .ARM.Collect$$$$0000000A  mc_w.l(entry8b.o)
    0x08000190   0x00000008   Code   RO         5909    .ARM.Collect$$$$0000000B  mc_w.l(entry9a.o)
    0x08000198   0x00000000   Code   RO         5911    .ARM.Collect$$$$0000000D  mc_w.l(entry10a.o)
    0x08000198   0x00000000   Code   RO         5913    .ARM.Collect$$$$0000000F  mc_w.l(entry11a.o)
    0x08000198   0x00000004   Code   RO         5902    .ARM.Collect$$$$00002712  mc_w.l(entry2.o)
    0x0800019c   0x00000024   Code   RO            4    .text               startup_stm32f334x8.o
    0x080001c0   0x00000062   Code   RO         5630    .text               mc_w.l(uldiv.o)
    0x08000222   0x00000020   Code   RO         5632    .text               mc_w.l(llushr.o)
    0x08000242   0x00000024   Code   RO         5636    .text               mc_w.l(memseta.o)
    0x08000266   0x00000026   Code   RO         5899    .text               mf_w.l(f2d.o)
    0x0800028c   0x0000002c   Code   RO         5916    .text               mc_w.l(uidiv.o)
    0x080002b8   0x0000001e   Code   RO         5918    .text               mc_w.l(llshl.o)
    0x080002d6   0x00000000   Code   RO         5920    .text               mc_w.l(iusefp.o)
    0x080002d6   0x0000014e   Code   RO         5921    .text               mf_w.l(dadd.o)
    0x08000424   0x000000e4   Code   RO         5923    .text               mf_w.l(dmul.o)
    0x08000508   0x000000de   Code   RO         5925    .text               mf_w.l(ddiv.o)
    0x080005e6   0x00000030   Code   RO         5927    .text               mf_w.l(dfixul.o)
    0x08000616   0x00000002   PAD
    0x08000618   0x00000030   Code   RO         5929    .text               mf_w.l(cdrcmple.o)
    0x08000648   0x00000024   Code   RO         5931    .text               mc_w.l(init.o)
    0x0800066c   0x00000024   Code   RO         5933    .text               mc_w.l(llsshr.o)
    0x08000690   0x000000ba   Code   RO         5935    .text               mf_w.l(depilogue.o)
    0x0800074a   0x00000002   PAD
    0x0800074c   0x00000010   Code   RO          505    i.ADC1_2_IRQHandler  stm32f3xx_it.o
    0x0800075c   0x0000004e   Code   RO          783    i.ADC_DMAConvCplt   stm32f3xx_hal_adc_ex.o
    0x080007aa   0x0000001e   Code   RO          784    i.ADC_DMAError      stm32f3xx_hal_adc_ex.o
    0x080007c8   0x0000000e   Code   RO          785    i.ADC_DMAHalfConvCplt  stm32f3xx_hal_adc_ex.o
    0x080007d6   0x000000a2   Code   RO          786    i.ADC_Disable       stm32f3xx_hal_adc_ex.o
    0x08000878   0x0000009c   Code   RO          787    i.ADC_Enable        stm32f3xx_hal_adc_ex.o
    0x08000914   0x000000cc   Code   RO         5112    i.BBMode            function.o
    0x080009e0   0x000004f8   Code   RO         5281    i.BuckBoostVLoopCtlPID  power_calc.o
    0x08000ed8   0x00000004   Code   RO          506    i.BusFault_Handler  stm32f3xx_it.o
    0x08000edc   0x00000044   Code   RO         5509    i.CAN_Filter_Init   drv_can.o
    0x08000f20   0x00000010   Code   RO          507    i.CAN_RX0_IRQHandler  stm32f3xx_it.o
    0x08000f30   0x0000008c   Code   RO         5510    i.CAN_ReceiveData   drv_can.o
    0x08000fbc   0x000000a8   Code   RO         5511    i.CAN_SendData      drv_can.o
    0x08001064   0x00000010   Code   RO          508    i.DMA1_Channel1_IRQHandler  stm32f3xx_it.o
    0x08001074   0x00000010   Code   RO          509    i.DMA1_Channel7_IRQHandler  stm32f3xx_it.o
    0x08001084   0x0000001c   Code   RO         1432    i.DMA_CalcBaseAndBitshift  stm32f3xx_hal_dma.o
    0x080010a0   0x0000002c   Code   RO         1433    i.DMA_SetConfig     stm32f3xx_hal_dma.o
    0x080010cc   0x00000098   Code   RO         5113    i.DRMode            function.o
    0x08001164   0x00000002   Code   RO          510    i.DebugMon_Handler  stm32f3xx_it.o
    0x08001166   0x00000008   Code   RO         5114    i.DetectMErr        function.o
    0x0800116e   0x00000006   Code   RO           13    i.Error_Handler     main.o
    0x08001174   0x000000bc   Code   RO          790    i.HAL_ADCEx_Calibration_Start  stm32f3xx_hal_adc_ex.o
    0x08001230   0x00000002   Code   RO          792    i.HAL_ADCEx_InjectedConvCpltCallback  stm32f3xx_hal_adc_ex.o
    0x08001232   0x00000002   Code   RO          795    i.HAL_ADCEx_InjectedQueueOverflowCallback  stm32f3xx_hal_adc_ex.o
    0x08001234   0x00000002   Code   RO          800    i.HAL_ADCEx_LevelOutOfWindow2Callback  stm32f3xx_hal_adc_ex.o
    0x08001236   0x00000002   Code   RO          801    i.HAL_ADCEx_LevelOutOfWindow3Callback  stm32f3xx_hal_adc_ex.o
    0x08001238   0x0000013c   Code   RO          802    i.HAL_ADCEx_MultiModeConfigChannel  stm32f3xx_hal_adc_ex.o
    0x08001374   0x0000041c   Code   RO          811    i.HAL_ADC_ConfigChannel  stm32f3xx_hal_adc_ex.o
    0x08001790   0x00000164   Code   RO         5282    i.HAL_ADC_ConvCpltCallback  power_calc.o
    0x080018f4   0x00000002   Code   RO          635    i.HAL_ADC_ConvHalfCpltCallback  stm32f3xx_hal_adc.o
    0x080018f6   0x00000002   Code   RO          637    i.HAL_ADC_ErrorCallback  stm32f3xx_hal_adc.o
    0x080018f8   0x00000318   Code   RO          814    i.HAL_ADC_IRQHandler  stm32f3xx_hal_adc_ex.o
    0x08001c10   0x00000254   Code   RO          815    i.HAL_ADC_Init      stm32f3xx_hal_adc_ex.o
    0x08001e64   0x00000002   Code   RO          643    i.HAL_ADC_LevelOutOfWindowCallback  stm32f3xx_hal_adc.o
    0x08001e66   0x00000002   PAD
    0x08001e68   0x000000f0   Code   RO          266    i.HAL_ADC_MspInit   adc.o
    0x08001f58   0x00000168   Code   RO          819    i.HAL_ADC_Start_DMA  stm32f3xx_hal_adc_ex.o
    0x080020c0   0x0000002a   Code   RO         2600    i.HAL_CAN_ActivateNotification  stm32f3xx_hal_can.o
    0x080020ea   0x0000014a   Code   RO         2601    i.HAL_CAN_AddTxMessage  stm32f3xx_hal_can.o
    0x08002234   0x0000010a   Code   RO         2602    i.HAL_CAN_ConfigFilter  stm32f3xx_hal_can.o
    0x0800233e   0x00000002   Code   RO         2605    i.HAL_CAN_ErrorCallback  stm32f3xx_hal_can.o
    0x08002340   0x00000194   Code   RO         2608    i.HAL_CAN_GetRxMessage  stm32f3xx_hal_can.o
    0x080024d4   0x0000024e   Code   RO         2612    i.HAL_CAN_IRQHandler  stm32f3xx_hal_can.o
    0x08002722   0x00000174   Code   RO         2613    i.HAL_CAN_Init      stm32f3xx_hal_can.o
    0x08002896   0x00000002   PAD
    0x08002898   0x00000088   Code   RO          308    i.HAL_CAN_MspInit   can.o
    0x08002920   0x00000002   Code   RO         2620    i.HAL_CAN_RxFifo0FullCallback  stm32f3xx_hal_can.o
    0x08002922   0x00000002   PAD
    0x08002924   0x00000014   Code   RO         5512    i.HAL_CAN_RxFifo0MsgPendingCallback  drv_can.o
    0x08002938   0x00000002   Code   RO         2622    i.HAL_CAN_RxFifo1FullCallback  stm32f3xx_hal_can.o
    0x0800293a   0x00000002   Code   RO         2623    i.HAL_CAN_RxFifo1MsgPendingCallback  stm32f3xx_hal_can.o
    0x0800293c   0x00000002   Code   RO         2624    i.HAL_CAN_SleepCallback  stm32f3xx_hal_can.o
    0x0800293e   0x0000005e   Code   RO         2625    i.HAL_CAN_Start     stm32f3xx_hal_can.o
    0x0800299c   0x00000002   Code   RO         2627    i.HAL_CAN_TxMailbox0AbortCallback  stm32f3xx_hal_can.o
    0x0800299e   0x00000002   Code   RO         2628    i.HAL_CAN_TxMailbox0CompleteCallback  stm32f3xx_hal_can.o
    0x080029a0   0x00000002   Code   RO         2629    i.HAL_CAN_TxMailbox1AbortCallback  stm32f3xx_hal_can.o
    0x080029a2   0x00000002   Code   RO         2630    i.HAL_CAN_TxMailbox1CompleteCallback  stm32f3xx_hal_can.o
    0x080029a4   0x00000002   Code   RO         2631    i.HAL_CAN_TxMailbox2AbortCallback  stm32f3xx_hal_can.o
    0x080029a6   0x00000002   Code   RO         2632    i.HAL_CAN_TxMailbox2CompleteCallback  stm32f3xx_hal_can.o
    0x080029a8   0x00000002   Code   RO         2634    i.HAL_CAN_WakeUpFromRxMsgCallback  stm32f3xx_hal_can.o
    0x080029aa   0x000000e6   Code   RO         1439    i.HAL_DMA_IRQHandler  stm32f3xx_hal_dma.o
    0x08002a90   0x00000056   Code   RO         1440    i.HAL_DMA_Init      stm32f3xx_hal_dma.o
    0x08002ae6   0x0000009c   Code   RO         1444    i.HAL_DMA_Start_IT  stm32f3xx_hal_dma.o
    0x08002b82   0x00000002   PAD
    0x08002b84   0x00000028   Code   RO         1053    i.HAL_Delay         stm32f3xx_hal.o
    0x08002bac   0x000001b0   Code   RO         1369    i.HAL_GPIO_Init     stm32f3xx_hal_gpio.o
    0x08002d5c   0x00000014   Code   RO         1372    i.HAL_GPIO_TogglePin  stm32f3xx_hal_gpio.o
    0x08002d70   0x0000000a   Code   RO         1373    i.HAL_GPIO_WritePin  stm32f3xx_hal_gpio.o
    0x08002d7a   0x00000002   PAD
    0x08002d7c   0x0000000c   Code   RO         1057    i.HAL_GetTick       stm32f3xx_hal.o
    0x08002d88   0x00000080   Code   RO         2851    i.HAL_HRTIM_DLLCalibrationStart  stm32f3xx_hal_hrtim.o
    0x08002e08   0x000000ac   Code   RO         2854    i.HAL_HRTIM_DeadTimeConfig  stm32f3xx_hal_hrtim.o
    0x08002eb4   0x00000108   Code   RO         2874    i.HAL_HRTIM_Init    stm32f3xx_hal_hrtim.o
    0x08002fbc   0x00000030   Code   RO          374    i.HAL_HRTIM_MspInit  hrtim.o
    0x08002fec   0x0000009c   Code   RO          375    i.HAL_HRTIM_MspPostInit  hrtim.o
    0x08003088   0x0000004a   Code   RO         2881    i.HAL_HRTIM_PollForDLLCalibration  stm32f3xx_hal_hrtim.o
    0x080030d2   0x0000003a   Code   RO         2921    i.HAL_HRTIM_TimeBaseConfig  stm32f3xx_hal_hrtim.o
    0x0800310c   0x000001f8   Code   RO         2926    i.HAL_HRTIM_WaveformCompareConfig  stm32f3xx_hal_hrtim.o
    0x08003304   0x0000003c   Code   RO         2927    i.HAL_HRTIM_WaveformCountStart  stm32f3xx_hal_hrtim.o
    0x08003340   0x00000054   Code   RO         2935    i.HAL_HRTIM_WaveformOutputConfig  stm32f3xx_hal_hrtim.o
    0x08003394   0x00000040   Code   RO         2936    i.HAL_HRTIM_WaveformOutputStart  stm32f3xx_hal_hrtim.o
    0x080033d4   0x00000040   Code   RO         2937    i.HAL_HRTIM_WaveformOutputStop  stm32f3xx_hal_hrtim.o
    0x08003414   0x000000b2   Code   RO         2939    i.HAL_HRTIM_WaveformTimerConfig  stm32f3xx_hal_hrtim.o
    0x080034c6   0x00000002   PAD
    0x080034c8   0x00000018   Code   RO         1063    i.HAL_IncTick       stm32f3xx_hal.o
    0x080034e0   0x00000028   Code   RO         1064    i.HAL_Init          stm32f3xx_hal.o
    0x08003508   0x0000004c   Code   RO         1065    i.HAL_InitTick      stm32f3xx_hal.o
    0x08003554   0x00000040   Code   RO          608    i.HAL_MspInit       stm32f3xx_hal_msp.o
    0x08003594   0x00000020   Code   RO         1534    i.HAL_NVIC_EnableIRQ  stm32f3xx_hal_cortex.o
    0x080035b4   0x0000007c   Code   RO         1540    i.HAL_NVIC_SetPriority  stm32f3xx_hal_cortex.o
    0x08003630   0x00000028   Code   RO         1541    i.HAL_NVIC_SetPriorityGrouping  stm32f3xx_hal_cortex.o
    0x08003658   0x0000020c   Code   RO         1326    i.HAL_RCCEx_PeriphCLKConfig  stm32f3xx_hal_rcc_ex.o
    0x08003864   0x000002ac   Code   RO         1221    i.HAL_RCC_ClockConfig  stm32f3xx_hal_rcc.o
    0x08003b10   0x0000000c   Code   RO         1226    i.HAL_RCC_GetHCLKFreq  stm32f3xx_hal_rcc.o
    0x08003b1c   0x0000002c   Code   RO         1228    i.HAL_RCC_GetPCLK1Freq  stm32f3xx_hal_rcc.o
    0x08003b48   0x0000002c   Code   RO         1229    i.HAL_RCC_GetPCLK2Freq  stm32f3xx_hal_rcc.o
    0x08003b74   0x000000a0   Code   RO         1230    i.HAL_RCC_GetSysClockFreq  stm32f3xx_hal_rcc.o
    0x08003c14   0x00000a24   Code   RO         1233    i.HAL_RCC_OscConfig  stm32f3xx_hal_rcc.o
    0x08004638   0x00000034   Code   RO         1545    i.HAL_SYSTICK_Config  stm32f3xx_hal_cortex.o
    0x0800466c   0x00000002   Code   RO         4316    i.HAL_TIMEx_Break2Callback  stm32f3xx_hal_tim_ex.o
    0x0800466e   0x00000002   Code   RO         4317    i.HAL_TIMEx_BreakCallback  stm32f3xx_hal_tim_ex.o
    0x08004670   0x00000002   Code   RO         4318    i.HAL_TIMEx_CommutCallback  stm32f3xx_hal_tim_ex.o
    0x08004672   0x00000002   PAD
    0x08004674   0x00000094   Code   RO         4337    i.HAL_TIMEx_MasterConfigSynchronization  stm32f3xx_hal_tim_ex.o
    0x08004708   0x0000006e   Code   RO         3591    i.HAL_TIM_Base_Init  stm32f3xx_hal_tim.o
    0x08004776   0x00000002   PAD
    0x08004778   0x00000040   Code   RO          422    i.HAL_TIM_Base_MspInit  tim.o
    0x080047b8   0x00000084   Code   RO         3596    i.HAL_TIM_Base_Start_IT  stm32f3xx_hal_tim.o
    0x0800483c   0x00000110   Code   RO         3600    i.HAL_TIM_ConfigClockSource  stm32f3xx_hal_tim.o
    0x0800494c   0x00000002   Code   RO         3625    i.HAL_TIM_IC_CaptureCallback  stm32f3xx_hal_tim.o
    0x0800494e   0x000001b8   Code   RO         3639    i.HAL_TIM_IRQHandler  stm32f3xx_hal_tim.o
    0x08004b06   0x00000002   Code   RO         3642    i.HAL_TIM_OC_DelayElapsedCallback  stm32f3xx_hal_tim.o
    0x08004b08   0x00000002   Code   RO         3669    i.HAL_TIM_PWM_PulseFinishedCallback  stm32f3xx_hal_tim.o
    0x08004b0a   0x00000002   PAD
    0x08004b0c   0x00000114   Code   RO         5473    i.HAL_TIM_PeriodElapsedCallback  program.o
    0x08004c20   0x00000002   Code   RO         3682    i.HAL_TIM_TriggerCallback  stm32f3xx_hal_tim.o
    0x08004c22   0x00000002   Code   RO         4604    i.HAL_UARTEx_RxEventCallback  stm32f3xx_hal_uart.o
    0x08004c24   0x00000002   Code   RO         4620    i.HAL_UART_ErrorCallback  stm32f3xx_hal_uart.o
    0x08004c26   0x00000074   Code   RO         4624    i.HAL_UART_Init     stm32f3xx_hal_uart.o
    0x08004c9a   0x00000002   PAD
    0x08004c9c   0x000000b4   Code   RO          464    i.HAL_UART_MspInit  usart.o
    0x08004d50   0x00000050   Code   RO         4628    i.HAL_UART_Receive_DMA  stm32f3xx_hal_uart.o
    0x08004da0   0x00000002   Code   RO         5558    i.HAL_UART_RxCpltCallback  drv_usart.o
    0x08004da2   0x00000002   Code   RO         4632    i.HAL_UART_RxHalfCpltCallback  stm32f3xx_hal_uart.o
    0x08004da4   0x000000ba   Code   RO         4633    i.HAL_UART_Transmit  stm32f3xx_hal_uart.o
    0x08004e5e   0x00000080   Code   RO         2946    i.HRTIM_ForceRegistersUpdate  stm32f3xx_hal_hrtim.o
    0x08004ede   0x00000028   Code   RO         2951    i.HRTIM_MasterBase_Config  stm32f3xx_hal_hrtim.o
    0x08004f06   0x0000005c   Code   RO         2952    i.HRTIM_MasterWaveform_Config  stm32f3xx_hal_hrtim.o
    0x08004f62   0x000000f2   Code   RO         2954    i.HRTIM_OutputConfig  stm32f3xx_hal_hrtim.o
    0x08005054   0x00000040   Code   RO         2957    i.HRTIM_TimingUnitBase_Config  stm32f3xx_hal_hrtim.o
    0x08005094   0x000001e2   Code   RO         2958    i.HRTIM_TimingUnitWaveform_Config  stm32f3xx_hal_hrtim.o
    0x08005276   0x00000004   Code   RO          511    i.HardFault_Handler  stm32f3xx_it.o
    0x0800527a   0x00000002   PAD
    0x0800527c   0x00000040   Code   RO         5401    i.IncrementalPID_Clear  drv_pid.o
    0x080052bc   0x00000030   Code   RO         5402    i.IncrementalPID_ClearWithoutOutput  drv_pid.o
    0x080052ec   0x00000108   Code   RO         5403    i.IncrementalPID_Compute  drv_pid.o
    0x080053f4   0x0000003c   Code   RO         5404    i.IncrementalPID_Init  drv_pid.o
    0x08005430   0x00000038   Code   RO         5115    i.LED_OFF           function.o
    0x08005468   0x0000003c   Code   RO         5116    i.LED_ON            function.o
    0x080054a4   0x00000034   Code   RO         5117    i.LED_Toggle        function.o
    0x080054d8   0x000000f4   Code   RO          267    i.MX_ADC1_Init      adc.o
    0x080055cc   0x00000048   Code   RO          309    i.MX_CAN_Init       can.o
    0x08005614   0x00000044   Code   RO          349    i.MX_DMA_Init       dma.o
    0x08005658   0x000000b0   Code   RO          241    i.MX_GPIO_Init      gpio.o
    0x08005708   0x00000258   Code   RO          376    i.MX_HRTIM1_Init    hrtim.o
    0x08005960   0x0000006c   Code   RO          423    i.MX_TIM2_Init      tim.o
    0x080059cc   0x00000040   Code   RO          465    i.MX_USART2_UART_Init  usart.o
    0x08005a0c   0x00000004   Code   RO          512    i.MemManage_Handler  stm32f3xx_it.o
    0x08005a10   0x00000004   Code   RO          513    i.NMI_Handler       stm32f3xx_it.o
    0x08005a14   0x00000002   Code   RO          514    i.PendSV_Handler    stm32f3xx_it.o
    0x08005a16   0x00000002   Code   RO          515    i.SVC_Handler       stm32f3xx_it.o
    0x08005a18   0x000000c8   Code   RO         5118    i.ShortOff          function.o
    0x08005ae0   0x0000003c   Code   RO         5119    i.StateM            function.o
    0x08005b1c   0x00000030   Code   RO         5120    i.StateMErr         function.o
    0x08005b4c   0x00000014   Code   RO         5121    i.StateMInit        function.o
    0x08005b60   0x00000298   Code   RO         5122    i.StateMRise        function.o
    0x08005df8   0x00000014   Code   RO         5123    i.StateMRun         function.o
    0x08005e0c   0x00000044   Code   RO         5124    i.StateMWait        function.o
    0x08005e50   0x00000008   Code   RO          516    i.SysTick_Handler   stm32f3xx_it.o
    0x08005e58   0x00000084   Code   RO           14    i.SystemClock_Config  main.o
    0x08005edc   0x00000014   Code   RO         5076    i.SystemInit        system_stm32f3xx.o
    0x08005ef0   0x00000010   Code   RO          517    i.TIM2_IRQHandler   stm32f3xx_it.o
    0x08005f00   0x00000094   Code   RO         3684    i.TIM_Base_SetConfig  stm32f3xx_hal_tim.o
    0x08005f94   0x00000016   Code   RO         3695    i.TIM_ETR_SetConfig  stm32f3xx_hal_tim.o
    0x08005faa   0x00000012   Code   RO         3696    i.TIM_ITRx_SetConfig  stm32f3xx_hal_tim.o
    0x08005fbc   0x00000026   Code   RO         3704    i.TIM_TI1_ConfigInputStage  stm32f3xx_hal_tim.o
    0x08005fe2   0x00000028   Code   RO         3706    i.TIM_TI2_ConfigInputStage  stm32f3xx_hal_tim.o
    0x0800600a   0x00000002   PAD
    0x0800600c   0x00000028   Code   RO         5561    i.UART2_Open        drv_usart.o
    0x08006034   0x000000f8   Code   RO         4638    i.UART_AdvFeatureConfig  stm32f3xx_hal_uart.o
    0x0800612c   0x000000e6   Code   RO         4639    i.UART_CheckIdleState  stm32f3xx_hal_uart.o
    0x08006212   0x0000005c   Code   RO         4641    i.UART_DMAError     stm32f3xx_hal_uart.o
    0x0800626e   0x000000ac   Code   RO         4642    i.UART_DMAReceiveCplt  stm32f3xx_hal_uart.o
    0x0800631a   0x00000026   Code   RO         4644    i.UART_DMARxHalfCplt  stm32f3xx_hal_uart.o
    0x08006340   0x00000066   Code   RO         4650    i.UART_EndRxTransfer  stm32f3xx_hal_uart.o
    0x080063a6   0x00000020   Code   RO         4652    i.UART_EndTxTransfer  stm32f3xx_hal_uart.o
    0x080063c6   0x00000002   PAD
    0x080063c8   0x000001ac   Code   RO         4655    i.UART_SetConfig    stm32f3xx_hal_uart.o
    0x08006574   0x000000c0   Code   RO         4656    i.UART_Start_Receive_DMA  stm32f3xx_hal_uart.o
    0x08006634   0x000000a2   Code   RO         4660    i.UART_WaitOnFlagUntilTimeout  stm32f3xx_hal_uart.o
    0x080066d6   0x00000004   Code   RO          518    i.UsageFault_Handler  stm32f3xx_it.o
    0x080066da   0x00000002   PAD
    0x080066dc   0x00000024   Code   RO         5283    i.UserADC1_Init     power_calc.o
    0x08006700   0x00000024   Code   RO         5126    i.User_HRTIM_init   function.o
    0x08006724   0x00000078   Code   RO         5127    i.ValueInit         function.o
    0x0800679c   0x00000028   Code   RO         5474    i.WorkInit          program.o
    0x080067c4   0x00000020   Code   RO         5871    i.__0printf         mc_w.l(printfa.o)
    0x080067e4   0x00000010   Code   RO         1547    i.__NVIC_GetPriorityGrouping  stm32f3xx_hal_cortex.o
    0x080067f4   0x00000028   Code   RO         1548    i.__NVIC_SetPriority  stm32f3xx_hal_cortex.o
    0x0800681c   0x0000000e   Code   RO         5939    i.__scatterload_copy  mc_w.l(handlers.o)
    0x0800682a   0x00000002   Code   RO         5940    i.__scatterload_null  mc_w.l(handlers.o)
    0x0800682c   0x0000000e   Code   RO         5941    i.__scatterload_zeroinit  mc_w.l(handlers.o)
    0x0800683a   0x00000002   PAD
    0x0800683c   0x00000184   Code   RO         5878    i._fp_digits        mc_w.l(printfa.o)
    0x080069c0   0x000006dc   Code   RO         5879    i._printf_core      mc_w.l(printfa.o)
    0x0800709c   0x00000024   Code   RO         5880    i._printf_post_padding  mc_w.l(printfa.o)
    0x080070c0   0x0000002e   Code   RO         5881    i._printf_pre_padding  mc_w.l(printfa.o)
    0x080070ee   0x00000002   PAD
    0x080070f0   0x000000d8   Code   RO         5284    i.control_calc      power_calc.o
    0x080071c8   0x00000030   Code   RO         5564    i.fputc             drv_usart.o
    0x080071f8   0x0000002c   Code   RO           15    i.main              main.o
    0x08007224   0x00000020   Data   RO         1234    .constdata          stm32f3xx_hal_rcc.o
    0x08007244   0x00000018   Data   RO         5077    .constdata          system_stm32f3xx.o
    0x0800725c   0x00000020   Data   RO         5937    Region$$Table       anon$$obj.o


    Execution Region RW_IRAM2 (Base: 0x10000000, Size: 0x00000000, Max: 0x00001000, ABSOLUTE)

    **** No section assigned to this execution region ****


    Execution Region RW_IRAM1 (Base: 0x20000000, Size: 0x00000a60, Max: 0x00003000, ABSOLUTE)

    Base Addr    Size         Type   Attr      Idx    E Section Name        Object

    0x20000000   0x00000009   Data   RW         1071    .data               stm32f3xx_hal.o
    0x20000009   0x00000003   PAD
    0x2000000c   0x00000004   Data   RW         5078    .data               system_stm32f3xx.o
    0x20000010   0x00000044   Data   RW         5132    .data               function.o
    0x20000054   0x00000018   Data   RW         5286    .data               power_calc.o
    0x2000006c   0x00000004   Data   RW         5475    .data               program.o
    0x20000070   0x00000012   Data   RW         5513    .data               drv_can.o
    0x20000082   0x00000002   PAD
    0x20000084   0x00000004   Data   RW         5915    .data               mc_w.l(stdout.o)
    0x20000088   0x00000094   Zero   RW          268    .bss                adc.o
    0x2000011c   0x00000028   Zero   RW          310    .bss                can.o
    0x20000144   0x000000dc   Zero   RW          377    .bss                hrtim.o
    0x20000220   0x0000004c   Zero   RW          424    .bss                tim.o
    0x2000026c   0x000000cc   Zero   RW          466    .bss                usart.o
    0x20000338   0x0000000e   Zero   RW         5131    .bss                function.o
    0x20000346   0x00000002   PAD
    0x20000348   0x000000e4   Zero   RW         5285    .bss                power_calc.o
    0x2000042c   0x00000204   Zero   RW         5409    .bss                drv_pid.o
    0x20000630   0x0000002c   Zero   RW         5565    .bss                drv_usart.o
    0x2000065c   0x00000004   PAD
    0x20000660   0x00000400   Zero   RW            1    STACK               startup_stm32f334x8.o


==============================================================================

Image component sizes


      Code (inc. data)   RO Data    RW Data    ZI Data      Debug   Object Name

       484         24          0          0        148       2059   adc.o
       208         20          0          0         40       1695   can.o
        68          4          0          0          0        786   dma.o
       396         44          0         18          0       3501   drv_can.o
       436         18          0          0        516       4603   drv_pid.o
        90         14          0          0         44       2511   drv_usart.o
      1768        262          0         68         14      14355   function.o
       176          8          0          0          0        955   gpio.o
       804         32          0          0        220       2875   hrtim.o
       182          0          0          0          0     780264   main.o
      1880        194          0         24        228       4641   power_calc.o
       316         54          0          4          0       1718   program.o
        36          8        392          0       1024        844   startup_stm32f334x8.o
       192         36          0          9          0      15249   stm32f3xx_hal.o
         6          0          0          0          0       2158   stm32f3xx_hal_adc.o
      3752         82          0          0          0      13692   stm32f3xx_hal_adc_ex.o
      2122          0          0          0          0      14499   stm32f3xx_hal_can.o
       304         22          0          0          0      32815   stm32f3xx_hal_cortex.o
       544          4          0          0          0       4131   stm32f3xx_hal_dma.o
       462         24          0          0          0       2717   stm32f3xx_hal_gpio.o
      2698         30          0          0          0      15114   stm32f3xx_hal_hrtim.o
        64          6          0          0          0        866   stm32f3xx_hal_msp.o
      3540         96         32          0          0       6424   stm32f3xx_hal_rcc.o
       524         12          0          0          0       1496   stm32f3xx_hal_rcc_ex.o
      1228         42          0          0          0       9835   stm32f3xx_hal_tim.o
       154         14          0          0          0       3152   stm32f3xx_hal_tim_ex.o
      2084         56          0          0          0      13301   stm32f3xx_hal_uart.o
       114         30          0          0          0       6847   stm32f3xx_it.o
        20          6         24          4          0       1151   system_stm32f3xx.o
       172         10          0          0         76       1718   tim.o
       244         30          0          0        204       1817   usart.o

    ----------------------------------------------------------------------
     25096       1182        480        132       2520     967789   Object Totals
         0          0         32          0          0          0   (incl. Generated)
        28          0          0          5          6          0   (incl. Padding)

    ----------------------------------------------------------------------

      Code (inc. data)   RO Data    RW Data    ZI Data      Debug   Library Member Name

         0          0          0          0          0          0   entry.o
         0          0          0          0          0          0   entry10a.o
         0          0          0          0          0          0   entry11a.o
         8          4          0          0          0          0   entry2.o
         4          0          0          0          0          0   entry5.o
         0          0          0          0          0          0   entry7b.o
         0          0          0          0          0          0   entry8b.o
         8          4          0          0          0          0   entry9a.o
        30          0          0          0          0          0   handlers.o
        36          8          0          0          0         68   init.o
         0          0          0          0          0          0   iusefp.o
        30          0          0          0          0         68   llshl.o
        36          0          0          0          0         68   llsshr.o
        32          0          0          0          0         68   llushr.o
        36          0          0          0          0        108   memseta.o
      2258         90          0          0          0        452   printfa.o
         0          0          0          4          0          0   stdout.o
        44          0          0          0          0         80   uidiv.o
        98          0          0          0          0         92   uldiv.o
        48          0          0          0          0         68   cdrcmple.o
       334          0          0          0          0        148   dadd.o
       222          0          0          0          0        100   ddiv.o
       186          0          0          0          0        176   depilogue.o
        48          0          0          0          0         68   dfixul.o
       228          0          0          0          0         96   dmul.o
        38          0          0          0          0         68   f2d.o

    ----------------------------------------------------------------------
      3732        106          0          4          0       1728   Library Totals
         8          0          0          0          0          0   (incl. Padding)

    ----------------------------------------------------------------------

      Code (inc. data)   RO Data    RW Data    ZI Data      Debug   Library Name

      2620        106          0          4          0       1004   mc_w.l
      1104          0          0          0          0        724   mf_w.l

    ----------------------------------------------------------------------
      3732        106          0          4          0       1728   Library Totals

    ----------------------------------------------------------------------

==============================================================================


      Code (inc. data)   RO Data    RW Data    ZI Data      Debug   

     28828       1288        480        136       2520     952389   Grand Totals
     28828       1288        480        136       2520     952389   ELF Image Totals
     28828       1288        480        136          0          0   ROM Totals

==============================================================================

    Total RO  Size (Code + RO Data)                29308 (  28.62kB)
    Total RW  Size (RW Data + ZI Data)              2656 (   2.59kB)
    Total ROM Size (Code + RO Data + RW Data)      29444 (  28.75kB)

==============================================================================

