Component: ARM Compiler 5.06 update 7 (build 960) Tool: armlink [4d3601]

==============================================================================

Section Cross References

    startup_stm32f334x8.o(RESET) refers to startup_stm32f334x8.o(STACK) for __initial_sp
    startup_stm32f334x8.o(RESET) refers to startup_stm32f334x8.o(.text) for Reset_Handler
    startup_stm32f334x8.o(RESET) refers to stm32f3xx_it.o(i.NMI_Handler) for NMI_Handler
    startup_stm32f334x8.o(RESET) refers to stm32f3xx_it.o(i.HardFault_Handler) for HardFault_Handler
    startup_stm32f334x8.o(RESET) refers to stm32f3xx_it.o(i.MemManage_Handler) for MemManage_Handler
    startup_stm32f334x8.o(RESET) refers to stm32f3xx_it.o(i.BusFault_Handler) for BusFault_Handler
    startup_stm32f334x8.o(RESET) refers to stm32f3xx_it.o(i.UsageFault_Handler) for UsageFault_Handler
    startup_stm32f334x8.o(RESET) refers to stm32f3xx_it.o(i.SVC_Handler) for SVC_Handler
    startup_stm32f334x8.o(RESET) refers to stm32f3xx_it.o(i.DebugMon_Handler) for DebugMon_Handler
    startup_stm32f334x8.o(RESET) refers to stm32f3xx_it.o(i.PendSV_Handler) for PendSV_Handler
    startup_stm32f334x8.o(RESET) refers to stm32f3xx_it.o(i.SysTick_Handler) for SysTick_Handler
    startup_stm32f334x8.o(RESET) refers to stm32f3xx_it.o(i.DMA1_Channel1_IRQHandler) for DMA1_Channel1_IRQHandler
    startup_stm32f334x8.o(RESET) refers to stm32f3xx_it.o(i.DMA1_Channel7_IRQHandler) for DMA1_Channel7_IRQHandler
    startup_stm32f334x8.o(RESET) refers to stm32f3xx_it.o(i.ADC1_2_IRQHandler) for ADC1_2_IRQHandler
    startup_stm32f334x8.o(RESET) refers to stm32f3xx_it.o(i.CAN_RX0_IRQHandler) for CAN_RX0_IRQHandler
    startup_stm32f334x8.o(RESET) refers to stm32f3xx_it.o(i.TIM2_IRQHandler) for TIM2_IRQHandler
    startup_stm32f334x8.o(.text) refers to system_stm32f3xx.o(i.SystemInit) for SystemInit
    startup_stm32f334x8.o(.text) refers to entry.o(.ARM.Collect$$$$00000000) for __main
    main.o(i.SystemClock_Config) refers to memseta.o(.text) for __aeabi_memclr4
    main.o(i.SystemClock_Config) refers to stm32f3xx_hal_rcc.o(i.HAL_RCC_OscConfig) for HAL_RCC_OscConfig
    main.o(i.SystemClock_Config) refers to main.o(i.Error_Handler) for Error_Handler
    main.o(i.SystemClock_Config) refers to stm32f3xx_hal_rcc.o(i.HAL_RCC_ClockConfig) for HAL_RCC_ClockConfig
    main.o(i.SystemClock_Config) refers to stm32f3xx_hal_rcc_ex.o(i.HAL_RCCEx_PeriphCLKConfig) for HAL_RCCEx_PeriphCLKConfig
    main.o(i.main) refers to stm32f3xx_hal.o(i.HAL_Init) for HAL_Init
    main.o(i.main) refers to main.o(i.SystemClock_Config) for SystemClock_Config
    main.o(i.main) refers to gpio.o(i.MX_GPIO_Init) for MX_GPIO_Init
    main.o(i.main) refers to dma.o(i.MX_DMA_Init) for MX_DMA_Init
    main.o(i.main) refers to adc.o(i.MX_ADC1_Init) for MX_ADC1_Init
    main.o(i.main) refers to hrtim.o(i.MX_HRTIM1_Init) for MX_HRTIM1_Init
    main.o(i.main) refers to tim.o(i.MX_TIM2_Init) for MX_TIM2_Init
    main.o(i.main) refers to usart.o(i.MX_USART2_UART_Init) for MX_USART2_UART_Init
    main.o(i.main) refers to can.o(i.MX_CAN_Init) for MX_CAN_Init
    main.o(i.main) refers to program.o(i.WorkInit) for WorkInit
    gpio.o(i.MX_GPIO_Init) refers to memseta.o(.text) for __aeabi_memclr4
    gpio.o(i.MX_GPIO_Init) refers to stm32f3xx_hal_gpio.o(i.HAL_GPIO_WritePin) for HAL_GPIO_WritePin
    gpio.o(i.MX_GPIO_Init) refers to stm32f3xx_hal_gpio.o(i.HAL_GPIO_Init) for HAL_GPIO_Init
    adc.o(i.HAL_ADC_MspDeInit) refers to stm32f3xx_hal_gpio.o(i.HAL_GPIO_DeInit) for HAL_GPIO_DeInit
    adc.o(i.HAL_ADC_MspDeInit) refers to stm32f3xx_hal_dma.o(i.HAL_DMA_DeInit) for HAL_DMA_DeInit
    adc.o(i.HAL_ADC_MspDeInit) refers to stm32f3xx_hal_cortex.o(i.HAL_NVIC_DisableIRQ) for HAL_NVIC_DisableIRQ
    adc.o(i.HAL_ADC_MspInit) refers to memseta.o(.text) for __aeabi_memclr4
    adc.o(i.HAL_ADC_MspInit) refers to stm32f3xx_hal_gpio.o(i.HAL_GPIO_Init) for HAL_GPIO_Init
    adc.o(i.HAL_ADC_MspInit) refers to stm32f3xx_hal_dma.o(i.HAL_DMA_Init) for HAL_DMA_Init
    adc.o(i.HAL_ADC_MspInit) refers to main.o(i.Error_Handler) for Error_Handler
    adc.o(i.HAL_ADC_MspInit) refers to stm32f3xx_hal_cortex.o(i.HAL_NVIC_SetPriority) for HAL_NVIC_SetPriority
    adc.o(i.HAL_ADC_MspInit) refers to stm32f3xx_hal_cortex.o(i.HAL_NVIC_EnableIRQ) for HAL_NVIC_EnableIRQ
    adc.o(i.HAL_ADC_MspInit) refers to adc.o(.bss) for hdma_adc1
    adc.o(i.MX_ADC1_Init) refers to memseta.o(.text) for __aeabi_memclr4
    adc.o(i.MX_ADC1_Init) refers to stm32f3xx_hal_adc_ex.o(i.HAL_ADC_Init) for HAL_ADC_Init
    adc.o(i.MX_ADC1_Init) refers to main.o(i.Error_Handler) for Error_Handler
    adc.o(i.MX_ADC1_Init) refers to stm32f3xx_hal_adc_ex.o(i.HAL_ADCEx_MultiModeConfigChannel) for HAL_ADCEx_MultiModeConfigChannel
    adc.o(i.MX_ADC1_Init) refers to stm32f3xx_hal_adc_ex.o(i.HAL_ADC_ConfigChannel) for HAL_ADC_ConfigChannel
    adc.o(i.MX_ADC1_Init) refers to adc.o(.bss) for hadc1
[...]
    i.HAL_CAN_IRQHandler                     0x080024dc   Section        0  stm32f3xx_hal_can.o(i.HAL_CAN_IRQHandler)
    i.HAL_CAN_Init                           0x0800272a   Section        0  stm32f3xx_hal_can.o(i.HAL_CAN_Init)
    i.HAL_CAN_MspInit                        0x080028a0   Section        0  can.o(i.HAL_CAN_MspInit)
    i.HAL_CAN_RxFifo0FullCallback            0x08002928   Section        0  stm32f3xx_hal_can.o(i.HAL_CAN_RxFifo0FullCallback)
    i.HAL_CAN_RxFifo0MsgPendingCallback      0x0800292c   Section        0  drv_can.o(i.HAL_CAN_RxFifo0MsgPendingCallback)
    i.HAL_CAN_RxFifo1FullCallback            0x08002940   Section        0  stm32f3xx_hal_can.o(i.HAL_CAN_RxFifo1FullCallback)
    i.HAL_CAN_RxFifo1MsgPendingCallback      0x08002942   Section        0  stm32f3xx_hal_can.o(i.HAL_CAN_RxFifo1MsgPendingCallback)
    i.HAL_CAN_SleepCallback                  0x08002944   Section        0  stm32f3xx_hal_can.o(i.HAL_CAN_SleepCallback)
    i.HAL_CAN_Start                          0x08002946   Section        0  stm32f3xx_hal_can.o(i.HAL_CAN_Start)
    i.HAL_CAN_TxMailbox0AbortCallback        0x080029a4   Section        0  stm32f3xx_hal_can.o(i.HAL_CAN_TxMailbox0AbortCallback)
    i.HAL_CAN_TxMailbox0CompleteCallback     0x080029a6   Section        0  stm32f3xx_hal_can.o(i.HAL_CAN_TxMailbox0CompleteCallback)
    i.HAL_CAN_TxMailbox1AbortCallback        0x080029a8   Section        0  stm32f3xx_hal_can.o(i.HAL_CAN_TxMailbox1AbortCallback)
    i.HAL_CAN_TxMailbox1CompleteCallback     0x080029aa   Section        0  stm32f3xx_hal_can.o(i.HAL_CAN_TxMailbox1CompleteCallback)
    i.HAL_CAN_TxMailbox2AbortCallback        0x080029ac   Section        0  stm32f3xx_hal_can.o(i.HAL_CAN_TxMailbox2AbortCallback)
    i.HAL_CAN_TxMailbox2CompleteCallback     0x080029ae   Section        0  stm32f3xx_hal_can.o(i.HAL_CAN_TxMailbox2CompleteCallback)
    i.HAL_CAN_WakeUpFromRxMsgCallback        0x080029b0   Section        0  stm32f3xx_hal_can.o(i.HAL_CAN_WakeUpFromRxMsgCallback)
    i.HAL_DMA_IRQHandler                     0x080029b2   Section        0  stm32f3xx_hal_dma.o(i.HAL_DMA_IRQHandler)
    i.HAL_DMA_Init                           0x08002a98   Section        0  stm32f3xx_hal_dma.o(i.HAL_DMA_Init)
    i.HAL_DMA_Start_IT                       0x08002aee   Section        0  stm32f3xx_hal_dma.o(i.HAL_DMA_Start_IT)
    i.HAL_Delay                              0x08002b8c   Section        0  stm32f3xx_hal.o(i.HAL_Delay)
    i.HAL_GPIO_Init                          0x08002bb4   Section        0  stm32f3xx_hal_gpio.o(i.HAL_GPIO_Init)
    i.HAL_GPIO_TogglePin                     0x08002d64   Section        0  stm32f3xx_hal_gpio.o(i.HAL_GPIO_TogglePin)
    i.HAL_GPIO_WritePin                      0x08002d78   Section        0  stm32f3xx_hal_gpio.o(i.HAL_GPIO_WritePin)
    i.HAL_GetTick                            0x08002d84   Section        0  stm32f3xx_hal.o(i.HAL_GetTick)
    i.HAL_HRTIM_DLLCalibrationStart          0x08002d90   Section        0  stm32f3xx_hal_hrtim.o(i.HAL_HRTIM_DLLCalibrationStart)
    i.HAL_HRTIM_DeadTimeConfig               0x08002e10   Section        0  stm32f3xx_hal_hrtim.o(i.HAL_HRTIM_DeadTimeConfig)
    i.HAL_HRTIM_Init                         0x08002ebc   Section        0  stm32f3xx_hal_hrtim.o(i.HAL_HRTIM_Init)
    i.HAL_HRTIM_MspInit                      0x08002fc4   Section        0  hrtim.o(i.HAL_HRTIM_MspInit)
    i.HAL_HRTIM_MspPostInit                  0x08002ff4   Section        0  hrtim.o(i.HAL_HRTIM_MspPostInit)
    i.HAL_HRTIM_PollForDLLCalibration        0x08003090   Section        0  stm32f3xx_hal_hrtim.o(i.HAL_HRTIM_PollForDLLCalibration)
    i.HAL_HRTIM_TimeBaseConfig               0x080030da   Section        0  stm32f3xx_hal_hrtim.o(i.HAL_HRTIM_TimeBaseConfig)
    i.HAL_HRTIM_WaveformCompareConfig        0x08003114   Section        0  stm32f3xx_hal_hrtim.o(i.HAL_HRTIM_WaveformCompareConfig)
    i.HAL_HRTIM_WaveformCountStart           0x0800330c   Section        0  stm32f3xx_hal_hrtim.o(i.HAL_HRTIM_WaveformCountStart)
    i.HAL_HRTIM_WaveformOutputConfig         0x08003348   Section        0  stm32f3xx_hal_hrtim.o(i.HAL_HRTIM_WaveformOutputConfig)
    i.HAL_HRTIM_WaveformOutputStart          0x0800339c   Section        0  stm32f3xx_hal_hrtim.o(i.HAL_HRTIM_WaveformOutputStart)
    i.HAL_HRTIM_WaveformOutputStop           0x080033dc   Section        0  stm32f3xx_hal_hrtim.o(i.HAL_HRTIM_WaveformOutputStop)
    i.HAL_HRTIM_WaveformTimerConfig          0x0800341c   Section        0  stm32f3xx_hal_hrtim.o(i.HAL_HRTIM_WaveformTimerConfig)
    i.HAL_IncTick                            0x080034d0   Section        0  stm32f3xx_hal.o(i.HAL_IncTick)
    i.HAL_Init                               0x080034e8   Section        0  stm32f3xx_hal.o(i.HAL_Init)
    i.HAL_InitTick                           0x08003510   Section        0  stm32f3xx_hal.o(i.HAL_InitTick)
    i.HAL_MspInit                            0x0800355c   Section        0  stm32f3xx_hal_msp.o(i.HAL_MspInit)
    i.HAL_NVIC_EnableIRQ                     0x0800359c   Section        0  stm32f3xx_hal_cortex.o(i.HAL_NVIC_EnableIRQ)
    i.HAL_NVIC_SetPriority                   0x080035bc   Section        0  stm32f3xx_hal_cortex.o(i.HAL_NVIC_SetPriority)
    i.HAL_NVIC_SetPriorityGrouping           0x08003638   Section        0  stm32f3xx_hal_cortex.o(i.HAL_NVIC_SetPriorityGrouping)
    i.HAL_RCCEx_PeriphCLKConfig              0x08003660   Section        0  stm32f3xx_hal_rcc_ex.o(i.HAL_RCCEx_PeriphCLKConfig)
    i.HAL_RCC_ClockConfig                    0x0800386c   Section        0  stm32f3xx_hal_rcc.o(i.HAL_RCC_ClockConfig)
    i.HAL_RCC_GetHCLKFreq                    0x08003b18   Section        0  stm32f3xx_hal_rcc.o(i.HAL_RCC_GetHCLKFreq)
    i.HAL_RCC_GetPCLK1Freq                   0x08003b24   Section        0  stm32f3xx_hal_rcc.o(i.HAL_RCC_GetPCLK1Freq)
    i.HAL_RCC_GetPCLK2Freq                   0x08003b50   Section        0  stm32f3xx_hal_rcc.o(i.HAL_RCC_GetPCLK2Freq)
    i.HAL_RCC_GetSysClockFreq                0x08003b7c   Section        0  stm32f3xx_hal_rcc.o(i.HAL_RCC_GetSysClockFreq)
    i.HAL_RCC_OscConfig                      0x08003c1c   Section        0  stm32f3xx_hal_rcc.o(i.HAL_RCC_OscConfig)
    i.HAL_SYSTICK_Config                     0x08004640   Section        0  stm32f3xx_hal_cortex.o(i.HAL_SYSTICK_Config)
    i.HAL_TIMEx_Break2Callback               0x08004674   Section        0  stm32f3xx_hal_tim_ex.o(i.HAL_TIMEx_Break2Callback)
    i.HAL_TIMEx_BreakCallback                0x08004676   Section        0  stm32f3xx_hal_tim_ex.o(i.HAL_TIMEx_BreakCallback)
    i.HAL_TIMEx_CommutCallback               0x08004678   Section        0  stm32f3xx_hal_tim_ex.o(i.HAL_TIMEx_CommutCallback)
    i.HAL_TIMEx_MasterConfigSynchronization  0x0800467c   Section        0  stm32f3xx_hal_tim_ex.o(i.HAL_TIMEx_MasterConfigSynchronization)
    i.HAL_TIM_Base_Init                      0x08004710   Section        0  stm32f3xx_hal_tim.o(i.HAL_TIM_Base_Init)
    i.HAL_TIM_Base_MspInit                   0x08004780   Section        0  tim.o(i.HAL_TIM_Base_MspInit)
    i.HAL_TIM_Base_Start_IT                  0x080047c0   Section        0  stm32f3xx_hal_tim.o(i.HAL_TIM_Base_Start_IT)
    i.HAL_TIM_ConfigClockSource              0x08004844   Section        0  stm32f3xx_hal_tim.o(i.HAL_TIM_ConfigClockSource)
    i.HAL_TIM_IC_CaptureCallback             0x08004954   Section        0  stm32f3xx_hal_tim.o(i.HAL_TIM_IC_CaptureCallback)
    i.HAL_TIM_IRQHandler                     0x08004956   Section        0  stm32f3xx_hal_tim.o(i.HAL_TIM_IRQHandler)
    i.HAL_TIM_OC_DelayElapsedCallback        0x08004b0e   Section        0  stm32f3xx_hal_tim.o(i.HAL_TIM_OC_DelayElapsedCallback)
    i.HAL_TIM_PWM_PulseFinishedCallback      0x08004b10   Section        0  stm32f3xx_hal_tim.o(i.HAL_TIM_PWM_PulseFinishedCallback)
    i.HAL_TIM_PeriodElapsedCallback          0x08004b14   Section        0  program.o(i.HAL_TIM_PeriodElapsedCallback)
    i.HAL_TIM_TriggerCallback                0x08004c30   Section        0  stm32f3xx_hal_tim.o(i.HAL_TIM_TriggerCallback)
    i.HAL_UARTEx_RxEventCallback             0x08004c32   Section        0  stm32f3xx_hal_uart.o(i.HAL_UARTEx_RxEventCallback)
    i.HAL_UART_ErrorCallback                 0x08004c34   Section        0  stm32f3xx_hal_uart.o(i.HAL_UART_ErrorCallback)
    i.HAL_UART_Init                          0x08004c36   Section        0  stm32f3xx_hal_uart.o(i.HAL_UART_Init)
    i.HAL_UART_MspInit                       0x08004cac   Section        0  usart.o(i.HAL_UART_MspInit)
    i.HAL_UART_Receive_DMA                   0x08004d60   Section        0  stm32f3xx_hal_uart.o(i.HAL_UART_Receive_DMA)
    i.HAL_UART_RxCpltCallback                0x08004db0   Section        0  drv_usart.o(i.HAL_UART_RxCpltCallback)
    i.HAL_UART_RxHalfCpltCallback            0x08004db2   Section        0  stm32f3xx_hal_uart.o(i.HAL_UART_RxHalfCpltCallback)
    i.HAL_UART_Transmit                      0x08004db4   Section        0  stm32f3xx_hal_uart.o(i.HAL_UART_Transmit)
    i.HRTIM_ForceRegistersUpdate             0x08004e6e   Section        0  stm32f3xx_hal_hrtim.o(i.HRTIM_ForceRegistersUpdate)
    HRTIM_ForceRegistersUpdate               0x08004e6f   Thumb Code   128  stm32f3xx_hal_hrtim.o(i.HRTIM_ForceRegistersUpdate)
    i.HRTIM_MasterBase_Config                0x08004eee   Section        0  stm32f3xx_hal_hrtim.o(i.HRTIM_MasterBase_Config)
    HRTIM_MasterBase_Config                  0x08004eef   Thumb Code    40  stm32f3xx_hal_hrtim.o(i.HRTIM_MasterBase_Config)
    i.HRTIM_MasterWaveform_Config            0x08004f16   Section        0  stm32f3xx_hal_hrtim.o(i.HRTIM_MasterWaveform_Config)
    HRTIM_MasterWaveform_Config              0x08004f17   Thumb Code    92  stm32f3xx_hal_hrtim.o(i.HRTIM_MasterWaveform_Config)
    i.HRTIM_OutputConfig                     0x08004f72   Section        0  stm32f3xx_hal_hrtim.o(i.HRTIM_OutputConfig)
    HRTIM_OutputConfig                       0x08004f73   Thumb Code   242  stm32f3xx_hal_hrtim.o(i.HRTIM_OutputConfig)
    i.HRTIM_TimingUnitBase_Config            0x08005064   Section        0  stm32f3xx_hal_hrtim.o(i.HRTIM_TimingUnitBase_Config)
    HRTIM_TimingUnitBase_Config              0x08005065   Thumb Code    64  stm32f3xx_hal_hrtim.o(i.HRTIM_TimingUnitBase_Config)
    i.HRTIM_TimingUnitWaveform_Config        0x080050a4   Section        0  stm32f3xx_hal_hrtim.o(i.HRTIM_TimingUnitWaveform_Config)
    HRTIM_TimingUnitWaveform_Config          0x080050a5   Thumb Code   482  stm32f3xx_hal_hrtim.o(i.HRTIM_TimingUnitWaveform_Config)
    i.HardFault_Handler                      0x08005286   Section        0  stm32f3xx_it.o(i.HardFault_Handler)
    i.IncrementalPID_Clear                   0x0800528c   Section        0  drv_pid.o(i.IncrementalPID_Clear)
    i.IncrementalPID_ClearWithoutOutput      0x080052cc   Section        0  drv_pid.o(i.IncrementalPID_ClearWithoutOutput)
    i.IncrementalPID_Compute                 0x080052fc   Section        0  drv_pid.o(i.IncrementalPID_Compute)
    i.IncrementalPID_Init                    0x08005408   Section        0  drv_pid.o(i.IncrementalPID_Init)
    i.LED_OFF                                0x08005444   Section        0  function.o(i.LED_OFF)
    i.LED_ON                                 0x0800547c   Section        0  function.o(i.LED_ON)
    i.LED_Toggle                             0x080054b8   Section        0  function.o(i.LED_Toggle)
    i.MX_ADC1_Init                           0x080054ec   Section        0  adc.o(i.MX_ADC1_Init)
    i.MX_CAN_Init                            0x080055e0   Section        0  can.o(i.MX_CAN_Init)
    i.MX_DMA_Init                            0x08005628   Section        0  dma.o(i.MX_DMA_Init)
    i.MX_GPIO_Init                           0x0800566c   Section        0  gpio.o(i.MX_GPIO_Init)
    i.MX_HRTIM1_Init                         0x0800571c   Section        0  hrtim.o(i.MX_HRTIM1_Init)
    i.MX_TIM2_Init                           0x08005974   Section        0  tim.o(i.MX_TIM2_Init)
    i.MX_USART2_UART_Init                    0x080059e0   Section        0  usart.o(i.MX_USART2_UART_Init)
    i.MemManage_Handler                      0x08005a20   Section        0  stm32f3xx_it.o(i.MemManage_Handler)
    i.NMI_Handler                            0x08005a24   Section        0  stm32f3xx_it.o(i.NMI_Handler)
    i.PendSV_Handler                         0x08005a28   Section        0  stm32f3xx_it.o(i.PendSV_Handler)
    i.SVC_Handler                            0x08005a2a   Section        0  stm32f3xx_it.o(i.SVC_Handler)
    i.ShortOff                               0x08005a2c   Section        0  function.o(i.ShortOff)
    i.StateM                                 0x08005af4   Section        0  function.o(i.StateM)
    i.StateMErr                              0x08005b30   Section        0  function.o(i.StateMErr)
    i.StateMInit                             0x08005b60   Section        0  function.o(i.StateMInit)
    i.StateMRise                             0x08005b74   Section        0  function.o(i.StateMRise)
    i.StateMRun                              0x08005e14   Section        0  function.o(i.StateMRun)
    i.StateMWait                             0x08005e28   Section        0  function.o(i.StateMWait)
    i.SysTick_Handler                        0x08005e6c   Section        0  stm32f3xx_it.o(i.SysTick_Handler)
    i.SystemClock_Config                     0x08005e74   Section        0  main.o(i.SystemClock_Config)
    i.SystemInit                             0x08005ef8   Section        0  system_stm32f3xx.o(i.SystemInit)
    i.TIM2_IRQHandler                        0x08005f0c   Section        0  stm32f3xx_it.o(i.TIM2_IRQHandler)
    i.TIM_Base_SetConfig                     0x08005f1c   Section        0  stm32f3xx_hal_tim.o(i.TIM_Base_SetConfig)
    i.TIM_ETR_SetConfig                      0x08005fb0   Section        0  stm32f3xx_hal_tim.o(i.TIM_ETR_SetConfig)
    i.TIM_ITRx_SetConfig                     0x08005fc6   Section        0  stm32f3xx_hal_tim.o(i.TIM_ITRx_SetConfig)
    TIM_ITRx_SetConfig                       0x08005fc7   Thumb Code    18  stm32f3xx_hal_tim.o(i.TIM_ITRx_SetConfig)
    i.TIM_TI1_ConfigInputStage               0x08005fd8   Section        0  stm32f3xx_hal_tim.o(i.TIM_TI1_ConfigInputStage)
    TIM_TI1_ConfigInputStage                 0x08005fd9   Thumb Code    38  stm32f3xx_hal_tim.o(i.TIM_TI1_ConfigInputStage)
    i.TIM_TI2_ConfigInputStage               0x08005ffe   Section        0  stm32f3xx_hal_tim.o(i.TIM_TI2_ConfigInputStage)
    TIM_TI2_ConfigInputStage                 0x08005fff   Thumb Code    40  stm32f3xx_hal_tim.o(i.TIM_TI2_ConfigInputStage)
    i.UART2_Open                             0x08006028   Section        0  drv_usart.o(i.UART2_Open)
    i.UART_AdvFeatureConfig                  0x08006050   Section        0  stm32f3xx_hal_uart.o(i.UART_AdvFeatureConfig)
    i.UART_CheckIdleState                    0x08006148   Section        0  stm32f3xx_hal_uart.o(i.UART_CheckIdleState)
    i.UART_DMAError                          0x0800622e   Section        0  stm32f3xx_hal_uart.o(i.UART_DMAError)
    UART_DMAError                            0x0800622f   Thumb Code    92  stm32f3xx_hal_uart.o(i.UART_DMAError)
    i.UART_DMAReceiveCplt                    0x0800628a   Section        0  stm32f3xx_hal_uart.o(i.UART_DMAReceiveCplt)
    UART_DMAReceiveCplt                      0x0800628b   Thumb Code   172  stm32f3xx_hal_uart.o(i.UART_DMAReceiveCplt)
    i.UART_DMARxHalfCplt                     0x08006336   Section        0  stm32f3xx_hal_uart.o(i.UART_DMARxHalfCplt)
    UART_DMARxHalfCplt                       0x08006337   Thumb Code    38  stm32f3xx_hal_uart.o(i.UART_DMARxHalfCplt)
    i.UART_EndRxTransfer                     0x0800635c   Section        0  stm32f3xx_hal_uart.o(i.UART_EndRxTransfer)
    UART_EndRxTransfer                       0x0800635d   Thumb Code   102  stm32f3xx_hal_uart.o(i.UART_EndRxTransfer)
    i.UART_EndTxTransfer                     0x080063c2   Section        0  stm32f3xx_hal_uart.o(i.UART_EndTxTransfer)
    UART_EndTxTransfer                       0x080063c3   Thumb Code    32  stm32f3xx_hal_uart.o(i.UART_EndTxTransfer)
    i.UART_SetConfig                         0x080063e4   Section        0  stm32f3xx_hal_uart.o(i.UART_SetConfig)
    i.UART_Start_Receive_DMA                 0x08006590   Section        0  stm32f3xx_hal_uart.o(i.UART_Start_Receive_DMA)
    i.UART_WaitOnFlagUntilTimeout            0x08006650   Section        0  stm32f3xx_hal_uart.o(i.UART_WaitOnFlagUntilTimeout)
    i.UsageFault_Handler                     0x080066f2   Section        0  stm32f3xx_it.o(i.UsageFault_Handler)
    i.UserADC1_Init                          0x080066f8   Section        0  power_calc.o(i.UserADC1_Init)
    i.User_HRTIM_init                        0x0800671c   Section        0  function.o(i.User_HRTIM_init)
    i.ValueInit                              0x08006740   Section        0  function.o(i.ValueInit)
    i.WorkInit                               0x080067b8   Section        0  program.o(i.WorkInit)
    i.__0printf                              0x080067e0   Section        0  printfa.o(i.__0printf)
    i.__NVIC_GetPriorityGrouping             0x08006800   Section        0  stm32f3xx_hal_cortex.o(i.__NVIC_GetPriorityGrouping)
    __NVIC_GetPriorityGrouping               0x08006801   Thumb Code    10  stm32f3xx_hal_cortex.o(i.__NVIC_GetPriorityGrouping)
    i.__NVIC_SetPriority                     0x08006810   Section        0  stm32f3xx_hal_cortex.o(i.__NVIC_SetPriority)
    __NVIC_SetPriority                       0x08006811   Thumb Code    32  stm32f3xx_hal_cortex.o(i.__NVIC_SetPriority)
    i.__scatterload_copy                     0x08006838   Section       14  handlers.o(i.__scatterload_copy)
    i.__scatterload_null                     0x08006846   Section        2  handlers.o(i.__scatterload_null)
    i.__scatterload_zeroinit                 0x08006848   Section       14  handlers.o(i.__scatterload_zeroinit)
    i._fp_digits                             0x08006858   Section        0  printfa.o(i._fp_digits)
    _fp_digits                               0x08006859   Thumb Code   366  printfa.o(i._fp_digits)
    i._printf_core                           0x080069dc   Section        0  printfa.o(i._printf_core)
    _printf_core                             0x080069dd   Thumb Code  1704  printfa.o(i._printf_core)
    i._printf_post_padding                   0x08007090   Section        0  printfa.o(i._printf_post_padding)
    _printf_post_padding                     0x08007091   Thumb Code    36  printfa.o(i._printf_post_padding)
    i._printf_pre_padding                    0x080070b4   Section        0  printfa.o(i._printf_pre_padding)
    _printf_pre_padding                      0x080070b5   Thumb Code    46  printfa.o(i._printf_pre_padding)
    i.control_calc                           0x080070e4   Section        0  power_calc.o(i.control_calc)
    i.fputc                                  0x080071bc   Section        0  drv_usart.o(i.fputc)
    i.main                                   0x080071ec   Section        0  main.o(i.main)
    .constdata                               0x08007218   Section       32  stm32f3xx_hal_rcc.o(.constdata)
    aPLLMULFactorTable                       0x08007218   Data          16  stm32f3xx_hal_rcc.o(.constdata)
    aPredivFactorTable                       0x08007228   Data          16  stm32f3xx_hal_rcc.o(.constdata)
    .constdata                               0x08007238   Section       24  system_stm32f3xx.o(.constdata)
    .data                                    0x20000000   Section        9  stm32f3xx_hal.o(.data)
    .data                                    0x2000000c   Section        4  system_stm32f3xx.o(.data)
    .data                                    0x20000010   Section       68  function.o(.data)
    CntS                                     0x20000036   Data           2  function.o(.data)
    Cnt                                      0x20000038   Data           2  function.o(.data)
    BuckMaxDutyCnt                           0x2000003a   Data           2  function.o(.data)
    BoostMaxDutyCnt                          0x2000003c   Data           2  function.o(.data)
    RSCnt                                    0x20000040   Data           4  function.o(.data)
    RSNum                                    0x20000044   Data           1  function.o(.data)
    OCPCnt                                   0x20000046   Data           2  function.o(.data)
    RSCnt                                    0x20000048   Data           2  function.o(.data)
    RSNum                                    0x2000004a   Data           2  function.o(.data)
    OVPCnt                                   0x2000004c   Data           2  function.o(.data)
    UVPCnt                                   0x2000004e   Data           2  function.o(.data)
    RSCnt                                    0x20000050   Data           2  function.o(.data)
    OVPCnt                                   0x20000052   Data           2  function.o(.data)
    .data                                    0x20000054   Section       28  power_calc.o(.data)
    .data                                    0x20000070   Section        4  program.o(.data)
    .data                                    0x20000074   Section       18  drv_can.o(.data)
    .data                                    0x20000088   Section        4  stdout.o(.data)
    .bss                                     0x2000008c   Section      148  adc.o(.bss)
    .bss                                     0x20000120   Section       40  can.o(.bss)
    .bss                                     0x20000148   Section      220  hrtim.o(.bss)
    .bss                                     0x20000224   Section       76  tim.o(.bss)
    .bss                                     0x20000270   Section      204  usart.o(.bss)
    .bss                                     0x2000033c   Section       14  function.o(.bss)
    .bss                                     0x2000034c   Section      228  power_calc.o(.bss)
    .bss                                     0x20000430   Section      548  drv_pid.o(.bss)
    .bss                                     0x20000654   Section       44  drv_usart.o(.bss)
    STACK                                    0x20000680   Section     1024  startup_stm32f334x8.o(STACK)

    Global Symbols

    Symbol Name                              Value     Ov Type        Size  Object(Section)

    BuildAttributes$$THM_ISAv4$E$P$D$K$B$S$7EM$VFPi3$EXTD16$VFPS$VFMA$PE$A:L22UL41UL21$X:L11$S22US41US21$IEEE1$IW$USESV6$~STKCKD$USESV7$~SHL$OSPACE$ROPI$EBA8$MICROLIB$REQ8$PRES8$EABIv2 0x00000000   Number         0  anon$$obj.o ABSOLUTE
    __ARM_use_no_argv                        0x00000000   Number         0  main.o ABSOLUTE
    _printf_a                                0x00000000   Number         0  stubs.o ABSOLUTE
    _printf_c                                0x00000000   Number         0  stubs.o ABSOLUTE
    _printf_charcount                        0x00000000   Number         0  stubs.o ABSOLUTE
    _printf_d                                0x00000000   Number         0  stubs.o ABSOLUTE
    _printf_e                                0x00000000   Number         0  stubs.o ABSOLUTE
    _printf_f                                0x00000000   Number         0  stubs.o ABSOLUTE
    _printf_flags                            0x00000000   Number         0  stubs.o ABSOLUTE
    _printf_fp_dec                           0x00000000   Number         0  stubs.o ABSOLUTE
    _printf_fp_hex                           0x00000000   Number         0  stubs.o ABSOLUTE
    _printf_g                                0x00000000   Number         0  stubs.o ABSOLUTE
    _printf_i                                0x00000000   Number         0  stubs.o ABSOLUTE
    _printf_int_dec                          0x00000000   Number         0  stubs.o ABSOLUTE
    _printf_l                                0x00000000   Number         0  stubs.o ABSOLUTE
    _printf_lc                               0x00000000   Number         0  stubs.o ABSOLUTE
    _printf_ll                               0x00000000   Number         0  stubs.o ABSOLUTE
    _printf_lld                              0x00000000   Number         0  stubs.o ABSOLUTE
    _printf_lli                              0x00000000   Number         0  stubs.o ABSOLUTE
    _printf_llo                              0x00000000   Number         0  stubs.o ABSOLUTE
    _printf_llu                              0x00000000   Number         0  stubs.o ABSOLUTE
    _printf_llx                              0x00000000   Number         0  stubs.o ABSOLUTE
    _printf_longlong_dec                     0x00000000   Number         0  stubs.o ABSOLUTE
    _printf_longlong_hex                     0x00000000   Number         0  stubs.o ABSOLUTE
    _printf_longlong_oct                     0x00000000   Number         0  stubs.o ABSOLUTE
    _printf_ls                               0x00000000   Number         0  stubs.o ABSOLUTE
    _printf_mbtowc                           0x00000000   Number         0  stubs.o ABSOLUTE
    _printf_n                                0x00000000   Number         0  stubs.o ABSOLUTE
    _printf_o                                0x00000000   Number         0  stubs.o ABSOLUTE
    _printf_p                                0x00000000   Number         0  stubs.o ABSOLUTE
    _printf_percent                          0x00000000   Number         0  stubs.o ABSOLUTE
    _printf_pre_padding                      0x00000000   Number         0  stubs.o ABSOLUTE
    _printf_return_value                     0x00000000   Number         0  stubs.o ABSOLUTE
    _printf_s                                0x00000000   Number         0  stubs.o ABSOLUTE
    _printf_sizespec                         0x00000000   Number         0  stubs.o ABSOLUTE
    _printf_str                              0x00000000   Number         0  stubs.o ABSOLUTE
    _printf_truncate_signed                  0x00000000   Number         0  stubs.o ABSOLUTE
    _printf_truncate_unsigned                0x00000000   Number         0  stubs.o ABSOLUTE
    _printf_u                                0x00000000   Number         0  stubs.o ABSOLUTE
    _printf_wc                               0x00000000   Number         0  stubs.o ABSOLUTE
    _printf_wctomb                           0x00000000   Number         0  stubs.o ABSOLUTE
    _printf_widthprec                        0x00000000   Number         0  stubs.o ABSOLUTE
    _printf_x                                0x00000000   Number         0  stubs.o ABSOLUTE
    __arm_fini_                               - Undefined Weak Reference
    __cpp_initialize__aeabi_                  - Undefined Weak Reference
    __cxa_finalize                            - Undefined Weak Reference
    __decompress                              - Undefined Weak Reference
    _clock_init                               - Undefined Weak Reference
    _microlib_exit                            - Undefined Weak Reference
    __Vectors_Size                           0x00000188   Number         0  startup_stm32f334x8.o ABSOLUTE
    __Vectors                                0x08000000   Data           4  startup_stm32f334x8.o(RESET)
    __Vectors_End                            0x08000188   Data           0  startup_stm32f334x8.o(RESET)
    __main                                   0x08000189   Thumb Code     0  entry.o(.ARM.Collect$$$$00000000)
    _main_stk                                0x08000189   Thumb Code     0  entry2.o(.ARM.Collect$$$$00000001)
    _main_scatterload                        0x0800018d   Thumb Code     0  entry5.o(.ARM.Collect$$$$00000004)
    __main_after_scatterload                 0x08000191   Thumb Code     0  entry5.o(.ARM.Collect$$$$00000004)
    _main_clock                              0x08000191   Thumb Code     0  entry7b.o(.ARM.Collect$$$$00000008)
    _main_cpp_init                           0x08000191   Thumb Code     0  entry8b.o(.ARM.Collect$$$$0000000A)
    _main_init                               0x08000191   Thumb Code     0  entry9a.o(.ARM.Collect$$$$0000000B)
    __rt_lib_shutdown_fini                   0x08000199   Thumb Code     0  entry12b.o(.ARM.Collect$$$$0000000E)
    __rt_final_cpp                           0x0800019d   Thumb Code     0  entry10a.o(.ARM.Collect$$$$0000000F)
    __rt_final_exit                          0x0800019d   Thumb Code     0  entry11a.o(.ARM.Collect$$$$00000011)
    Reset_Handler                            0x080001a1   Thumb Code     8  startup_stm32f334x8.o(.text)
    CAN_RX1_IRQHandler                       0x080001bb   Thumb Code     0  startup_stm32f334x8.o(.text)
    CAN_SCE_IRQHandler                       0x080001bb   Thumb Code     0  startup_stm32f334x8.o(.text)
    CAN_TX_IRQHandler                        0x080001bb   Thumb Code     0  startup_stm32f334x8.o(.text)
    COMP2_IRQHandler                         0x080001bb   Thumb Code     0  startup_stm32f334x8.o(.text)
    COMP4_6_IRQHandler                       0x080001bb   Thumb Code     0  startup_stm32f334x8.o(.text)
    DMA1_Channel2_IRQHandler                 0x080001bb   Thumb Code     0  startup_stm32f334x8.o(.text)
    DMA1_Channel3_IRQHandler                 0x080001bb   Thumb Code     0  startup_stm32f334x8.o(.text)
    DMA1_Channel4_IRQHandler                 0x080001bb   Thumb Code     0  startup_stm32f334x8.o(.text)
    DMA1_Channel5_IRQHandler                 0x080001bb   Thumb Code     0  startup_stm32f334x8.o(.text)
    DMA1_Channel6_IRQHandler                 0x080001bb   Thumb Code     0  startup_stm32f334x8.o(.text)
    EXTI0_IRQHandler                         0x080001bb   Thumb Code     0  startup_stm32f334x8.o(.text)
    EXTI15_10_IRQHandler                     0x080001bb   Thumb Code     0  startup_stm32f334x8.o(.text)
    EXTI1_IRQHandler                         0x080001bb   Thumb Code     0  startup_stm32f334x8.o(.text)
    EXTI2_TSC_IRQHandler                     0x080001bb   Thumb Code     0  startup_stm32f334x8.o(.text)
    EXTI3_IRQHandler                         0x080001bb   Thumb Code     0  startup_stm32f334x8.o(.text)
    EXTI4_IRQHandler                         0x080001bb   Thumb Code     0  startup_stm32f334x8.o(.text)
    EXTI9_5_IRQHandler                       0x080001bb   Thumb Code     0  startup_stm32f334x8.o(.text)
    FLASH_IRQHandler                         0x080001bb   Thumb Code     0  startup_stm32f334x8.o(.text)
    FPU_IRQHandler                           0x080001bb   Thumb Code     0  startup_stm32f334x8.o(.text)
    HRTIM1_FLT_IRQHandler                    0x080001bb   Thumb Code     0  startup_stm32f334x8.o(.text)
    HRTIM1_Master_IRQHandler                 0x080001bb   Thumb Code     0  startup_stm32f334x8.o(.text)
    HRTIM1_TIMA_IRQHandler                   0x080001bb   Thumb Code     0  startup_stm32f334x8.o(.text)
    HRTIM1_TIMB_IRQHandler                   0x080001bb   Thumb Code     0  startup_stm32f334x8.o(.text)
    HRTIM1_TIMC_IRQHandler                   0x080001bb   Thumb Code     0  startup_stm32f334x8.o(.text)
    HRTIM1_TIMD_IRQHandler                   0x080001bb   Thumb Code     0  startup_stm32f334x8.o(.text)
    HRTIM1_TIME_IRQHandler                   0x080001bb   Thumb Code     0  startup_stm32f334x8.o(.text)
    I2C1_ER_IRQHandler                       0x080001bb   Thumb Code     0  startup_stm32f334x8.o(.text)
    I2C1_EV_IRQHandler                       0x080001bb   Thumb Code     0  startup_stm32f334x8.o(.text)
    PVD_IRQHandler                           0x080001bb   Thumb Code     0  startup_stm32f334x8.o(.text)
    RCC_IRQHandler                           0x080001bb   Thumb Code     0  startup_stm32f334x8.o(.text)
    RTC_Alarm_IRQHandler                     0x080001bb   Thumb Code     0  startup_stm32f334x8.o(.text)
    RTC_WKUP_IRQHandler                      0x080001bb   Thumb Code     0  startup_stm32f334x8.o(.text)
    SPI1_IRQHandler                          0x080001bb   Thumb Code     0  startup_stm32f334x8.o(.text)
    TAMP_STAMP_IRQHandler                    0x080001bb   Thumb Code     0  startup_stm32f334x8.o(.text)
    TIM1_BRK_TIM15_IRQHandler                0x080001bb   Thumb Code     0  startup_stm32f334x8.o(.text)
    TIM1_CC_IRQHandler                       0x080001bb   Thumb Code     0  startup_stm32f334x8.o(.text)
    TIM1_TRG_COM_TIM17_IRQHandler            0x080001bb   Thumb Code     0  startup_stm32f334x8.o(.text)
    TIM1_UP_TIM16_IRQHandler                 0x080001bb   Thumb Code     0  startup_stm32f334x8.o(.text)
    TIM3_IRQHandler                          0x080001bb   Thumb Code     0  startup_stm32f334x8.o(.text)
    TIM6_DAC1_IRQHandler                     0x080001bb   Thumb Code     0  startup_stm32f334x8.o(.text)
    TIM7_DAC2_IRQHandler                     0x080001bb   Thumb Code     0  startup_stm32f334x8.o(.text)
    USART1_IRQHandler                        0x080001bb   Thumb Code     0  startup_stm32f334x8.o(.text)
    USART2_IRQHandler                        0x080001bb   Thumb Code     0  startup_stm32f334x8.o(.text)
    USART3_IRQHandler                        0x080001bb   Thumb Code     0  startup_stm32f334x8.o(.text)
    WWDG_IRQHandler                          0x080001bb   Thumb Code     0  startup_stm32f334x8.o(.text)
    __aeabi_uldivmod                         0x080001c5   Thumb Code    98  uldiv.o(.text)
    __aeabi_llsr                             0x08000227   Thumb Code    32  llushr.o(.text)
    _ll_ushift_r                             0x08000227   Thumb Code     0  llushr.o(.text)
    __aeabi_memset                           0x08000247   Thumb Code    14  memseta.o(.text)
    __aeabi_memset4                          0x08000247   Thumb Code     0  memseta.o(.text)
    __aeabi_memset8                          0x08000247   Thumb Code     0  memseta.o(.text)
    __aeabi_memclr                           0x08000255   Thumb Code     4  memseta.o(.text)
    __aeabi_memclr4                          0x08000255   Thumb Code     0  memseta.o(.text)
    __aeabi_memclr8                          0x08000255   Thumb Code     0  memseta.o(.text)
    _memset$wrapper                          0x08000259   Thumb Code    18  memseta.o(.text)
    __aeabi_f2d                              0x0800026b   Thumb Code    38  f2d.o(.text)
    __aeabi_uidiv                            0x08000291   Thumb Code     0  uidiv.o(.text)
    __aeabi_uidivmod                         0x08000291   Thumb Code    44  uidiv.o(.text)
    __aeabi_llsl                             0x080002bd   Thumb Code    30  llshl.o(.text)
    _ll_shift_l                              0x080002bd   Thumb Code     0  llshl.o(.text)
    __I$use$fp                               0x080002db   Thumb Code     0  iusefp.o(.text)
    __aeabi_dadd                             0x080002db   Thumb Code   322  dadd.o(.text)
    __aeabi_dsub                             0x0800041d   Thumb Code     6  dadd.o(.text)
    __aeabi_drsub                            0x08000423   Thumb Code     6  dadd.o(.text)
    __aeabi_dmul                             0x08000429   Thumb Code   228  dmul.o(.text)
    __aeabi_ddiv                             0x0800050d   Thumb Code   222  ddiv.o(.text)
    __aeabi_d2ulz                            0x080005eb   Thumb Code    48  dfixul.o(.text)
    __aeabi_cdrcmple                         0x0800061d   Thumb Code    48  cdrcmple.o(.text)
    __scatterload                            0x0800064d   Thumb Code    28  init.o(.text)
    __scatterload_rt2                        0x0800064d   Thumb Code     0  init.o(.text)
    __aeabi_lasr                             0x08000671   Thumb Code    36  llsshr.o(.text)
    _ll_sshift_r                             0x08000671   Thumb Code     0  llsshr.o(.text)
    _double_round                            0x08000695   Thumb Code    30  depilogue.o(.text)
    _double_epilogue                         0x080006b3   Thumb Code   156  depilogue.o(.text)
    ADC1_2_IRQHandler                        0x08000751   Thumb Code    10  stm32f3xx_it.o(i.ADC1_2_IRQHandler)
    BBMode                                   0x08000919   Thumb Code   166  function.o(i.BBMode)
    BuckBoostVLoopCtlPID                     0x080009e5   Thumb Code  1260  power_calc.o(i.BuckBoostVLoopCtlPID)
    BusFault_Handler                         0x08000edd   Thumb Code     4  stm32f3xx_it.o(i.BusFault_Handler)
    CAN_Filter_Init                          0x08000ee1   Thumb Code    68  drv_can.o(i.CAN_Filter_Init)
    CAN_RX0_IRQHandler                       0x08000f25   Thumb Code    10  stm32f3xx_it.o(i.CAN_RX0_IRQHandler)
    CAN_ReceiveData                          0x08000f35   Thumb Code   120  drv_can.o(i.CAN_ReceiveData)
    CAN_SendData                             0x08000fc1   Thumb Code   148  drv_can.o(i.CAN_SendData)
    DMA1_Channel1_IRQHandler                 0x08001069   Thumb Code    10  stm32f3xx_it.o(i.DMA1_Channel1_IRQHandler)
    DMA1_Channel7_IRQHandler                 0x08001079   Thumb Code    10  stm32f3xx_it.o(i.DMA1_Channel7_IRQHandler)
    DRMode                                   0x080010d1   Thumb Code   144  function.o(i.DRMode)
    DebugMon_Handler                         0x08001169   Thumb Code     2  stm32f3xx_it.o(i.DebugMon_Handler)
    DetectMErr                               0x0800116b   Thumb Code     8  function.o(i.DetectMErr)
    Error_Handler                            0x08001173   Thumb Code     6  main.o(i.Error_Handler)
    HAL_ADCEx_Calibration_Start              0x08001179   Thumb Code   188  stm32f3xx_hal_adc_ex.o(i.HAL_ADCEx_Calibration_Start)
    HAL_ADCEx_InjectedConvCpltCallback       0x08001235   Thumb Code     2  stm32f3xx_hal_adc_ex.o(i.HAL_ADCEx_InjectedConvCpltCallback)
    HAL_ADCEx_InjectedQueueOverflowCallback  0x08001237   Thumb Code     2  stm32f3xx_hal_adc_ex.o(i.HAL_ADCEx_InjectedQueueOverflowCallback)
    HAL_ADCEx_LevelOutOfWindow2Callback      0x08001239   Thumb Code     2  stm32f3xx_hal_adc_ex.o(i.HAL_ADCEx_LevelOutOfWindow2Callback)
    HAL_ADCEx_LevelOutOfWindow3Callback      0x0800123b   Thumb Code     2  stm32f3xx_hal_adc_ex.o(i.HAL_ADCEx_LevelOutOfWindow3Callback)
    HAL_ADCEx_MultiModeConfigChannel         0x0800123d   Thumb Code   306  stm32f3xx_hal_adc_ex.o(i.HAL_ADCEx_MultiModeConfigChannel)
    HAL_ADC_ConfigChannel                    0x08001379   Thumb Code  1032  stm32f3xx_hal_adc_ex.o(i.HAL_ADC_ConfigChannel)
    HAL_ADC_ConvCpltCallback                 0x08001795   Thumb Code   300  power_calc.o(i.HAL_ADC_ConvCpltCallback)
    HAL_ADC_ConvHalfCpltCallback             0x080018fd   Thumb Code     2  stm32f3xx_hal_adc.o(i.HAL_ADC_ConvHalfCpltCallback)
    HAL_ADC_ErrorCallback                    0x080018ff   Thumb Code     2  stm32f3xx_hal_adc.o(i.HAL_ADC_ErrorCallback)
    HAL_ADC_IRQHandler                       0x08001901   Thumb Code   786  stm32f3xx_hal_adc_ex.o(i.HAL_ADC_IRQHandler)
    HAL_ADC_Init                             0x08001c19   Thumb Code   576  stm32f3xx_hal_adc_ex.o(i.HAL_ADC_Init)
    HAL_ADC_LevelOutOfWindowCallback         0x08001e6d   Thumb Code     2  stm32f3xx_hal_adc.o(i.HAL_ADC_LevelOutOfWindowCallback)
    HAL_ADC_MspInit                          0x08001e71   Thumb Code   222  adc.o(i.HAL_ADC_MspInit)
    HAL_ADC_Start_DMA                        0x08001f61   Thumb Code   338  stm32f3xx_hal_adc_ex.o(i.HAL_ADC_Start_DMA)
    HAL_CAN_ActivateNotification             0x080020c9   Thumb Code    42  stm32f3xx_hal_can.o(i.HAL_CAN_ActivateNotification)
    HAL_CAN_AddTxMessage                     0x080020f3   Thumb Code   330  stm32f3xx_hal_can.o(i.HAL_CAN_AddTxMessage)
    HAL_CAN_ConfigFilter                     0x0800223d   Thumb Code   266  stm32f3xx_hal_can.o(i.HAL_CAN_ConfigFilter)
    HAL_CAN_ErrorCallback                    0x08002347   Thumb Code     2  stm32f3xx_hal_can.o(i.HAL_CAN_ErrorCallback)
    HAL_CAN_GetRxMessage                     0x08002349   Thumb Code   404  stm32f3xx_hal_can.o(i.HAL_CAN_GetRxMessage)
    HAL_CAN_IRQHandler                       0x080024dd   Thumb Code   590  stm32f3xx_hal_can.o(i.HAL_CAN_IRQHandler)
    HAL_CAN_Init                             0x0800272b   Thumb Code   372  stm32f3xx_hal_can.o(i.HAL_CAN_Init)
    HAL_CAN_MspInit                          0x080028a1   Thumb Code   126  can.o(i.HAL_CAN_MspInit)
    HAL_CAN_RxFifo0FullCallback              0x08002929   Thumb Code     2  stm32f3xx_hal_can.o(i.HAL_CAN_RxFifo0FullCallback)
    HAL_CAN_RxFifo0MsgPendingCallback        0x0800292d   Thumb Code    16  drv_can.o(i.HAL_CAN_RxFifo0MsgPendingCallback)
    HAL_CAN_RxFifo1FullCallback              0x08002941   Thumb Code     2  stm32f3xx_hal_can.o(i.HAL_CAN_RxFifo1FullCallback)
    HAL_CAN_RxFifo1MsgPendingCallback        0x08002943   Thumb Code     2  stm32f3xx_hal_can.o(i.HAL_CAN_RxFifo1MsgPendingCallback)
    HAL_CAN_SleepCallback                    0x08002945   Thumb Code     2  stm32f3xx_hal_can.o(i.HAL_CAN_SleepCallback)
    HAL_CAN_Start                            0x08002947   Thumb Code    94  stm32f3xx_hal_can.o(i.HAL_CAN_Start)
    HAL_CAN_TxMailbox0AbortCallback          0x080029a5   Thumb Code     2  stm32f3xx_hal_can.o(i.HAL_CAN_TxMailbox0AbortCallback)
    HAL_CAN_TxMailbox0CompleteCallback       0x080029a7   Thumb Code     2  stm32f3xx_hal_can.o(i.HAL_CAN_TxMailbox0CompleteCallback)
    HAL_CAN_TxMailbox1AbortCallback          0x080029a9   Thumb Code     2  stm32f3xx_hal_can.o(i.HAL_CAN_TxMailbox1AbortCallback)
    HAL_CAN_TxMailbox1CompleteCallback       0x080029ab   Thumb Code     2  stm32f3xx_hal_can.o(i.HAL_CAN_TxMailbox1CompleteCallback)
    HAL_CAN_TxMailbox2AbortCallback          0x080029ad   Thumb Code     2  stm32f3xx_hal_can.o(i.HAL_CAN_TxMailbox2AbortCallback)
    HAL_CAN_TxMailbox2CompleteCallback       0x080029af   Thumb Code     2  stm32f3xx_hal_can.o(i.HAL_CAN_TxMailbox2CompleteCallback)
    HAL_CAN_WakeUpFromRxMsgCallback          0x080029b1   Thumb Code     2  stm32f3xx_hal_can.o(i.HAL_CAN_WakeUpFromRxMsgCallback)
    HAL_DMA_IRQHandler                       0x080029b3   Thumb Code   230  stm32f3xx_hal_dma.o(i.HAL_DMA_IRQHandler)
    HAL_DMA_Init                             0x08002a99   Thumb Code    86  stm32f3xx_hal_dma.o(i.HAL_DMA_Init)
    HAL_DMA_Start_IT                         0x08002aef   Thumb Code   156  stm32f3xx_hal_dma.o(i.HAL_DMA_Start_IT)
    HAL_Delay                                0x08002b8d   Thumb Code    36  stm32f3xx_hal.o(i.HAL_Delay)
    HAL_GPIO_Init                            0x08002bb5   Thumb Code   408  stm32f3xx_hal_gpio.o(i.HAL_GPIO_Init)
    HAL_GPIO_TogglePin                       0x08002d65   Thumb Code    20  stm32f3xx_hal_gpio.o(i.HAL_GPIO_TogglePin)
    HAL_GPIO_WritePin                        0x08002d79   Thumb Code    10  stm32f3xx_hal_gpio.o(i.HAL_GPIO_WritePin)
    HAL_GetTick                              0x08002d85   Thumb Code     6  stm32f3xx_hal.o(i.HAL_GetTick)
    HAL_HRTIM_DLLCalibrationStart            0x08002d91   Thumb Code   128  stm32f3xx_hal_hrtim.o(i.HAL_HRTIM_DLLCalibrationStart)
    HAL_HRTIM_DeadTimeConfig                 0x08002e11   Thumb Code   162  stm32f3xx_hal_hrtim.o(i.HAL_HRTIM_DeadTimeConfig)
    HAL_HRTIM_Init                           0x08002ebd   Thumb Code   256  stm32f3xx_hal_hrtim.o(i.HAL_HRTIM_Init)
    HAL_HRTIM_MspInit                        0x08002fc5   Thumb Code    40  hrtim.o(i.HAL_HRTIM_MspInit)
    HAL_HRTIM_MspPostInit                    0x08002ff5   Thumb Code   142  hrtim.o(i.HAL_HRTIM_MspPostInit)
    HAL_HRTIM_PollForDLLCalibration          0x08003091   Thumb Code    74  stm32f3xx_hal_hrtim.o(i.HAL_HRTIM_PollForDLLCalibration)
    HAL_HRTIM_TimeBaseConfig                 0x080030db   Thumb Code    58  stm32f3xx_hal_hrtim.o(i.HAL_HRTIM_TimeBaseConfig)
    HAL_HRTIM_WaveformCompareConfig          0x08003115   Thumb Code   504  stm32f3xx_hal_hrtim.o(i.HAL_HRTIM_WaveformCompareConfig)
    HAL_HRTIM_WaveformCountStart             0x0800330d   Thumb Code    60  stm32f3xx_hal_hrtim.o(i.HAL_HRTIM_WaveformCountStart)
    HAL_HRTIM_WaveformOutputConfig           0x08003349   Thumb Code    84  stm32f3xx_hal_hrtim.o(i.HAL_HRTIM_WaveformOutputConfig)
    HAL_HRTIM_WaveformOutputStart            0x0800339d   Thumb Code    64  stm32f3xx_hal_hrtim.o(i.HAL_HRTIM_WaveformOutputStart)
    HAL_HRTIM_WaveformOutputStop             0x080033dd   Thumb Code    64  stm32f3xx_hal_hrtim.o(i.HAL_HRTIM_WaveformOutputStop)
    HAL_HRTIM_WaveformTimerConfig            0x0800341d   Thumb Code   178  stm32f3xx_hal_hrtim.o(i.HAL_HRTIM_WaveformTimerConfig)
    HAL_IncTick                              0x080034d1   Thumb Code    16  stm32f3xx_hal.o(i.HAL_IncTick)
    HAL_Init                                 0x080034e9   Thumb Code    34  stm32f3xx_hal.o(i.HAL_Init)
    HAL_InitTick                             0x08003511   Thumb Code    64  stm32f3xx_hal.o(i.HAL_InitTick)
    HAL_MspInit                              0x0800355d   Thumb Code    58  stm32f3xx_hal_msp.o(i.HAL_MspInit)
    HAL_NVIC_EnableIRQ                       0x0800359d   Thumb Code    32  stm32f3xx_hal_cortex.o(i.HAL_NVIC_EnableIRQ)
    HAL_NVIC_SetPriority                     0x080035bd   Thumb Code   124  stm32f3xx_hal_cortex.o(i.HAL_NVIC_SetPriority)
    HAL_NVIC_SetPriorityGrouping             0x08003639   Thumb Code    32  stm32f3xx_hal_cortex.o(i.HAL_NVIC_SetPriorityGrouping)
    HAL_RCCEx_PeriphCLKConfig                0x08003661   Thumb Code   512  stm32f3xx_hal_rcc_ex.o(i.HAL_RCCEx_PeriphCLKConfig)
    HAL_RCC_ClockConfig                      0x0800386d   Thumb Code   664  stm32f3xx_hal_rcc.o(i.HAL_RCC_ClockConfig)
    HAL_RCC_GetHCLKFreq                      0x08003b19   Thumb Code     6  stm32f3xx_hal_rcc.o(i.HAL_RCC_GetHCLKFreq)
    HAL_RCC_GetPCLK1Freq                     0x08003b25   Thumb Code    36  stm32f3xx_hal_rcc.o(i.HAL_RCC_GetPCLK1Freq)
    HAL_RCC_GetPCLK2Freq                     0x08003b51   Thumb Code    36  stm32f3xx_hal_rcc.o(i.HAL_RCC_GetPCLK2Freq)
    HAL_RCC_GetSysClockFreq                  0x08003b7d   Thumb Code   138  stm32f3xx_hal_rcc.o(i.HAL_RCC_GetSysClockFreq)
    HAL_RCC_OscConfig                        0x08003c1d   Thumb Code  2586  stm32f3xx_hal_rcc.o(i.HAL_RCC_OscConfig)
    HAL_SYSTICK_Config                       0x08004641   Thumb Code    52  stm32f3xx_hal_cortex.o(i.HAL_SYSTICK_Config)
    HAL_TIMEx_Break2Callback                 0x08004675   Thumb Code     2  stm32f3xx_hal_tim_ex.o(i.HAL_TIMEx_Break2Callback)
    HAL_TIMEx_BreakCallback                  0x08004677   Thumb Code     2  stm32f3xx_hal_tim_ex.o(i.HAL_TIMEx_BreakCallback)
    HAL_TIMEx_CommutCallback                 0x08004679   Thumb Code     2  stm32f3xx_hal_tim_ex.o(i.HAL_TIMEx_CommutCallback)
    HAL_TIMEx_MasterConfigSynchronization    0x0800467d   Thumb Code   134  stm32f3xx_hal_tim_ex.o(i.HAL_TIMEx_MasterConfigSynchronization)
    HAL_TIM_Base_Init                        0x08004711   Thumb Code   110  stm32f3xx_hal_tim.o(i.HAL_TIM_Base_Init)
    HAL_TIM_Base_MspInit                     0x08004781   Thumb Code    58  tim.o(i.HAL_TIM_Base_MspInit)
    HAL_TIM_Base_Start_IT                    0x080047c1   Thumb Code   114  stm32f3xx_hal_tim.o(i.HAL_TIM_Base_Start_IT)
    HAL_TIM_ConfigClockSource                0x08004845   Thumb Code   268  stm32f3xx_hal_tim.o(i.HAL_TIM_ConfigClockSource)
    HAL_TIM_IC_CaptureCallback               0x08004955   Thumb Code     2  stm32f3xx_hal_tim.o(i.HAL_TIM_IC_CaptureCallback)
    HAL_TIM_IRQHandler                       0x08004957   Thumb Code   440  stm32f3xx_hal_tim.o(i.HAL_TIM_IRQHandler)
    HAL_TIM_OC_DelayElapsedCallback          0x08004b0f   Thumb Code     2  stm32f3xx_hal_tim.o(i.HAL_TIM_OC_DelayElapsedCallback)
    HAL_TIM_PWM_PulseFinishedCallback        0x08004b11   Thumb Code     2  stm32f3xx_hal_tim.o(i.HAL_TIM_PWM_PulseFinishedCallback)
    HAL_TIM_PeriodElapsedCallback            0x08004b15   Thumb Code   234  program.o(i.HAL_TIM_PeriodElapsedCallback)
    HAL_TIM_TriggerCallback                  0x08004c31   Thumb Code     2  stm32f3xx_hal_tim.o(i.HAL_TIM_TriggerCallback)
    HAL_UARTEx_RxEventCallback               0x08004c33   Thumb Code     2  stm32f3xx_hal_uart.o(i.HAL_UARTEx_RxEventCallback)
    HAL_UART_ErrorCallback                   0x08004c35   Thumb Code     2  stm32f3xx_hal_uart.o(i.HAL_UART_ErrorCallback)
    HAL_UART_Init                            0x08004c37   Thumb Code   116  stm32f3xx_hal_uart.o(i.HAL_UART_Init)
    HAL_UART_MspInit                         0x08004cad   Thumb Code   158  usart.o(i.HAL_UART_MspInit)
    HAL_UART_Receive_DMA                     0x08004d61   Thumb Code    80  stm32f3xx_hal_uart.o(i.HAL_UART_Receive_DMA)
    HAL_UART_RxCpltCallback                  0x08004db1   Thumb Code     2  drv_usart.o(i.HAL_UART_RxCpltCallback)
    HAL_UART_RxHalfCpltCallback              0x08004db3   Thumb Code     2  stm32f3xx_hal_uart.o(i.HAL_UART_RxHalfCpltCallback)
    HAL_UART_Transmit                        0x08004db5   Thumb Code   186  stm32f3xx_hal_uart.o(i.HAL_UART_Transmit)
    HardFault_Handler                        0x08005287   Thumb Code     4  stm32f3xx_it.o(i.HardFault_Handler)
    IncrementalPID_Clear                     0x0800528d   Thumb Code    58  drv_pid.o(i.IncrementalPID_Clear)
    IncrementalPID_ClearWithoutOutput        0x080052cd   Thumb Code    42  drv_pid.o(i.IncrementalPID_ClearWithoutOutput)
    IncrementalPID_Compute                   0x080052fd   Thumb Code   268  drv_pid.o(i.IncrementalPID_Compute)
    IncrementalPID_Init                      0x08005409   Thumb Code    54  drv_pid.o(i.IncrementalPID_Init)
    LED_OFF                                  0x08005445   Thumb Code    52  function.o(i.LED_OFF)
    LED_ON                                   0x0800547d   Thumb Code    54  function.o(i.LED_ON)
    LED_Toggle                               0x080054b9   Thumb Code    48  function.o(i.LED_Toggle)
    MX_ADC1_Init                             0x080054ed   Thumb Code   238  adc.o(i.MX_ADC1_Init)
    MX_CAN_Init                              0x080055e1   Thumb Code    62  can.o(i.MX_CAN_Init)
    MX_DMA_Init                              0x08005629   Thumb Code    64  dma.o(i.MX_DMA_Init)
    MX_GPIO_Init                             0x0800566d   Thumb Code   168  gpio.o(i.MX_GPIO_Init)
    MX_HRTIM1_Init                           0x0800571d   Thumb Code   590  hrtim.o(i.MX_HRTIM1_Init)
    MX_TIM2_Init                             0x08005975   Thumb Code   104  tim.o(i.MX_TIM2_Init)
    MX_USART2_UART_Init                      0x080059e1   Thumb Code    56  usart.o(i.MX_USART2_UART_Init)
    MemManage_Handler                        0x08005a21   Thumb Code     4  stm32f3xx_it.o(i.MemManage_Handler)
    NMI_Handler                              0x08005a25   Thumb Code     4  stm32f3xx_it.o(i.NMI_Handler)
    PendSV_Handler                           0x08005a29   Thumb Code     2  stm32f3xx_it.o(i.PendSV_Handler)
    SVC_Handler                              0x08005a2b   Thumb Code     2  stm32f3xx_it.o(i.SVC_Handler)
    ShortOff                                 0x08005a2d   Thumb Code   174  function.o(i.ShortOff)
    StateM                                   0x08005af5   Thumb Code    54  function.o(i.StateM)
    StateMErr                                0x08005b31   Thumb Code    38  function.o(i.StateMErr)
    StateMInit                               0x08005b61   Thumb Code    14  function.o(i.StateMInit)
    StateMRise                               0x08005b75   Thumb Code   564  function.o(i.StateMRise)
    StateMRun                                0x08005e15   Thumb Code    20  function.o(i.StateMRun)
    StateMWait                               0x08005e29   Thumb Code    56  function.o(i.StateMWait)
    SysTick_Handler                          0x08005e6d   Thumb Code     8  stm32f3xx_it.o(i.SysTick_Handler)
    SystemClock_Config                       0x08005e75   Thumb Code   132  main.o(i.SystemClock_Config)
    SystemInit                               0x08005ef9   Thumb Code    14  system_stm32f3xx.o(i.SystemInit)
    TIM2_IRQHandler                          0x08005f0d   Thumb Code    10  stm32f3xx_it.o(i.TIM2_IRQHandler)
    TIM_Base_SetConfig                       0x08005f1d   Thumb Code   128  stm32f3xx_hal_tim.o(i.TIM_Base_SetConfig)
    TIM_ETR_SetConfig                        0x08005fb1   Thumb Code    22  stm32f3xx_hal_tim.o(i.TIM_ETR_SetConfig)
    UART2_Open                               0x08006029   Thumb Code    34  drv_usart.o(i.UART2_Open)
    UART_AdvFeatureConfig                    0x08006051   Thumb Code   248  stm32f3xx_hal_uart.o(i.UART_AdvFeatureConfig)
    UART_CheckIdleState                      0x08006149   Thumb Code   230  stm32f3xx_hal_uart.o(i.UART_CheckIdleState)
    UART_SetConfig                           0x080063e5   Thumb Code   404  stm32f3xx_hal_uart.o(i.UART_SetConfig)
    UART_Start_Receive_DMA                   0x08006591   Thumb Code   180  stm32f3xx_hal_uart.o(i.UART_Start_Receive_DMA)
    UART_WaitOnFlagUntilTimeout              0x08006651   Thumb Code   162  stm32f3xx_hal_uart.o(i.UART_WaitOnFlagUntilTimeout)
    UsageFault_Handler                       0x080066f3   Thumb Code     4  stm32f3xx_it.o(i.UsageFault_Handler)
    UserADC1_Init                            0x080066f9   Thumb Code    28  power_calc.o(i.UserADC1_Init)
    User_HRTIM_init                          0x0800671d   Thumb Code    30  function.o(i.User_HRTIM_init)
    ValueInit                                0x08006741   Thumb Code    90  function.o(i.ValueInit)
    WorkInit                                 0x080067b9   Thumb Code    32  program.o(i.WorkInit)
    __0printf                                0x080067e1   Thumb Code    22  printfa.o(i.__0printf)
    __1printf                                0x080067e1   Thumb Code     0  printfa.o(i.__0printf)
    __2printf                                0x080067e1   Thumb Code     0  printfa.o(i.__0printf)
    __c89printf                              0x080067e1   Thumb Code     0  printfa.o(i.__0printf)
    printf                                   0x080067e1   Thumb Code     0  printfa.o(i.__0printf)
    __scatterload_copy                       0x08006839   Thumb Code    14  handlers.o(i.__scatterload_copy)
    __scatterload_null                       0x08006847   Thumb Code     2  handlers.o(i.__scatterload_null)
    __scatterload_zeroinit                   0x08006849   Thumb Code    14  handlers.o(i.__scatterload_zeroinit)
    control_calc                             0x080070e5   Thumb Code   192  power_calc.o(i.control_calc)
    fputc                                    0x080071bd   Thumb Code    40  drv_usart.o(i.fputc)
    main                                     0x080071ed   Thumb Code    44  main.o(i.main)
    AHBPrescTable                            0x08007238   Data          16  system_stm32f3xx.o(.constdata)
    APBPrescTable                            0x08007248   Data           8  system_stm32f3xx.o(.constdata)
    Region$$Table$$Base                      0x08007250   Number         0  anon$$obj.o(Region$$Table)
    Region$$Table$$Limit                     0x08007270   Number         0  anon$$obj.o(Region$$Table)
    uwTick                                   0x20000000   Data           4  stm32f3xx_hal.o(.data)
    uwTickPrio                               0x20000004   Data           4  stm32f3xx_hal.o(.data)
    uwTickFreq                               0x20000008   Data           1  stm32f3xx_hal.o(.data)
    SystemCoreClock                          0x2000000c   Data           4  system_stm32f3xx.o(.data)
    CtrValue                                 0x20000010   Data          36  function.o(.data)
    STState                                  0x20000034   Data           1  function.o(.data)
    testpower                                0x20000054   Data           4  power_calc.o(.data)
    testvoltage                              0x20000058   Data           4  power_calc.o(.data)
    testI                                    0x2000005c   Data           4  power_calc.o(.data)
    volt_ratio                               0x20000060   Data           4  power_calc.o(.data)
    volt_ratio_filter                        0x20000064   Data           4  power_calc.o(.data)
    pid_final_buck                           0x20000068   Data           4  power_calc.o(.data)
    pid_final_boost                          0x2000006c   Data           4  power_calc.o(.data)
    adcProtcnt                               0x20000070   Data           2  program.o(.data)
    timer2cnt                                0x20000072   Data           2  program.o(.data)
    rxdata                                   0x20000074   Data           8  drv_can.o(.data)
    Communication_Onlinecnt                  0x2000007c   Data           2  drv_can.o(.data)
    Rxrealbuffer                             0x2000007e   Data           8  drv_can.o(.data)
    __stdout                                 0x20000088   Data           4  stdout.o(.data)
    hadc1                                    0x2000008c   Data          80  adc.o(.bss)
    hdma_adc1                                0x200000dc   Data          68  adc.o(.bss)
    hcan                                     0x20000120   Data          40  can.o(.bss)
    hhrtim1                                  0x20000148   Data         220  hrtim.o(.bss)
    htim2                                    0x20000224   Data          76  tim.o(.bss)
    huart2                                   0x20000270   Data         136  usart.o(.bss)
    hdma_usart2_tx                           0x200002f8   Data          68  usart.o(.bss)
    FLAGS                                    0x2000033c   Data          14  function.o(.bss)
    dcdcinfo                                 0x2000034c   Data          20  power_calc.o(.bss)
    dcdctest                                 0x20000360   Data          20  power_calc.o(.bss)
    UserADC1_ConvertedValue                  0x20000374   Data         100  power_calc.o(.bss)
    adc_raw_data                             0x200003d8   Data          20  power_calc.o(.bss)
    usefor_adc                               0x200003ec   Data          20  power_calc.o(.bss)
    in                                       0x20000400   Data          12  power_calc.o(.bss)
    chassis                                  0x2000040c   Data          12  power_calc.o(.bss)
    full_bridge_in                           0x20000418   Data          12  power_calc.o(.bss)
    cap                                      0x20000424   Data          12  power_calc.o(.bss)
    voltageout_loop                          0x20000430   Data          68  drv_pid.o(.bss)
    currentout_loop                          0x20000474   Data          68  drv_pid.o(.bss)
    powerin_loop                             0x200004b8   Data          68  drv_pid.o(.bss)
    powerbuf_loop                            0x200004fc   Data          68  drv_pid.o(.bss)
    power_referee_loop                       0x20000540   Data          68  drv_pid.o(.bss)
    currentout_Iloop                         0x20000584   Data          52  drv_pid.o(.bss)
    voltageout_Vloop                         0x200005b8   Data          52  drv_pid.o(.bss)
    powerin_Ploop                            0x200005ec   Data          52  drv_pid.o(.bss)
    Nchargelimit                             0x20000620   Data          52  drv_pid.o(.bss)
    data_to_send_V6                          0x20000654   Data          20  drv_usart.o(.bss)
    RxBuffer                                 0x20000668   Data          10  drv_usart.o(.bss)
    temp                                     0x20000674   Data          12  drv_usart.o(.bss)
    __initial_sp                             0x20000a80   Data           0  startup_stm32f334x8.o(STACK)



==============================================================================

Memory Map of the image

  Image Entry point : 0x08000189

  Load Region LR_IROM1 (Base: 0x08000000, Size: 0x000072fc, Max: 0x00010000, ABSOLUTE)

    Execution Region ER_IROM1 (Exec base: 0x08000000, Load base: 0x08000000, Size: 0x00007270, Max: 0x00010000, ABSOLUTE)

    Exec Addr    Load Addr    Size         Type   Attr      Idx    E Section Name        Object

    0x08000000   0x08000000   0x00000188   Data   RO            3    RESET               startup_stm32f334x8.o
    0x08000188   0x08000188   0x00000000   Code   RO         5621  * .ARM.Collect$$$$00000000  mc_w.l(entry.o)
    0x08000188   0x08000188   0x00000004   Code   RO         5895    .ARM.Collect$$$$00000001  mc_w.l(entry2.o)
    0x0800018c   0x0800018c   0x00000004   Code   RO         5898    .ARM.Collect$$$$00000004  mc_w.l(entry5.o)
    0x08000190   0x08000190   0x00000000   Code   RO         5900    .ARM.Collect$$$$00000008  mc_w.l(entry7b.o)
    0x08000190   0x08000190   0x00000000   Code   RO         5902    .ARM.Collect$$$$0000000A  mc_w.l(entry8b.o)
    0x08000190   0x08000190   0x00000008   Code   RO         5903    .ARM.Collect$$$$0000000B  mc_w.l(entry9a.o)
    0x08000198   0x08000198   0x00000004   Code   RO         5910    .ARM.Collect$$$$0000000E  mc_w.l(entry12b.o)
    0x0800019c   0x0800019c   0x00000000   Code   RO         5905    .ARM.Collect$$$$0000000F  mc_w.l(entry10a.o)
    0x0800019c   0x0800019c   0x00000000   Code   RO         5907    .ARM.Collect$$$$00000011  mc_w.l(entry11a.o)
    0x0800019c   0x0800019c   0x00000004   Code   RO         5896    .ARM.Collect$$$$00002712  mc_w.l(entry2.o)
    0x080001a0   0x080001a0   0x00000024   Code   RO            4    .text               startup_stm32f334x8.o
    0x080001c4   0x080001c4   0x00000062   Code   RO         5624    .text               mc_w.l(uldiv.o)
    0x08000226   0x08000226   0x00000020   Code   RO         5626    .text               mc_w.l(llushr.o)
    0x08000246   0x08000246   0x00000024   Code   RO         5630    .text               mc_w.l(memseta.o)
    0x0800026a   0x0800026a   0x00000026   Code   RO         5893    .text               mf_w.l(f2d.o)
    0x08000290   0x08000290   0x0000002c   Code   RO         5912    .text               mc_w.l(uidiv.o)
    0x080002bc   0x080002bc   0x0000001e   Code   RO         5914    .text               mc_w.l(llshl.o)
    0x080002da   0x080002da   0x00000000   Code   RO         5916    .text               mc_w.l(iusefp.o)
    0x080002da   0x080002da   0x0000014e   Code   RO         5917    .text               mf_w.l(dadd.o)
    0x08000428   0x08000428   0x000000e4   Code   RO         5919    .text               mf_w.l(dmul.o)
    0x0800050c   0x0800050c   0x000000de   Code   RO         5921    .text               mf_w.l(ddiv.o)
    0x080005ea   0x080005ea   0x00000030   Code   RO         5923    .text               mf_w.l(dfixul.o)
    0x0800061a   0x0800061a   0x00000002   PAD
    0x0800061c   0x0800061c   0x00000030   Code   RO         5925    .text               mf_w.l(cdrcmple.o)
    0x0800064c   0x0800064c   0x00000024   Code   RO         5927    .text               mc_w.l(init.o)
    0x08000670   0x08000670   0x00000024   Code   RO         5929    .text               mc_w.l(llsshr.o)
    0x08000694   0x08000694   0x000000ba   Code   RO         5931    .text               mf_w.l(depilogue.o)
    0x0800074e   0x0800074e   0x00000002   PAD
    0x08000750   0x08000750   0x00000010   Code   RO          499    i.ADC1_2_IRQHandler  stm32f3xx_it.o
    0x08000760   0x08000760   0x0000004e   Code   RO          777    i.ADC_DMAConvCplt   stm32f3xx_hal_adc_ex.o
    0x080007ae   0x080007ae   0x0000001e   Code   RO          778    i.ADC_DMAError      stm32f3xx_hal_adc_ex.o
    0x080007cc   0x080007cc   0x0000000e   Code   RO          779    i.ADC_DMAHalfConvCplt  stm32f3xx_hal_adc_ex.o
    0x080007da   0x080007da   0x000000a2   Code   RO          780    i.ADC_Disable       stm32f3xx_hal_adc_ex.o
    0x0800087c   0x0800087c   0x0000009c   Code   RO          781    i.ADC_Enable        stm32f3xx_hal_adc_ex.o
    0x08000918   0x08000918   0x000000cc   Code   RO         5106    i.BBMode            function.o
    0x080009e4   0x080009e4   0x000004f8   Code   RO         5275    i.BuckBoostVLoopCtlPID  power_calc.o
    0x08000edc   0x08000edc   0x00000004   Code   RO          500    i.BusFault_Handler  stm32f3xx_it.o
    0x08000ee0   0x08000ee0   0x00000044   Code   RO         5503    i.CAN_Filter_Init   drv_can.o
    0x08000f24   0x08000f24   0x00000010   Code   RO          501    i.CAN_RX0_IRQHandler  stm32f3xx_it.o
    0x08000f34   0x08000f34   0x0000008c   Code   RO         5504    i.CAN_ReceiveData   drv_can.o
    0x08000fc0   0x08000fc0   0x000000a8   Code   RO         5505    i.CAN_SendData      drv_can.o
    0x08001068   0x08001068   0x00000010   Code   RO          502    i.DMA1_Channel1_IRQHandler  stm32f3xx_it.o
    0x08001078   0x08001078   0x00000010   Code   RO          503    i.DMA1_Channel7_IRQHandler  stm32f3xx_it.o
    0x08001088   0x08001088   0x0000001c   Code   RO         1426    i.DMA_CalcBaseAndBitshift  stm32f3xx_hal_dma.o
    0x080010a4   0x080010a4   0x0000002c   Code   RO         1427    i.DMA_SetConfig     stm32f3xx_hal_dma.o
    0x080010d0   0x080010d0   0x00000098   Code   RO         5107    i.DRMode            function.o
    0x08001168   0x08001168   0x00000002   Code   RO          504    i.DebugMon_Handler  stm32f3xx_it.o
    0x0800116a   0x0800116a   0x00000008   Code   RO         5108    i.DetectMErr        function.o
    0x08001172   0x08001172   0x00000006   Code   RO           13    i.Error_Handler     main.o
    0x08001178   0x08001178   0x000000bc   Code   RO          784    i.HAL_ADCEx_Calibration_Start  stm32f3xx_hal_adc_ex.o
    0x08001234   0x08001234   0x00000002   Code   RO          786    i.HAL_ADCEx_InjectedConvCpltCallback  stm32f3xx_hal_adc_ex.o
    0x08001236   0x08001236   0x00000002   Code   RO          789    i.HAL_ADCEx_InjectedQueueOverflowCallback  stm32f3xx_hal_adc_ex.o
    0x08001238   0x08001238   0x00000002   Code   RO          794    i.HAL_ADCEx_LevelOutOfWindow2Callback  stm32f3xx_hal_adc_ex.o
    0x0800123a   0x0800123a   0x00000002   Code   RO          795    i.HAL_ADCEx_LevelOutOfWindow3Callback  stm32f3xx_hal_adc_ex.o
    0x0800123c   0x0800123c   0x0000013c   Code   RO          796    i.HAL_ADCEx_MultiModeConfigChannel  stm32f3xx_hal_adc_ex.o
    0x08001378   0x08001378   0x0000041c   Code   RO          805    i.HAL_ADC_ConfigChannel  stm32f3xx_hal_adc_ex.o
    0x08001794   0x08001794   0x00000168   Code   RO         5276    i.HAL_ADC_ConvCpltCallback  power_calc.o
    0x080018fc   0x080018fc   0x00000002   Code   RO          629    i.HAL_ADC_ConvHalfCpltCallback  stm32f3xx_hal_adc.o
    0x080018fe   0x080018fe   0x00000002   Code   RO          631    i.HAL_ADC_ErrorCallback  stm32f3xx_hal_adc.o
    0x08001900   0x08001900   0x00000318   Code   RO          808    i.HAL_ADC_IRQHandler  stm32f3xx_hal_adc_ex.o
    0x08001c18   0x08001c18   0x00000254   Code   RO          809    i.HAL_ADC_Init      stm32f3xx_hal_adc_ex.o
    0x08001e6c   0x08001e6c   0x00000002   Code   RO          637    i.HAL_ADC_LevelOutOfWindowCallback  stm32f3xx_hal_adc.o
    0x08001e6e   0x08001e6e   0x00000002   PAD
    0x08001e70   0x08001e70   0x000000f0   Code   RO          260    i.HAL_ADC_MspInit   adc.o
    0x08001f60   0x08001f60   0x00000168   Code   RO          813    i.HAL_ADC_Start_DMA  stm32f3xx_hal_adc_ex.o
    0x080020c8   0x080020c8   0x0000002a   Code   RO         2594    i.HAL_CAN_ActivateNotification  stm32f3xx_hal_can.o
    0x080020f2   0x080020f2   0x0000014a   Code   RO         2595    i.HAL_CAN_AddTxMessage  stm32f3xx_hal_can.o
    0x0800223c   0x0800223c   0x0000010a   Code   RO         2596    i.HAL_CAN_ConfigFilter  stm32f3xx_hal_can.o
    0x08002346   0x08002346   0x00000002   Code   RO         2599    i.HAL_CAN_ErrorCallback  stm32f3xx_hal_can.o
    0x08002348   0x08002348   0x00000194   Code   RO         2602    i.HAL_CAN_GetRxMessage  stm32f3xx_hal_can.o
    0x080024dc   0x080024dc   0x0000024e   Code   RO         2606    i.HAL_CAN_IRQHandler  stm32f3xx_hal_can.o
    0x0800272a   0x0800272a   0x00000174   Code   RO         2607    i.HAL_CAN_Init      stm32f3xx_hal_can.o
    0x0800289e   0x0800289e   0x00000002   PAD
    0x080028a0   0x080028a0   0x00000088   Code   RO          302    i.HAL_CAN_MspInit   can.o
    0x08002928   0x08002928   0x00000002   Code   RO         2614    i.HAL_CAN_RxFifo0FullCallback  stm32f3xx_hal_can.o
    0x0800292a   0x0800292a   0x00000002   PAD
    0x0800292c   0x0800292c   0x00000014   Code   RO         5506    i.HAL_CAN_RxFifo0MsgPendingCallback  drv_can.o
    0x08002940   0x08002940   0x00000002   Code   RO         2616    i.HAL_CAN_RxFifo1FullCallback  stm32f3xx_hal_can.o
    0x08002942   0x08002942   0x00000002   Code   RO         2617    i.HAL_CAN_RxFifo1MsgPendingCallback  stm32f3xx_hal_can.o
    0x08002944   0x08002944   0x00000002   Code   RO         2618    i.HAL_CAN_SleepCallback  stm32f3xx_hal_can.o
    0x08002946   0x08002946   0x0000005e   Code   RO         2619    i.HAL_CAN_Start     stm32f3xx_hal_can.o
    0x080029a4   0x080029a4   0x00000002   Code   RO         2621    i.HAL_CAN_TxMailbox0AbortCallback  stm32f3xx_hal_can.o
    0x080029a6   0x080029a6   0x00000002   Code   RO         2622    i.HAL_CAN_TxMailbox0CompleteCallback  stm32f3xx_hal_can.o
    0x080029a8   0x080029a8   0x00000002   Code   RO         2623    i.HAL_CAN_TxMailbox1AbortCallback  stm32f3xx_hal_can.o
    0x080029aa   0x080029aa   0x00000002   Code   RO         2624    i.HAL_CAN_TxMailbox1CompleteCallback  stm32f3xx_hal_can.o
    0x080029ac   0x080029ac   0x00000002   Code   RO         2625    i.HAL_CAN_TxMailbox2AbortCallback  stm32f3xx_hal_can.o
    0x080029ae   0x080029ae   0x00000002   Code   RO         2626    i.HAL_CAN_TxMailbox2CompleteCallback  stm32f3xx_hal_can.o
    0x080029b0   0x080029b0   0x00000002   Code   RO         2628    i.HAL_CAN_WakeUpFromRxMsgCallback  stm32f3xx_hal_can.o
    0x080029b2   0x080029b2   0x000000e6   Code   RO         1433    i.HAL_DMA_IRQHandler  stm32f3xx_hal_dma.o
    0x08002a98   0x08002a98   0x00000056   Code   RO         1434    i.HAL_DMA_Init      stm32f3xx_hal_dma.o
    0x08002aee   0x08002aee   0x0000009c   Code   RO         1438    i.HAL_DMA_Start_IT  stm32f3xx_hal_dma.o
    0x08002b8a   0x08002b8a   0x00000002   PAD
    0x08002b8c   0x08002b8c   0x00000028   Code   RO         1047    i.HAL_Delay         stm32f3xx_hal.o
    0x08002bb4   0x08002bb4   0x000001b0   Code   RO         1363    i.HAL_GPIO_Init     stm32f3xx_hal_gpio.o
    0x08002d64   0x08002d64   0x00000014   Code   RO         1366    i.HAL_GPIO_TogglePin  stm32f3xx_hal_gpio.o
    0x08002d78   0x08002d78   0x0000000a   Code   RO         1367    i.HAL_GPIO_WritePin  stm32f3xx_hal_gpio.o
    0x08002d82   0x08002d82   0x00000002   PAD
    0x08002d84   0x08002d84   0x0000000c   Code   RO         1051    i.HAL_GetTick       stm32f3xx_hal.o
    0x08002d90   0x08002d90   0x00000080   Code   RO         2845    i.HAL_HRTIM_DLLCalibrationStart  stm32f3xx_hal_hrtim.o
    0x08002e10   0x08002e10   0x000000ac   Code   RO         2848    i.HAL_HRTIM_DeadTimeConfig  stm32f3xx_hal_hrtim.o
    0x08002ebc   0x08002ebc   0x00000108   Code   RO         2868    i.HAL_HRTIM_Init    stm32f3xx_hal_hrtim.o
    0x08002fc4   0x08002fc4   0x00000030   Code   RO          368    i.HAL_HRTIM_MspInit  hrtim.o
    0x08002ff4   0x08002ff4   0x0000009c   Code   RO          369    i.HAL_HRTIM_MspPostInit  hrtim.o
    0x08003090   0x08003090   0x0000004a   Code   RO         2875    i.HAL_HRTIM_PollForDLLCalibration  stm32f3xx_hal_hrtim.o
    0x080030da   0x080030da   0x0000003a   Code   RO         2915    i.HAL_HRTIM_TimeBaseConfig  stm32f3xx_hal_hrtim.o
    0x08003114   0x08003114   0x000001f8   Code   RO         2920    i.HAL_HRTIM_WaveformCompareConfig  stm32f3xx_hal_hrtim.o
    0x0800330c   0x0800330c   0x0000003c   Code   RO         2921    i.HAL_HRTIM_WaveformCountStart  stm32f3xx_hal_hrtim.o
    0x08003348   0x08003348   0x00000054   Code   RO         2929    i.HAL_HRTIM_WaveformOutputConfig  stm32f3xx_hal_hrtim.o
    0x0800339c   0x0800339c   0x00000040   Code   RO         2930    i.HAL_HRTIM_WaveformOutputStart  stm32f3xx_hal_hrtim.o
    0x080033dc   0x080033dc   0x00000040   Code   RO         2931    i.HAL_HRTIM_WaveformOutputStop  stm32f3xx_hal_hrtim.o
    0x0800341c   0x0800341c   0x000000b2   Code   RO         2933    i.HAL_HRTIM_WaveformTimerConfig  stm32f3xx_hal_hrtim.o
    0x080034ce   0x080034ce   0x00000002   PAD
    0x080034d0   0x080034d0   0x00000018   Code   RO         1057    i.HAL_IncTick       stm32f3xx_hal.o
    0x080034e8   0x080034e8   0x00000028   Code   RO         1058    i.HAL_Init          stm32f3xx_hal.o
    0x08003510   0x08003510   0x0000004c   Code   RO         1059    i.HAL_InitTick      stm32f3xx_hal.o
    0x0800355c   0x0800355c   0x00000040   Code   RO          602    i.HAL_MspInit       stm32f3xx_hal_msp.o
    0x0800359c   0x0800359c   0x00000020   Code   RO         1528    i.HAL_NVIC_EnableIRQ  stm32f3xx_hal_cortex.o
    0x080035bc   0x080035bc   0x0000007c   Code   RO         1534    i.HAL_NVIC_SetPriority  stm32f3xx_hal_cortex.o
    0x08003638   0x08003638   0x00000028   Code   RO         1535    i.HAL_NVIC_SetPriorityGrouping  stm32f3xx_hal_cortex.o
    0x08003660   0x08003660   0x0000020c   Code   RO         1320    i.HAL_RCCEx_PeriphCLKConfig  stm32f3xx_hal_rcc_ex.o
    0x0800386c   0x0800386c   0x000002ac   Code   RO         1215    i.HAL_RCC_ClockConfig  stm32f3xx_hal_rcc.o
    0x08003b18   0x08003b18   0x0000000c   Code   RO         1220    i.HAL_RCC_GetHCLKFreq  stm32f3xx_hal_rcc.o
    0x08003b24   0x08003b24   0x0000002c   Code   RO         1222    i.HAL_RCC_GetPCLK1Freq  stm32f3xx_hal_rcc.o
    0x08003b50   0x08003b50   0x0000002c   Code   RO         1223    i.HAL_RCC_GetPCLK2Freq  stm32f3xx_hal_rcc.o
    0x08003b7c   0x08003b7c   0x000000a0   Code   RO         1224    i.HAL_RCC_GetSysClockFreq  stm32f3xx_hal_rcc.o
    0x08003c1c   0x08003c1c   0x00000a24   Code   RO         1227    i.HAL_RCC_OscConfig  stm32f3xx_hal_rcc.o
    0x08004640   0x08004640   0x00000034   Code   RO         1539    i.HAL_SYSTICK_Config  stm32f3xx_hal_cortex.o
    0x08004674   0x08004674   0x00000002   Code   RO         4310    i.HAL_TIMEx_Break2Callback  stm32f3xx_hal_tim_ex.o
    0x08004676   0x08004676   0x00000002   Code   RO         4311    i.HAL_TIMEx_BreakCallback  stm32f3xx_hal_tim_ex.o
    0x08004678   0x08004678   0x00000002   Code   RO         4312    i.HAL_TIMEx_CommutCallback  stm32f3xx_hal_tim_ex.o
    0x0800467a   0x0800467a   0x00000002   PAD
    0x0800467c   0x0800467c   0x00000094   Code   RO         4331    i.HAL_TIMEx_MasterConfigSynchronization  stm32f3xx_hal_tim_ex.o
    0x08004710   0x08004710   0x0000006e   Code   RO         3585    i.HAL_TIM_Base_Init  stm32f3xx_hal_tim.o
    0x0800477e   0x0800477e   0x00000002   PAD
    0x08004780   0x08004780   0x00000040   Code   RO          416    i.HAL_TIM_Base_MspInit  tim.o
    0x080047c0   0x080047c0   0x00000084   Code   RO         3590    i.HAL_TIM_Base_Start_IT  stm32f3xx_hal_tim.o
    0x08004844   0x08004844   0x00000110   Code   RO         3594    i.HAL_TIM_ConfigClockSource  stm32f3xx_hal_tim.o
    0x08004954   0x08004954   0x00000002   Code   RO         3619    i.HAL_TIM_IC_CaptureCallback  stm32f3xx_hal_tim.o
    0x08004956   0x08004956   0x000001b8   Code   RO         3633    i.HAL_TIM_IRQHandler  stm32f3xx_hal_tim.o
    0x08004b0e   0x08004b0e   0x00000002   Code   RO         3636    i.HAL_TIM_OC_DelayElapsedCallback  stm32f3xx_hal_tim.o
    0x08004b10   0x08004b10   0x00000002   Code   RO         3663    i.HAL_TIM_PWM_PulseFinishedCallback  stm32f3xx_hal_tim.o
    0x08004b12   0x08004b12   0x00000002   PAD
    0x08004b14   0x08004b14   0x0000011c   Code   RO         5467    i.HAL_TIM_PeriodElapsedCallback  program.o
    0x08004c30   0x08004c30   0x00000002   Code   RO         3676    i.HAL_TIM_TriggerCallback  stm32f3xx_hal_tim.o
    0x08004c32   0x08004c32   0x00000002   Code   RO         4598    i.HAL_UARTEx_RxEventCallback  stm32f3xx_hal_uart.o
    0x08004c34   0x08004c34   0x00000002   Code   RO         4614    i.HAL_UART_ErrorCallback  stm32f3xx_hal_uart.o
    0x08004c36   0x08004c36   0x00000074   Code   RO         4618    i.HAL_UART_Init     stm32f3xx_hal_uart.o
    0x08004caa   0x08004caa   0x00000002   PAD
    0x08004cac   0x08004cac   0x000000b4   Code   RO          458    i.HAL_UART_MspInit  usart.o
    0x08004d60   0x08004d60   0x00000050   Code   RO         4622    i.HAL_UART_Receive_DMA  stm32f3xx_hal_uart.o
    0x08004db0   0x08004db0   0x00000002   Code   RO         5552    i.HAL_UART_RxCpltCallback  drv_usart.o
    0x08004db2   0x08004db2   0x00000002   Code   RO         4626    i.HAL_UART_RxHalfCpltCallback  stm32f3xx_hal_uart.o
    0x08004db4   0x08004db4   0x000000ba   Code   RO         4627    i.HAL_UART_Transmit  stm32f3xx_hal_uart.o
    0x08004e6e   0x08004e6e   0x00000080   Code   RO         2940    i.HRTIM_ForceRegistersUpdate  stm32f3xx_hal_hrtim.o
    0x08004eee   0x08004eee   0x00000028   Code   RO         2945    i.HRTIM_MasterBase_Config  stm32f3xx_hal_hrtim.o
    0x08004f16   0x08004f16   0x0000005c   Code   RO         2946    i.HRTIM_MasterWaveform_Config  stm32f3xx_hal_hrtim.o
    0x08004f72   0x08004f72   0x000000f2   Code   RO         2948    i.HRTIM_OutputConfig  stm32f3xx_hal_hrtim.o
    0x08005064   0x08005064   0x00000040   Code   RO         2951    i.HRTIM_TimingUnitBase_Config  stm32f3xx_hal_hrtim.o
    0x080050a4   0x080050a4   0x000001e2   Code   RO         2952    i.HRTIM_TimingUnitWaveform_Config  stm32f3xx_hal_hrtim.o
    0x08005286   0x08005286   0x00000004   Code   RO          505    i.HardFault_Handler  stm32f3xx_it.o
    0x0800528a   0x0800528a   0x00000002   PAD
    0x0800528c   0x0800528c   0x00000040   Code   RO         5395    i.IncrementalPID_Clear  drv_pid.o
    0x080052cc   0x080052cc   0x00000030   Code   RO         5396    i.IncrementalPID_ClearWithoutOutput  drv_pid.o
    0x080052fc   0x080052fc   0x0000010c   Code   RO         5397    i.IncrementalPID_Compute  drv_pid.o
    0x08005408   0x08005408   0x0000003c   Code   RO         5398    i.IncrementalPID_Init  drv_pid.o
    0x08005444   0x08005444   0x00000038   Code   RO         5109    i.LED_OFF           function.o
    0x0800547c   0x0800547c   0x0000003c   Code   RO         5110    i.LED_ON            function.o
    0x080054b8   0x080054b8   0x00000034   Code   RO         5111    i.LED_Toggle        function.o
    0x080054ec   0x080054ec   0x000000f4   Code   RO          261    i.MX_ADC1_Init      adc.o
    0x080055e0   0x080055e0   0x00000048   Code   RO          303    i.MX_CAN_Init       can.o
    0x08005628   0x08005628   0x00000044   Code   RO          343    i.MX_DMA_Init       dma.o
    0x0800566c   0x0800566c   0x000000b0   Code   RO          235    i.MX_GPIO_Init      gpio.o
    0x0800571c   0x0800571c   0x00000258   Code   RO          370    i.MX_HRTIM1_Init    hrtim.o
    0x08005974   0x08005974   0x0000006c   Code   RO          417    i.MX_TIM2_Init      tim.o
    0x080059e0   0x080059e0   0x00000040   Code   RO          459    i.MX_USART2_UART_Init  usart.o
    0x08005a20   0x08005a20   0x00000004   Code   RO          506    i.MemManage_Handler  stm32f3xx_it.o
    0x08005a24   0x08005a24   0x00000004   Code   RO          507    i.NMI_Handler       stm32f3xx_it.o
    0x08005a28   0x08005a28   0x00000002   Code   RO          508    i.PendSV_Handler    stm32f3xx_it.o
    0x08005a2a   0x08005a2a   0x00000002   Code   RO          509    i.SVC_Handler       stm32f3xx_it.o
    0x08005a2c   0x08005a2c   0x000000c8   Code   RO         5112    i.ShortOff          function.o
    0x08005af4   0x08005af4   0x0000003c   Code   RO         5113    i.StateM            function.o
    0x08005b30   0x08005b30   0x00000030   Code   RO         5114    i.StateMErr         function.o
    0x08005b60   0x08005b60   0x00000014   Code   RO         5115    i.StateMInit        function.o
    0x08005b74   0x08005b74   0x000002a0   Code   RO         5116    i.StateMRise        function.o
    0x08005e14   0x08005e14   0x00000014   Code   RO         5117    i.StateMRun         function.o
    0x08005e28   0x08005e28   0x00000044   Code   RO         5118    i.StateMWait        function.o
    0x08005e6c   0x08005e6c   0x00000008   Code   RO          510    i.SysTick_Handler   stm32f3xx_it.o
    0x08005e74   0x08005e74   0x00000084   Code   RO           14    i.SystemClock_Config  main.o
    0x08005ef8   0x08005ef8   0x00000014   Code   RO         5070    i.SystemInit        system_stm32f3xx.o
    0x08005f0c   0x08005f0c   0x00000010   Code   RO          511    i.TIM2_IRQHandler   stm32f3xx_it.o
    0x08005f1c   0x08005f1c   0x00000094   Code   RO         3678    i.TIM_Base_SetConfig  stm32f3xx_hal_tim.o
    0x08005fb0   0x08005fb0   0x00000016   Code   RO         3689    i.TIM_ETR_SetConfig  stm32f3xx_hal_tim.o
    0x08005fc6   0x08005fc6   0x00000012   Code   RO         3690    i.TIM_ITRx_SetConfig  stm32f3xx_hal_tim.o
    0x08005fd8   0x08005fd8   0x00000026   Code   RO         3698    i.TIM_TI1_ConfigInputStage  stm32f3xx_hal_tim.o
    0x08005ffe   0x08005ffe   0x00000028   Code   RO         3700    i.TIM_TI2_ConfigInputStage  stm32f3xx_hal_tim.o
    0x08006026   0x08006026   0x00000002   PAD
    0x08006028   0x08006028   0x00000028   Code   RO         5555    i.UART2_Open        drv_usart.o
    0x08006050   0x08006050   0x000000f8   Code   RO         4632    i.UART_AdvFeatureConfig  stm32f3xx_hal_uart.o
    0x08006148   0x08006148   0x000000e6   Code   RO         4633    i.UART_CheckIdleState  stm32f3xx_hal_uart.o
    0x0800622e   0x0800622e   0x0000005c   Code   RO         4635    i.UART_DMAError     stm32f3xx_hal_uart.o
    0x0800628a   0x0800628a   0x000000ac   Code   RO         4636    i.UART_DMAReceiveCplt  stm32f3xx_hal_uart.o
    0x08006336   0x08006336   0x00000026   Code   RO         4638    i.UART_DMARxHalfCplt  stm32f3xx_hal_uart.o
    0x0800635c   0x0800635c   0x00000066   Code   RO         4644    i.UART_EndRxTransfer  stm32f3xx_hal_uart.o
    0x080063c2   0x080063c2   0x00000020   Code   RO         4646    i.UART_EndTxTransfer  stm32f3xx_hal_uart.o
    0x080063e2   0x080063e2   0x00000002   PAD
    0x080063e4   0x080063e4   0x000001ac   Code   RO         4649    i.UART_SetConfig    stm32f3xx_hal_uart.o
    0x08006590   0x08006590   0x000000c0   Code   RO         4650    i.UART_Start_Receive_DMA  stm32f3xx_hal_uart.o
    0x08006650   0x08006650   0x000000a2   Code   RO         4654    i.UART_WaitOnFlagUntilTimeout  stm32f3xx_hal_uart.o
    0x080066f2   0x080066f2   0x00000004   Code   RO          512    i.UsageFault_Handler  stm32f3xx_it.o
    0x080066f6   0x080066f6   0x00000002   PAD
    0x080066f8   0x080066f8   0x00000024   Code   RO         5277    i.UserADC1_Init     power_calc.o
    0x0800671c   0x0800671c   0x00000024   Code   RO         5120    i.User_HRTIM_init   function.o
    0x08006740   0x08006740   0x00000078   Code   RO         5121    i.ValueInit         function.o
    0x080067b8   0x080067b8   0x00000028   Code   RO         5468    i.WorkInit          program.o
    0x080067e0   0x080067e0   0x00000020   Code   RO         5865    i.__0printf         mc_w.l(printfa.o)
    0x08006800   0x08006800   0x00000010   Code   RO         1541    i.__NVIC_GetPriorityGrouping  stm32f3xx_hal_cortex.o
    0x08006810   0x08006810   0x00000028   Code   RO         1542    i.__NVIC_SetPriority  stm32f3xx_hal_cortex.o
    0x08006838   0x08006838   0x0000000e   Code   RO         5935    i.__scatterload_copy  mc_w.l(handlers.o)
    0x08006846   0x08006846   0x00000002   Code   RO         5936    i.__scatterload_null  mc_w.l(handlers.o)
    0x08006848   0x08006848   0x0000000e   Code   RO         5937    i.__scatterload_zeroinit  mc_w.l(handlers.o)
    0x08006856   0x08006856   0x00000002   PAD
    0x08006858   0x08006858   0x00000184   Code   RO         5872    i._fp_digits        mc_w.l(printfa.o)
    0x080069dc   0x080069dc   0x000006b4   Code   RO         5873    i._printf_core      mc_w.l(printfa.o)
    0x08007090   0x08007090   0x00000024   Code   RO         5874    i._printf_post_padding  mc_w.l(printfa.o)
    0x080070b4   0x080070b4   0x0000002e   Code   RO         5875    i._printf_pre_padding  mc_w.l(printfa.o)
    0x080070e2   0x080070e2   0x00000002   PAD
    0x080070e4   0x080070e4   0x000000d8   Code   RO         5278    i.control_calc      power_calc.o
    0x080071bc   0x080071bc   0x00000030   Code   RO         5558    i.fputc             drv_usart.o
    0x080071ec   0x080071ec   0x0000002c   Code   RO           15    i.main              main.o
    0x08007218   0x08007218   0x00000020   Data   RO         1228    .constdata          stm32f3xx_hal_rcc.o
    0x08007238   0x08007238   0x00000018   Data   RO         5071    .constdata          system_stm32f3xx.o
    0x08007250   0x08007250   0x00000020   Data   RO         5933    Region$$Table       anon$$obj.o


    Execution Region RW_IRAM2 (Exec base: 0x10000000, Load base: 0x080072fc, Size: 0x00000000, Max: 0x00001000, ABSOLUTE)

    **** No section assigned to this execution region ****


    Execution Region RW_IRAM1 (Exec base: 0x20000000, Load base: 0x08007270, Size: 0x00000a80, Max: 0x00003000, ABSOLUTE)

    Exec Addr    Load Addr    Size         Type   Attr      Idx    E Section Name        Object

    0x20000000   0x08007270   0x00000009   Data   RW         1065    .data               stm32f3xx_hal.o
    0x20000009   0x08007279   0x00000003   PAD
    0x2000000c   0x0800727c   0x00000004   Data   RW         5072    .data               system_stm32f3xx.o
    0x20000010   0x08007280   0x00000044   Data   RW         5126    .data               function.o
    0x20000054   0x080072c4   0x0000001c   Data   RW         5280    .data               power_calc.o
    0x20000070   0x080072e0   0x00000004   Data   RW         5469    .data               program.o
    0x20000074   0x080072e4   0x00000012   Data   RW         5507    .data               drv_can.o
    0x20000086   0x080072f6   0x00000002   PAD
    0x20000088   0x080072f8   0x00000004   Data   RW         5911    .data               mc_w.l(stdout.o)
    0x2000008c        -       0x00000094   Zero   RW          262    .bss                adc.o
    0x20000120        -       0x00000028   Zero   RW          304    .bss                can.o
    0x20000148        -       0x000000dc   Zero   RW          371    .bss                hrtim.o
    0x20000224        -       0x0000004c   Zero   RW          418    .bss                tim.o
    0x20000270        -       0x000000cc   Zero   RW          460    .bss                usart.o
    0x2000033c        -       0x0000000e   Zero   RW         5125    .bss                function.o
    0x2000034a   0x080072fc   0x00000002   PAD
    0x2000034c        -       0x000000e4   Zero   RW         5279    .bss                power_calc.o
    0x20000430        -       0x00000224   Zero   RW         5403    .bss                drv_pid.o
    0x20000654        -       0x0000002c   Zero   RW         5559    .bss                drv_usart.o
    0x20000680        -       0x00000400   Zero   RW            1    STACK               startup_stm32f334x8.o


==============================================================================

Image component sizes


      Code (inc. data)   RO Data    RW Data    ZI Data      Debug   Object Name

       484         24          0          0        148       2119   adc.o
       208         20          0          0         40       1755   can.o
        68          4          0          0          0        814   dma.o
       396         44          0         18          0       3589   drv_can.o
       440         18          0          0        548       4735   drv_pid.o
        90         14          0          0         44       2591   drv_usart.o
      1776        270          0         68         14      14615   function.o
       176          8          0          0          0        987   gpio.o
       804         32          0          0        220       2951   hrtim.o
       182          0          0          0          0     780524   main.o
      1884        198          0         28        228       4771   power_calc.o
       324         58          0          4          0       1774   program.o
        36          8        392          0       1024        852   startup_stm32f334x8.o
       192         36          0          9          0      15365   stm32f3xx_hal.o
         6          0          0          0          0       2218   stm32f3xx_hal_adc.o
      3752         82          0          0          0      13936   stm32f3xx_hal_adc_ex.o
      2122          0          0          0          0      14791   stm32f3xx_hal_can.o
       304         22          0          0          0      32923   stm32f3xx_hal_cortex.o
       544          4          0          0          0       4219   stm32f3xx_hal_dma.o
       462         24          0          0          0       2781   stm32f3xx_hal_gpio.o
      2698         30          0          0          0      15382   stm32f3xx_hal_hrtim.o
        64          6          0          0          0        894   stm32f3xx_hal_msp.o
      3540         96         32          0          0       6544   stm32f3xx_hal_rcc.o
       524         12          0          0          0       1528   stm32f3xx_hal_rcc_ex.o
      1228         42          0          0          0      10039   stm32f3xx_hal_tim.o
       154         14          0          0          0       3224   stm32f3xx_hal_tim_ex.o
      2084         56          0          0          0      13561   stm32f3xx_hal_uart.o
       114         30          0          0          0       7055   stm32f3xx_it.o
        20          6         24          4          0       1199   system_stm32f3xx.o
       172         10          0          0         76       1778   tim.o
       244         30          0          0        204       1869   usart.o

    ----------------------------------------------------------------------
     25120       1198        480        136       2548     971383   Object Totals
         0          0         32          0          0          0   (incl. Generated)
        28          0          0          5          2          0   (incl. Padding)

    ----------------------------------------------------------------------

      Code (inc. data)   RO Data    RW Data    ZI Data      Debug   Library Member Name

         0          0          0          0          0          0   entry.o
         0          0          0          0          0          0   entry10a.o
         0          0          0          0          0          0   entry11a.o
         4          0          0          0          0          0   entry12b.o
         8          4          0          0          0          0   entry2.o
         4          0          0          0          0          0   entry5.o
         0          0          0          0          0          0   entry7b.o
         0          0          0          0          0          0   entry8b.o
         8          4          0          0          0          0   entry9a.o
        30          0          0          0          0          0   handlers.o
        36          8          0          0          0         68   init.o
         0          0          0          0          0          0   iusefp.o
        30          0          0          0          0         68   llshl.o
        36          0          0          0          0         68   llsshr.o
        32          0          0          0          0         68   llushr.o
        36          0          0          0          0        108   memseta.o
      2218         90          0          0          0        464   printfa.o
         0          0          0          4          0          0   stdout.o
        44          0          0          0          0         80   uidiv.o
        98          0          0          0          0         92   uldiv.o
        48          0          0          0          0         68   cdrcmple.o
       334          0          0          0          0        148   dadd.o
       222          0          0          0          0        100   ddiv.o
       186          0          0          0          0        176   depilogue.o
        48          0          0          0          0         68   dfixul.o
       228          0          0          0          0         96   dmul.o
        38          0          0          0          0         68   f2d.o

    ----------------------------------------------------------------------
      3696        106          0          4          0       1740   Library Totals
         8          0          0          0          0          0   (incl. Padding)

    ----------------------------------------------------------------------

      Code (inc. data)   RO Data    RW Data    ZI Data      Debug   Library Name

      2584        106          0          4          0       1016   mc_w.l
      1104          0          0          0          0        724   mf_w.l

    ----------------------------------------------------------------------
      3696        106          0          4          0       1740   Library Totals

    ----------------------------------------------------------------------

==============================================================================


      Code (inc. data)   RO Data    RW Data    ZI Data      Debug   

     28816       1304        480        140       2548     955995   Grand Totals
     28816       1304        480        140       2548     955995   ELF Image Totals
     28816       1304        480        140          0          0   ROM Totals

==============================================================================

    Total RO  Size (Code + RO Data)                29296 (  28.61kB)
    Total RW  Size (RW Data + ZI Data)              2688 (   2.63kB)
    Total ROM Size (Code + RO Data + RW Data)      29436 (  28.75kB)

==============================================================================

